<?xml version="1.0"?>
<link_info>
   <banner>MSP430 Linker PC v4.2.1</banner>
   <copyright>Copyright (c) 2003-2013 Texas Instruments Incorporated</copyright>
   <link_time>0x53bb0acf</link_time>
   <link_errors>0x0</link_errors>
   <output_file>ez430_chronos_datalogger_915MHz.out</output_file>
   <entry_point>
      <name>_c_int00</name>
      <address>0xdf54</address>
   </entry_point>
   <input_file_list>
      <input_file id="fl-4">
         <path>.\driver\</path>
         <kind>object</kind>
         <file>radio.obj</file>
         <name>radio.obj</name>
      </input_file>
      <input_file id="fl-5">
         <path>.\driver\</path>
         <kind>object</kind>
         <file>ps.obj</file>
         <name>ps.obj</name>
      </input_file>
      <input_file id="fl-11">
         <path>.\driver\</path>
         <kind>object</kind>
         <file>I2C.obj</file>
         <name>I2C.obj</name>
      </input_file>
      <input_file id="fl-35">
         <path>..\bluerobin\</path>
         <kind>archive</kind>
         <file>BlueRobin_RX_915MHz.lib</file>
         <name>BRRX_Radio.obj</name>
      </input_file>
      <input_file id="fl-36">
         <path>..\bluerobin\</path>
         <kind>archive</kind>
         <file>BlueRobin_RX_915MHz.lib</file>
         <name>BRRX_Timer.obj</name>
      </input_file>
      <input_file id="fl-37">
         <path>..\bluerobin\</path>
         <kind>archive</kind>
         <file>BlueRobin_RX_915MHz.lib</file>
         <name>BRRX_Scheduler.obj</name>
      </input_file>
      <input_file id="fl-38">
         <path>..\bluerobin\</path>
         <kind>archive</kind>
         <file>BlueRobin_RX_915MHz.lib</file>
         <name>BRRX_Resource.obj</name>
      </input_file>
      <input_file id="fl-39">
         <path>..\bluerobin\</path>
         <kind>archive</kind>
         <file>BlueRobin_RX_915MHz.lib</file>
         <name>BRRX_Packet.obj</name>
      </input_file>
      <input_file id="fl-3a">
         <path>..\bluerobin\</path>
         <kind>archive</kind>
         <file>BlueRobin_RX_915MHz.lib</file>
         <name>BRRX_API.obj</name>
      </input_file>
      <input_file id="fl-3b">
         <path>..\bluerobin\</path>
         <kind>archive</kind>
         <file>BlueRobin_RX_915MHz.lib</file>
         <name>BR_Common.obj</name>
      </input_file>
      <input_file id="fl-3c">
         <path>C:\ti\ccsv5\tools\compiler\msp430_4.2.1\lib\</path>
         <kind>archive</kind>
         <file>rts430x.lib</file>
         <name>asr32.obj</name>
      </input_file>
      <input_file id="fl-3d">
         <path>C:\ti\ccsv5\tools\compiler\msp430_4.2.1\lib\</path>
         <kind>archive</kind>
         <file>rts430x.lib</file>
         <name>boot.obj</name>
      </input_file>
      <input_file id="fl-41">
         <path>C:\ti\ccsv5\tools\compiler\msp430_4.2.1\lib\</path>
         <kind>archive</kind>
         <file>rts430x.lib</file>
         <name>cpy_util.obj</name>
      </input_file>
      <input_file id="fl-42">
         <path>C:\ti\ccsv5\tools\compiler\msp430_4.2.1\lib\</path>
         <kind>archive</kind>
         <file>rts430x.lib</file>
         <name>div16s.obj</name>
      </input_file>
      <input_file id="fl-43">
         <path>C:\ti\ccsv5\tools\compiler\msp430_4.2.1\lib\</path>
         <kind>archive</kind>
         <file>rts430x.lib</file>
         <name>div16u.obj</name>
      </input_file>
      <input_file id="fl-44">
         <path>C:\ti\ccsv5\tools\compiler\msp430_4.2.1\lib\</path>
         <kind>archive</kind>
         <file>rts430x.lib</file>
         <name>div32s.obj</name>
      </input_file>
      <input_file id="fl-45">
         <path>C:\ti\ccsv5\tools\compiler\msp430_4.2.1\lib\</path>
         <kind>archive</kind>
         <file>rts430x.lib</file>
         <name>div32u.obj</name>
      </input_file>
      <input_file id="fl-46">
         <path>C:\ti\ccsv5\tools\compiler\msp430_4.2.1\lib\</path>
         <kind>archive</kind>
         <file>rts430x.lib</file>
         <name>exit.obj</name>
      </input_file>
      <input_file id="fl-47">
         <path>C:\ti\ccsv5\tools\compiler\msp430_4.2.1\lib\</path>
         <kind>archive</kind>
         <file>rts430x.lib</file>
         <name>fs_add.obj</name>
      </input_file>
      <input_file id="fl-48">
         <path>C:\ti\ccsv5\tools\compiler\msp430_4.2.1\lib\</path>
         <kind>archive</kind>
         <file>rts430x.lib</file>
         <name>fs_cmp.obj</name>
      </input_file>
      <input_file id="fl-49">
         <path>C:\ti\ccsv5\tools\compiler\msp430_4.2.1\lib\</path>
         <kind>archive</kind>
         <file>rts430x.lib</file>
         <name>fs_div.obj</name>
      </input_file>
      <input_file id="fl-4a">
         <path>C:\ti\ccsv5\tools\compiler\msp430_4.2.1\lib\</path>
         <kind>archive</kind>
         <file>rts430x.lib</file>
         <name>fs_itof.obj</name>
      </input_file>
      <input_file id="fl-4b">
         <path>C:\ti\ccsv5\tools\compiler\msp430_4.2.1\lib\</path>
         <kind>archive</kind>
         <file>rts430x.lib</file>
         <name>fs_mpy.obj</name>
      </input_file>
      <input_file id="fl-4c">
         <path>C:\ti\ccsv5\tools\compiler\msp430_4.2.1\lib\</path>
         <kind>archive</kind>
         <file>rts430x.lib</file>
         <name>fs_tou.obj</name>
      </input_file>
      <input_file id="fl-4d">
         <path>C:\ti\ccsv5\tools\compiler\msp430_4.2.1\lib\</path>
         <kind>archive</kind>
         <file>rts430x.lib</file>
         <name>fs_toul.obj</name>
      </input_file>
      <input_file id="fl-4e">
         <path>C:\ti\ccsv5\tools\compiler\msp430_4.2.1\lib\</path>
         <kind>archive</kind>
         <file>rts430x.lib</file>
         <name>fs_ultof.obj</name>
      </input_file>
      <input_file id="fl-4f">
         <path>C:\ti\ccsv5\tools\compiler\msp430_4.2.1\lib\</path>
         <kind>archive</kind>
         <file>rts430x.lib</file>
         <name>fs_utof.obj</name>
      </input_file>
      <input_file id="fl-50">
         <path>C:\ti\ccsv5\tools\compiler\msp430_4.2.1\lib\</path>
         <kind>archive</kind>
         <file>rts430x.lib</file>
         <name>int45.obj</name>
      </input_file>
      <input_file id="fl-51">
         <path>C:\ti\ccsv5\tools\compiler\msp430_4.2.1\lib\</path>
         <kind>archive</kind>
         <file>rts430x.lib</file>
         <name>int46.obj</name>
      </input_file>
      <input_file id="fl-52">
         <path>C:\ti\ccsv5\tools\compiler\msp430_4.2.1\lib\</path>
         <kind>archive</kind>
         <file>rts430x.lib</file>
         <name>int47.obj</name>
      </input_file>
      <input_file id="fl-53">
         <path>C:\ti\ccsv5\tools\compiler\msp430_4.2.1\lib\</path>
         <kind>archive</kind>
         <file>rts430x.lib</file>
         <name>int49.obj</name>
      </input_file>
      <input_file id="fl-54">
         <path>C:\ti\ccsv5\tools\compiler\msp430_4.2.1\lib\</path>
         <kind>archive</kind>
         <file>rts430x.lib</file>
         <name>int50.obj</name>
      </input_file>
      <input_file id="fl-55">
         <path>C:\ti\ccsv5\tools\compiler\msp430_4.2.1\lib\</path>
         <kind>archive</kind>
         <file>rts430x.lib</file>
         <name>int51.obj</name>
      </input_file>
      <input_file id="fl-56">
         <path>C:\ti\ccsv5\tools\compiler\msp430_4.2.1\lib\</path>
         <kind>archive</kind>
         <file>rts430x.lib</file>
         <name>int52.obj</name>
      </input_file>
      <input_file id="fl-57">
         <path>C:\ti\ccsv5\tools\compiler\msp430_4.2.1\lib\</path>
         <kind>archive</kind>
         <file>rts430x.lib</file>
         <name>int57.obj</name>
      </input_file>
      <input_file id="fl-58">
         <path>C:\ti\ccsv5\tools\compiler\msp430_4.2.1\lib\</path>
         <kind>archive</kind>
         <file>rts430x.lib</file>
         <name>int58.obj</name>
      </input_file>
      <input_file id="fl-59">
         <path>C:\ti\ccsv5\tools\compiler\msp430_4.2.1\lib\</path>
         <kind>archive</kind>
         <file>rts430x.lib</file>
         <name>int59.obj</name>
      </input_file>
      <input_file id="fl-5a">
         <path>C:\ti\ccsv5\tools\compiler\msp430_4.2.1\lib\</path>
         <kind>archive</kind>
         <file>rts430x.lib</file>
         <name>int60.obj</name>
      </input_file>
      <input_file id="fl-5b">
         <path>C:\ti\ccsv5\tools\compiler\msp430_4.2.1\lib\</path>
         <kind>archive</kind>
         <file>rts430x.lib</file>
         <name>int61.obj</name>
      </input_file>
      <input_file id="fl-5c">
         <path>C:\ti\ccsv5\tools\compiler\msp430_4.2.1\lib\</path>
         <kind>archive</kind>
         <file>rts430x.lib</file>
         <name>int62.obj</name>
      </input_file>
      <input_file id="fl-5d">
         <path>C:\ti\ccsv5\tools\compiler\msp430_4.2.1\lib\</path>
         <kind>archive</kind>
         <file>rts430x.lib</file>
         <name>isr_trap.obj</name>
      </input_file>
      <input_file id="fl-5e">
         <path>C:\ti\ccsv5\tools\compiler\msp430_4.2.1\lib\</path>
         <kind>archive</kind>
         <file>rts430x.lib</file>
         <name>lsl32.obj</name>
      </input_file>
      <input_file id="fl-5f">
         <path>C:\ti\ccsv5\tools\compiler\msp430_4.2.1\lib\</path>
         <kind>archive</kind>
         <file>rts430x.lib</file>
         <name>lsr32.obj</name>
      </input_file>
      <input_file id="fl-64">
         <path>C:\ti\ccsv5\tools\compiler\msp430_4.2.1\lib\</path>
         <kind>archive</kind>
         <file>rts430x.lib</file>
         <name>mult16_f5hw.obj</name>
      </input_file>
      <input_file id="fl-65">
         <path>C:\ti\ccsv5\tools\compiler\msp430_4.2.1\lib\</path>
         <kind>archive</kind>
         <file>rts430x.lib</file>
         <name>mult32_f5hw.obj</name>
      </input_file>
      <input_file id="fl-70">
         <path>C:\ti\ccsv5\tools\compiler\msp430_4.2.1\lib\</path>
         <kind>archive</kind>
         <file>rts430x.lib</file>
         <name>args_main.obj</name>
      </input_file>
      <input_file id="fl-71">
         <path>C:\ti\ccsv5\tools\compiler\msp430_4.2.1\lib\</path>
         <kind>archive</kind>
         <file>rts430x.lib</file>
         <name>autoinit.obj</name>
      </input_file>
      <input_file id="fl-74">
         <path>C:\ti\ccsv5\tools\compiler\msp430_4.2.1\lib\</path>
         <kind>archive</kind>
         <file>rts430x.lib</file>
         <name>fs_ltof.obj</name>
      </input_file>
      <input_file id="fl-75">
         <path>C:\ti\ccsv5\tools\compiler\msp430_4.2.1\lib\</path>
         <kind>archive</kind>
         <file>rts430x.lib</file>
         <name>fs_neg.obj</name>
      </input_file>
      <input_file id="fl-76">
         <path>C:\ti\ccsv5\tools\compiler\msp430_4.2.1\lib\</path>
         <kind>archive</kind>
         <file>rts430x.lib</file>
         <name>fs_toi.obj</name>
      </input_file>
      <input_file id="fl-77">
         <path>C:\ti\ccsv5\tools\compiler\msp430_4.2.1\lib\</path>
         <kind>archive</kind>
         <file>rts430x.lib</file>
         <name>fs_tol.obj</name>
      </input_file>
      <input_file id="fl-79">
         <path>C:\ti\ccsv5\tools\compiler\msp430_4.2.1\lib\</path>
         <kind>archive</kind>
         <file>rts430x.lib</file>
         <name>lsl16.obj</name>
      </input_file>
      <input_file id="fl-7a">
         <path>C:\ti\ccsv5\tools\compiler\msp430_4.2.1\lib\</path>
         <kind>archive</kind>
         <file>rts430x.lib</file>
         <name>lsr16.obj</name>
      </input_file>
      <input_file id="fl-7f">
         <path>C:\Users\Bruno\AppData\Local\Temp\</path>
         <kind>object</kind>
         <file>064962</file>
         <name>064962</name>
      </input_file>
      <input_file id="fl-80">
         <path>C:\ti\ccsv5\tools\compiler\msp430_4.2.1\lib\</path>
         <kind>archive</kind>
         <file>rts430x.lib</file>
         <name>copy_decompress_none.obj</name>
      </input_file>
      <input_file id="fl-81">
         <path>C:\ti\ccsv5\tools\compiler\msp430_4.2.1\lib\</path>
         <kind>archive</kind>
         <file>rts430x.lib</file>
         <name>copy_decompress_rle.obj</name>
      </input_file>
      <input_file id="fl-82">
         <path>C:\ti\ccsv5\tools\compiler\msp430_4.2.1\lib\</path>
         <kind>archive</kind>
         <file>rts430x.lib</file>
         <name>copy_zero_init.obj</name>
      </input_file>
   </input_file_list>
   <object_component_list>
      <object_component id="oc-7b">
         <name>.bss</name>
         <uninitialized>true</uninitialized>
         <run_address>0x1ece</run_address>
         <size>0x45</size>
         <input_file_ref idref="fl-5"/>
      </object_component>
      <object_component id="oc-84">
         <name>.bss</name>
         <uninitialized>true</uninitialized>
         <run_address>0x204e</run_address>
         <size>0x6</size>
         <input_file_ref idref="fl-35"/>
      </object_component>
      <object_component id="oc-89">
         <name>.bss</name>
         <uninitialized>true</uninitialized>
         <run_address>0x2026</run_address>
         <size>0x8</size>
         <input_file_ref idref="fl-36"/>
      </object_component>
      <object_component id="oc-8e">
         <name>.bss</name>
         <uninitialized>true</uninitialized>
         <run_address>0x1fd4</run_address>
         <size>0xc</size>
         <input_file_ref idref="fl-37"/>
      </object_component>
      <object_component id="oc-93">
         <name>.bss</name>
         <uninitialized>true</uninitialized>
         <run_address>0x1f6e</run_address>
         <size>0x1c</size>
         <input_file_ref idref="fl-38"/>
      </object_component>
      <object_component id="oc-98">
         <name>.bss</name>
         <uninitialized>true</uninitialized>
         <run_address>0x2066</run_address>
         <size>0x5</size>
         <input_file_ref idref="fl-39"/>
      </object_component>
      <object_component id="oc-9d">
         <name>.bss</name>
         <uninitialized>true</uninitialized>
         <run_address>0x2070</run_address>
         <size>0x4</size>
         <input_file_ref idref="fl-3a"/>
      </object_component>
      <object_component id="oc-a1">
         <name>.bss</name>
         <uninitialized>true</uninitialized>
         <run_address>0x1fe0</run_address>
         <size>0xa</size>
         <input_file_ref idref="fl-3b"/>
      </object_component>
      <object_component id="oc-a8">
         <name>.bss</name>
         <uninitialized>true</uninitialized>
         <run_address>0x203e</run_address>
         <size>0x8</size>
         <input_file_ref idref="fl-3d"/>
      </object_component>
      <object_component id="oc-11e">
         <name>.bss</name>
         <uninitialized>true</uninitialized>
         <run_address>0x1fa4</run_address>
         <size>0x11</size>
         <input_file_ref idref="fl-2f"/>
      </object_component>
      <object_component id="oc-11f">
         <name>.bss</name>
         <uninitialized>true</uninitialized>
         <run_address>0x2008</run_address>
         <size>0xa</size>
         <input_file_ref idref="fl-6"/>
      </object_component>
      <object_component id="oc-120">
         <name>.bss</name>
         <uninitialized>true</uninitialized>
         <run_address>0x1fc6</run_address>
         <size>0xe</size>
         <input_file_ref idref="fl-1a"/>
      </object_component>
      <object_component id="oc-121">
         <name>.bss</name>
         <uninitialized>true</uninitialized>
         <run_address>0x205a</run_address>
         <size>0x6</size>
         <input_file_ref idref="fl-1c"/>
      </object_component>
      <object_component id="oc-122">
         <name>.bss</name>
         <uninitialized>true</uninitialized>
         <run_address>0x1e28</run_address>
         <size>0x5e</size>
         <input_file_ref idref="fl-9"/>
      </object_component>
      <object_component id="oc-123">
         <name>.bss</name>
         <uninitialized>true</uninitialized>
         <run_address>0x1e86</run_address>
         <size>0x48</size>
         <input_file_ref idref="fl-15"/>
      </object_component>
      <object_component id="oc-124">
         <name>.bss</name>
         <uninitialized>true</uninitialized>
         <run_address>0x2046</run_address>
         <size>0x7</size>
         <input_file_ref idref="fl-2"/>
      </object_component>
      <object_component id="oc-125">
         <name>.bss</name>
         <uninitialized>true</uninitialized>
         <run_address>0x202e</run_address>
         <size>0x8</size>
         <input_file_ref idref="fl-c"/>
      </object_component>
      <object_component id="oc-126">
         <name>.bss</name>
         <uninitialized>true</uninitialized>
         <run_address>0x1f8a</run_address>
         <size>0x1a</size>
         <input_file_ref idref="fl-d"/>
      </object_component>
      <object_component id="oc-127">
         <name>.bss</name>
         <uninitialized>true</uninitialized>
         <run_address>0x1f13</run_address>
         <size>0x1</size>
         <input_file_ref idref="fl-f"/>
      </object_component>
      <object_component id="oc-128">
         <name>.bss</name>
         <uninitialized>true</uninitialized>
         <run_address>0x207c</run_address>
         <size>0x3</size>
         <input_file_ref idref="fl-10"/>
      </object_component>
      <object_component id="oc-129">
         <name>.bss</name>
         <uninitialized>true</uninitialized>
         <run_address>0x1fb6</run_address>
         <size>0x10</size>
         <input_file_ref idref="fl-1d"/>
      </object_component>
      <object_component id="oc-12a">
         <name>.bss</name>
         <uninitialized>true</uninitialized>
         <run_address>0x206b</run_address>
         <size>0x5</size>
         <input_file_ref idref="fl-14"/>
      </object_component>
      <object_component id="oc-12b">
         <name>.bss</name>
         <uninitialized>true</uninitialized>
         <run_address>0x2060</run_address>
         <size>0x6</size>
         <input_file_ref idref="fl-18"/>
      </object_component>
      <object_component id="oc-12c">
         <name>.bss</name>
         <uninitialized>true</uninitialized>
         <run_address>0x1d3c</run_address>
         <size>0x88</size>
         <input_file_ref idref="fl-19"/>
      </object_component>
      <object_component id="oc-12d">
         <name>.bss</name>
         <uninitialized>true</uninitialized>
         <run_address>0x2025</run_address>
         <size>0x1</size>
         <input_file_ref idref="fl-16"/>
      </object_component>
      <object_component id="oc-12e">
         <name>.bss</name>
         <uninitialized>true</uninitialized>
         <run_address>0x2074</run_address>
         <size>0x4</size>
         <input_file_ref idref="fl-17"/>
      </object_component>
      <object_component id="oc-130">
         <name>.bss</name>
         <uninitialized>true</uninitialized>
         <run_address>0x1fea</run_address>
         <size>0xa</size>
         <input_file_ref idref="fl-1b"/>
      </object_component>
      <object_component id="oc-131">
         <name>.bss</name>
         <uninitialized>true</uninitialized>
         <run_address>0x2054</run_address>
         <size>0x6</size>
         <input_file_ref idref="fl-1e"/>
      </object_component>
      <object_component id="oc-132">
         <name>.bss</name>
         <uninitialized>true</uninitialized>
         <run_address>0x1fb5</run_address>
         <size>0x1</size>
         <input_file_ref idref="fl-25"/>
      </object_component>
      <object_component id="oc-133">
         <name>.bss</name>
         <uninitialized>true</uninitialized>
         <run_address>0x1f6d</run_address>
         <size>0x1</size>
         <input_file_ref idref="fl-20"/>
      </object_component>
      <object_component id="oc-134">
         <name>.bss</name>
         <uninitialized>true</uninitialized>
         <run_address>0x1f14</run_address>
         <size>0x3c</size>
         <input_file_ref idref="fl-22"/>
      </object_component>
      <object_component id="oc-137">
         <name>.bss</name>
         <uninitialized>true</uninitialized>
         <run_address>0x2012</run_address>
         <size>0x9</size>
         <input_file_ref idref="fl-23"/>
      </object_component>
      <object_component id="oc-138">
         <name>.bss</name>
         <uninitialized>true</uninitialized>
         <run_address>0x1ff4</run_address>
         <size>0xa</size>
         <input_file_ref idref="fl-24"/>
      </object_component>
      <object_component id="oc-13a">
         <name>.bss</name>
         <uninitialized>true</uninitialized>
         <run_address>0x1cb0</run_address>
         <size>0x8c</size>
         <input_file_ref idref="fl-26"/>
      </object_component>
      <object_component id="oc-13b">
         <name>.bss</name>
         <uninitialized>true</uninitialized>
         <run_address>0x1f50</run_address>
         <size>0x1d</size>
         <input_file_ref idref="fl-27"/>
      </object_component>
      <object_component id="oc-13c">
         <name>.bss</name>
         <uninitialized>true</uninitialized>
         <run_address>0x201b</run_address>
         <size>0x1</size>
         <input_file_ref idref="fl-29"/>
      </object_component>
      <object_component id="oc-13d">
         <name>.bss</name>
         <uninitialized>true</uninitialized>
         <run_address>0x2080</run_address>
         <size>0x3</size>
         <input_file_ref idref="fl-2a"/>
      </object_component>
      <object_component id="oc-13e">
         <name>.bss</name>
         <uninitialized>true</uninitialized>
         <run_address>0x1ffe</run_address>
         <size>0xa</size>
         <input_file_ref idref="fl-2b"/>
      </object_component>
      <object_component id="oc-13f">
         <name>.bss</name>
         <uninitialized>true</uninitialized>
         <run_address>0x201c</run_address>
         <size>0x9</size>
         <input_file_ref idref="fl-2c"/>
      </object_component>
      <object_component id="oc-140">
         <name>.bss</name>
         <uninitialized>true</uninitialized>
         <run_address>0x1dc4</run_address>
         <size>0x64</size>
         <input_file_ref idref="fl-6e"/>
      </object_component>
      <object_component id="oc-142">
         <name>.bss</name>
         <uninitialized>true</uninitialized>
         <run_address>0x2084</run_address>
         <size>0x2</size>
         <input_file_ref idref="fl-72"/>
      </object_component>
      <object_component id="oc-143">
         <name>.bss</name>
         <uninitialized>true</uninitialized>
         <run_address>0x2036</run_address>
         <size>0x8</size>
         <input_file_ref idref="fl-6f"/>
      </object_component>
      <object_component id="oc-144">
         <name>.bss</name>
         <uninitialized>true</uninitialized>
         <run_address>0x2078</run_address>
         <size>0x4</size>
         <input_file_ref idref="fl-73"/>
      </object_component>
      <object_component id="oc-146">
         <name>.bss</name>
         <uninitialized>true</uninitialized>
         <run_address>0x1c00</run_address>
         <size>0xb0</size>
         <input_file_ref idref="fl-7c"/>
      </object_component>
      <object_component id="oc-aa">
         <name>.stack</name>
         <uninitialized>true</uninitialized>
         <run_address>0x2bac</run_address>
         <size>0x2</size>
         <input_file_ref idref="fl-3d"/>
      </object_component>
      <object_component id="oc-249">
         <name>.stack</name>
         <uninitialized>true</uninitialized>
         <run_address>0x2bac</run_address>
         <size>0x0</size>
      </object_component>
      <object_component id="oc-199">
         <name>.text:conv_pa_to_meter</name>
         <load_address>0x9e00</load_address>
         <run_address>0x9e00</run_address>
         <size>0x294</size>
         <input_file_ref idref="fl-5"/>
      </object_component>
      <object_component id="oc-19f">
         <name>.text:BRRX__Scheduler_v</name>
         <load_address>0xa094</load_address>
         <run_address>0xa094</run_address>
         <size>0x27c</size>
         <input_file_ref idref="fl-37"/>
      </object_component>
      <object_component id="oc-15f">
         <name>.text:_isr:TIMER0_A0_ISR</name>
         <load_address>0xa310</load_address>
         <run_address>0xa310</run_address>
         <size>0x24a</size>
         <input_file_ref idref="fl-2"/>
      </object_component>
      <object_component id="oc-157">
         <name>.text:_isr:PORT2_ISR</name>
         <load_address>0xa55a</load_address>
         <run_address>0xa55a</run_address>
         <size>0x20e</size>
         <input_file_ref idref="fl-6"/>
      </object_component>
      <object_component id="oc-190">
         <name>.text:update_pressure_table</name>
         <load_address>0xa768</load_address>
         <run_address>0xa768</run_address>
         <size>0x1d6</size>
         <input_file_ref idref="fl-5"/>
      </object_component>
      <object_component id="oc-163">
         <name>.text:display_time</name>
         <load_address>0xa93e</load_address>
         <run_address>0xa93e</run_address>
         <size>0x1b2</size>
         <input_file_ref idref="fl-1a"/>
      </object_component>
      <object_component id="oc-198">
         <name>.text:bmp_ps_get_pa</name>
         <load_address>0xaaf0</load_address>
         <run_address>0xaaf0</run_address>
         <size>0x192</size>
         <input_file_ref idref="fl-d"/>
      </object_component>
      <object_component id="oc-1eb">
         <name>.text:smpl_send_link_reply$38</name>
         <load_address>0xac82</load_address>
         <run_address>0xac82</run_address>
         <size>0x164</size>
         <input_file_ref idref="fl-2b"/>
      </object_component>
      <object_component id="oc-171">
         <name>.text:init_application</name>
         <load_address>0xade6</load_address>
         <run_address>0xade6</run_address>
         <size>0x160</size>
         <input_file_ref idref="fl-2f"/>
      </object_component>
      <object_component id="oc-1e4">
         <name>.text:MRFI_Transmit</name>
         <load_address>0xaf46</load_address>
         <run_address>0xaf46</run_address>
         <size>0x14c</size>
         <input_file_ref idref="fl-22"/>
      </object_component>
      <object_component id="oc-19e">
         <name>.text:Mrfi_SyncPinRxIsr$29</name>
         <load_address>0xb092</load_address>
         <run_address>0xb092</run_address>
         <size>0x13a</size>
         <input_file_ref idref="fl-22"/>
      </object_component>
      <object_component id="oc-175">
         <name>.text:do_altitude_measurement</name>
         <load_address>0xb1cc</load_address>
         <run_address>0xb1cc</run_address>
         <size>0x138</size>
         <input_file_ref idref="fl-1d"/>
      </object_component>
      <object_component id="oc-c6">
         <name>.text</name>
         <load_address>0xb304</load_address>
         <run_address>0xb304</run_address>
         <size>0x130</size>
         <input_file_ref idref="fl-47"/>
      </object_component>
      <object_component id="oc-1c4">
         <name>.text:PacketMissed_v</name>
         <load_address>0xb434</load_address>
         <run_address>0xb434</run_address>
         <size>0x11e</size>
         <input_file_ref idref="fl-37"/>
      </object_component>
      <object_component id="oc-174">
         <name>.text:wakeup_event</name>
         <load_address>0xb552</load_address>
         <run_address>0xb552</run_address>
         <size>0x11a</size>
         <input_file_ref idref="fl-2f"/>
      </object_component>
      <object_component id="oc-19a">
         <name>.text:datalog_sm</name>
         <load_address>0xb66c</load_address>
         <run_address>0xb66c</run_address>
         <size>0x10e</size>
         <input_file_ref idref="fl-19"/>
      </object_component>
      <object_component id="oc-1be">
         <name>.text:dispatchFrame$31</name>
         <load_address>0xb77a</load_address>
         <run_address>0xb77a</run_address>
         <size>0x104</size>
         <input_file_ref idref="fl-24"/>
      </object_component>
      <object_component id="oc-178">
         <name>.text:display_update</name>
         <load_address>0xb87e</load_address>
         <run_address>0xb87e</run_address>
         <size>0x104</size>
         <input_file_ref idref="fl-2f"/>
      </object_component>
      <object_component id="oc-172">
         <name>.text:init_global_variables</name>
         <load_address>0xb982</load_address>
         <run_address>0xb982</run_address>
         <size>0x104</size>
         <input_file_ref idref="fl-2f"/>
      </object_component>
      <object_component id="oc-18a">
         <name>.text:bmp_ps_init</name>
         <load_address>0xba86</load_address>
         <run_address>0xba86</run_address>
         <size>0xe6</size>
         <input_file_ref idref="fl-d"/>
      </object_component>
      <object_component id="oc-176">
         <name>.text:do_datalog</name>
         <load_address>0xbb6c</load_address>
         <run_address>0xbb6c</run_address>
         <size>0xe4</size>
         <input_file_ref idref="fl-19"/>
      </object_component>
      <object_component id="oc-1ee">
         <name>.text:nwk_allocateLocalRxPort</name>
         <load_address>0xbc50</load_address>
         <run_address>0xbc50</run_address>
         <size>0xd2</size>
         <input_file_ref idref="fl-27"/>
      </object_component>
      <object_component id="oc-182">
         <name>.text:display_chars</name>
         <load_address>0xbd22</load_address>
         <run_address>0xbd22</run_address>
         <size>0xce</size>
         <input_file_ref idref="fl-9"/>
      </object_component>
      <object_component id="oc-1df">
         <name>.text:nwk_processLink</name>
         <load_address>0xbdf0</load_address>
         <run_address>0xbdf0</run_address>
         <size>0xcc</size>
         <input_file_ref idref="fl-2b"/>
      </object_component>
      <object_component id="oc-185">
         <name>.text:int_to_array</name>
         <load_address>0xbebc</load_address>
         <run_address>0xbebc</run_address>
         <size>0xbe</size>
         <input_file_ref idref="fl-9"/>
      </object_component>
      <object_component id="oc-17e">
         <name>.text:add_day</name>
         <load_address>0xbf7a</load_address>
         <run_address>0xbf7a</run_address>
         <size>0xbc</size>
         <input_file_ref idref="fl-18"/>
      </object_component>
      <object_component id="oc-1c7">
         <name>.text:SearchPacketHit_u8</name>
         <load_address>0xc036</load_address>
         <run_address>0xc036</run_address>
         <size>0xb6</size>
         <input_file_ref idref="fl-37"/>
      </object_component>
      <object_component id="oc-d6">
         <name>.text</name>
         <load_address>0xc0ec</load_address>
         <run_address>0xc0ec</run_address>
         <size>0xb6</size>
         <input_file_ref idref="fl-4b"/>
      </object_component>
      <object_component id="oc-177">
         <name>.text:battery_measurement</name>
         <load_address>0xc1a2</load_address>
         <run_address>0xc1a2</run_address>
         <size>0xb4</size>
         <input_file_ref idref="fl-1c"/>
      </object_component>
      <object_component id="oc-18c">
         <name>.text:read_calibration_values</name>
         <load_address>0xc256</load_address>
         <run_address>0xc256</run_address>
         <size>0xac</size>
         <input_file_ref idref="fl-2f"/>
      </object_component>
      <object_component id="oc-1b2">
         <name>.text:datalog_write_buffer</name>
         <load_address>0xc302</load_address>
         <run_address>0xc302</run_address>
         <size>0xaa</size>
         <input_file_ref idref="fl-19"/>
      </object_component>
      <object_component id="oc-1a9">
         <name>.text:Strobe</name>
         <load_address>0xc3ac</load_address>
         <run_address>0xc3ac</run_address>
         <size>0xa4</size>
         <input_file_ref idref="fl-3"/>
      </object_component>
      <object_component id="oc-16b">
         <name>.text:display_Smart</name>
         <load_address>0xc450</load_address>
         <run_address>0xc450</run_address>
         <size>0x9e</size>
         <input_file_ref idref="fl-14"/>
      </object_component>
      <object_component id="oc-ce">
         <name>.text</name>
         <load_address>0xc4ee</load_address>
         <run_address>0xc4ee</run_address>
         <size>0x8e</size>
         <input_file_ref idref="fl-49"/>
      </object_component>
      <object_component id="oc-19b">
         <name>.text:i2c_sda</name>
         <load_address>0xc57c</load_address>
         <run_address>0xc57c</run_address>
         <size>0x8c</size>
         <input_file_ref idref="fl-11"/>
      </object_component>
      <object_component id="oc-1ad">
         <name>.text:ps_i2c_sda</name>
         <load_address>0xc608</load_address>
         <run_address>0xc608</run_address>
         <size>0x8c</size>
         <input_file_ref idref="fl-5"/>
      </object_component>
      <object_component id="oc-1e9">
         <name>.text:nwk_buildFrame</name>
         <load_address>0xc694</load_address>
         <run_address>0xc694</run_address>
         <size>0x8a</size>
         <input_file_ref idref="fl-24"/>
      </object_component>
      <object_component id="oc-187">
         <name>.text:SetVCore</name>
         <load_address>0xc71e</load_address>
         <run_address>0xc71e</run_address>
         <size>0x88</size>
         <input_file_ref idref="fl-7"/>
      </object_component>
      <object_component id="oc-1d7">
         <name>.text:GetData_v</name>
         <load_address>0xc7a6</load_address>
         <run_address>0xc7a6</run_address>
         <size>0x86</size>
         <input_file_ref idref="fl-37"/>
      </object_component>
      <object_component id="oc-110">
         <name>.text</name>
         <load_address>0xc82c</load_address>
         <run_address>0xc82c</run_address>
         <size>0x7e</size>
         <input_file_ref idref="fl-77"/>
      </object_component>
      <object_component id="oc-1e6">
         <name>.text:TrimACLK_Offset_v</name>
         <load_address>0xc8aa</load_address>
         <run_address>0xc8aa</run_address>
         <size>0x7c</size>
         <input_file_ref idref="fl-37"/>
      </object_component>
      <object_component id="oc-1d4">
         <name>.text:nwk_sendAckReply</name>
         <load_address>0xc926</load_address>
         <run_address>0xc926</run_address>
         <size>0x7c</size>
         <input_file_ref idref="fl-24"/>
      </object_component>
      <object_component id="oc-18e">
         <name>.text:start_altitude_measurement</name>
         <load_address>0xc9a2</load_address>
         <run_address>0xc9a2</run_address>
         <size>0x7a</size>
         <input_file_ref idref="fl-1d"/>
      </object_component>
      <object_component id="oc-1ed">
         <name>.text:nwk_getNextConnection</name>
         <load_address>0xca1c</load_address>
         <run_address>0xca1c</run_address>
         <size>0x78</size>
         <input_file_ref idref="fl-27"/>
      </object_component>
      <object_component id="oc-1bd">
         <name>.text:nwk_QfindSlot</name>
         <load_address>0xca94</load_address>
         <run_address>0xca94</run_address>
         <size>0x76</size>
         <input_file_ref idref="fl-26"/>
      </object_component>
      <object_component id="oc-1bf">
         <name>.text:mrfiRadioInterfaceCmdStrobe</name>
         <load_address>0xcb0a</load_address>
         <run_address>0xcb0a</run_address>
         <size>0x74</size>
         <input_file_ref idref="fl-22"/>
      </object_component>
      <object_component id="oc-1a5">
         <name>.text:display_char</name>
         <load_address>0xcb7e</load_address>
         <run_address>0xcb7e</run_address>
         <size>0x72</size>
         <input_file_ref idref="fl-9"/>
      </object_component>
      <object_component id="oc-194">
         <name>.text:ps_read_register</name>
         <load_address>0xcbf0</load_address>
         <run_address>0xcbf0</run_address>
         <size>0x72</size>
         <input_file_ref idref="fl-5"/>
      </object_component>
      <object_component id="oc-1a1">
         <name>.text:BRRX_RadioReceive_v</name>
         <load_address>0xcc62</load_address>
         <run_address>0xcc62</run_address>
         <size>0x6e</size>
         <input_file_ref idref="fl-35"/>
      </object_component>
      <object_component id="oc-15b">
         <name>.text:main</name>
         <load_address>0xccd0</load_address>
         <run_address>0xccd0</run_address>
         <size>0x6c</size>
         <input_file_ref idref="fl-2f"/>
      </object_component>
      <object_component id="oc-1cb">
         <name>.text:ResetTXCB_v</name>
         <load_address>0xcd3c</load_address>
         <run_address>0xcd3c</run_address>
         <size>0x6a</size>
         <input_file_ref idref="fl-3a"/>
      </object_component>
      <object_component id="oc-196">
         <name>.text:cma_ps_get_pa</name>
         <load_address>0xcda6</load_address>
         <run_address>0xcda6</run_address>
         <size>0x6a</size>
         <input_file_ref idref="fl-a"/>
      </object_component>
      <object_component id="oc-10c">
         <name>.text</name>
         <load_address>0xce10</load_address>
         <run_address>0xce10</run_address>
         <size>0x68</size>
         <input_file_ref idref="fl-76"/>
      </object_component>
      <object_component id="oc-15e">
         <name>.text:_isr:TIMER0_A1_5_ISR</name>
         <load_address>0xce78</load_address>
         <run_address>0xce78</run_address>
         <size>0x66</size>
         <input_file_ref idref="fl-2"/>
      </object_component>
      <object_component id="oc-1de">
         <name>.text:nwk_processPing</name>
         <load_address>0xcede</load_address>
         <run_address>0xcede</run_address>
         <size>0x66</size>
         <input_file_ref idref="fl-29"/>
      </object_component>
      <object_component id="oc-18b">
         <name>.text:cma_ps_init</name>
         <load_address>0xcf44</load_address>
         <run_address>0xcf44</run_address>
         <size>0x64</size>
         <input_file_ref idref="fl-a"/>
      </object_component>
      <object_component id="oc-17c">
         <name>.text:MRFI_RadioIsr</name>
         <load_address>0xcfa8</load_address>
         <run_address>0xcfa8</run_address>
         <size>0x62</size>
         <input_file_ref idref="fl-22"/>
      </object_component>
      <object_component id="oc-19d">
         <name>.text:BRRX_PacketEndTimerTask_v</name>
         <load_address>0xd00a</load_address>
         <run_address>0xd00a</run_address>
         <size>0x5e</size>
         <input_file_ref idref="fl-35"/>
      </object_component>
      <object_component id="oc-16e">
         <name>.text:toggle_buzzer</name>
         <load_address>0xd068</load_address>
         <run_address>0xd068</run_address>
         <size>0x5c</size>
         <input_file_ref idref="fl-c"/>
      </object_component>
      <object_component id="oc-1d9">
         <name>.text:PrepareForFirstPacket_v</name>
         <load_address>0xd0c4</load_address>
         <run_address>0xd0c4</run_address>
         <size>0x5a</size>
         <input_file_ref idref="fl-37"/>
      </object_component>
      <object_component id="oc-192">
         <name>.text:clear_line</name>
         <load_address>0xd11e</load_address>
         <run_address>0xd11e</run_address>
         <size>0x58</size>
         <input_file_ref idref="fl-9"/>
      </object_component>
      <object_component id="oc-197">
         <name>.text:ps_write_register</name>
         <load_address>0xd176</load_address>
         <run_address>0xd176</run_address>
         <size>0x58</size>
         <input_file_ref idref="fl-5"/>
      </object_component>
      <object_component id="oc-be">
         <name>.text</name>
         <load_address>0xd1ce</load_address>
         <run_address>0xd1ce</run_address>
         <size>0x58</size>
         <input_file_ref idref="fl-45"/>
      </object_component>
      <object_component id="oc-1a7">
         <name>.text:write_lcd_mem</name>
         <load_address>0xd226</load_address>
         <run_address>0xd226</run_address>
         <size>0x58</size>
         <input_file_ref idref="fl-9"/>
      </object_component>
      <object_component id="oc-1d8">
         <name>.text:BRRX__StartNewSearch_v</name>
         <load_address>0xd27e</load_address>
         <run_address>0xd27e</run_address>
         <size>0x52</size>
         <input_file_ref idref="fl-37"/>
      </object_component>
      <object_component id="oc-1c6">
         <name>.text:TestStartTime_v</name>
         <load_address>0xd2d0</load_address>
         <run_address>0xd2d0</run_address>
         <size>0x52</size>
         <input_file_ref idref="fl-37"/>
      </object_component>
      <object_component id="oc-1ae">
         <name>.text:ps_i2c_read</name>
         <load_address>0xd322</load_address>
         <run_address>0xd322</run_address>
         <size>0x52</size>
         <input_file_ref idref="fl-5"/>
      </object_component>
      <object_component id="oc-16d">
         <name>.text:Timer0_A4_Delay</name>
         <load_address>0xd374</load_address>
         <run_address>0xd374</run_address>
         <size>0x50</size>
         <input_file_ref idref="fl-2"/>
      </object_component>
      <object_component id="oc-193">
         <name>.text:cma_ps_get_temp</name>
         <load_address>0xd3c4</load_address>
         <run_address>0xd3c4</run_address>
         <size>0x50</size>
         <input_file_ref idref="fl-a"/>
      </object_component>
      <object_component id="oc-1c1">
         <name>.text:SearchPacketCheck_u8</name>
         <load_address>0xd414</load_address>
         <run_address>0xd414</run_address>
         <size>0x4c</size>
         <input_file_ref idref="fl-37"/>
      </object_component>
      <object_component id="oc-de">
         <name>.text</name>
         <load_address>0xd460</load_address>
         <run_address>0xd460</run_address>
         <size>0x4c</size>
         <input_file_ref idref="fl-4d"/>
      </object_component>
      <object_component id="oc-ca">
         <name>.text</name>
         <load_address>0xd4ac</load_address>
         <run_address>0xd4ac</run_address>
         <size>0x4a</size>
         <input_file_ref idref="fl-48"/>
      </object_component>
      <object_component id="oc-104">
         <name>.text</name>
         <load_address>0xd4f6</load_address>
         <run_address>0xd4f6</run_address>
         <size>0x4a</size>
         <input_file_ref idref="fl-74"/>
      </object_component>
      <object_component id="oc-15a">
         <name>.text:_auto_init</name>
         <load_address>0xd540</load_address>
         <run_address>0xd540</run_address>
         <size>0x48</size>
         <input_file_ref idref="fl-71"/>
      </object_component>
      <object_component id="oc-1db">
         <name>.text:BR__CalcRandomTimeOffset_u16</name>
         <load_address>0xd588</load_address>
         <run_address>0xd588</run_address>
         <size>0x46</size>
         <input_file_ref idref="fl-3b"/>
      </object_component>
      <object_component id="oc-1b6">
         <name>.text:ReadBurstReg</name>
         <load_address>0xd5ce</load_address>
         <run_address>0xd5ce</run_address>
         <size>0x46</size>
         <input_file_ref idref="fl-3"/>
      </object_component>
      <object_component id="oc-179">
         <name>.text:i2c_write_register</name>
         <load_address>0xd614</load_address>
         <run_address>0xd614</run_address>
         <size>0x46</size>
         <input_file_ref idref="fl-11"/>
      </object_component>
      <object_component id="oc-1e3">
         <name>.text:nwk_processMgmt</name>
         <load_address>0xd65a</load_address>
         <run_address>0xd65a</run_address>
         <size>0x46</size>
         <input_file_ref idref="fl-2a"/>
      </object_component>
      <object_component id="oc-da">
         <name>.text</name>
         <load_address>0xd6a0</load_address>
         <run_address>0xd6a0</run_address>
         <size>0x46</size>
         <input_file_ref idref="fl-4c"/>
      </object_component>
      <object_component id="oc-191">
         <name>.text:flash_erase_page</name>
         <load_address>0xd6e6</load_address>
         <run_address>0xd6e6</run_address>
         <size>0x44</size>
         <input_file_ref idref="fl-8"/>
      </object_component>
      <object_component id="oc-1b8">
         <name>.text:mrfiRadioInterfaceReadReg</name>
         <load_address>0xd72a</load_address>
         <run_address>0xd72a</run_address>
         <size>0x44</size>
         <input_file_ref idref="fl-22"/>
      </object_component>
      <object_component id="oc-19c">
         <name>.text:i2c_write</name>
         <load_address>0xd76e</load_address>
         <run_address>0xd76e</run_address>
         <size>0x42</size>
         <input_file_ref idref="fl-11"/>
      </object_component>
      <object_component id="oc-1af">
         <name>.text:ps_i2c_write</name>
         <load_address>0xd7b0</load_address>
         <run_address>0xd7b0</run_address>
         <size>0x42</size>
         <input_file_ref idref="fl-5"/>
      </object_component>
      <object_component id="oc-ba">
         <name>.text</name>
         <load_address>0xd7f2</load_address>
         <run_address>0xd7f2</run_address>
         <size>0x40</size>
         <input_file_ref idref="fl-44"/>
      </object_component>
      <object_component id="oc-1b7">
         <name>.text:BRRX__DecodePacket_u8</name>
         <load_address>0xd832</load_address>
         <run_address>0xd832</run_address>
         <size>0x3e</size>
         <input_file_ref idref="fl-39"/>
      </object_component>
      <object_component id="oc-1da">
         <name>.text:BRRX__NewInfo_v</name>
         <load_address>0xd870</load_address>
         <run_address>0xd870</run_address>
         <size>0x3e</size>
         <input_file_ref idref="fl-3a"/>
      </object_component>
      <object_component id="oc-1c3">
         <name>.text:PacketHit_u8</name>
         <load_address>0xd8ae</load_address>
         <run_address>0xd8ae</run_address>
         <size>0x3e</size>
         <input_file_ref idref="fl-37"/>
      </object_component>
      <object_component id="oc-1b0">
         <name>.text:l_asr_const</name>
         <load_address>0xd8ec</load_address>
         <run_address>0xd8ec</run_address>
         <size>0x3e</size>
         <input_file_ref idref="fl-3c"/>
      </object_component>
      <object_component id="oc-195">
         <name>.text:l_lsl_const</name>
         <load_address>0xd92a</load_address>
         <run_address>0xd92a</run_address>
         <size>0x3e</size>
         <input_file_ref idref="fl-5e"/>
      </object_component>
      <object_component id="oc-1b1">
         <name>.text:l_lsr_const</name>
         <load_address>0xd968</load_address>
         <run_address>0xd968</run_address>
         <size>0x3e</size>
         <input_file_ref idref="fl-5f"/>
      </object_component>
      <object_component id="oc-181">
         <name>.text:stop_bluerobin</name>
         <load_address>0xd9a6</load_address>
         <run_address>0xd9a6</run_address>
         <size>0x3e</size>
         <input_file_ref idref="fl-1b"/>
      </object_component>
      <object_component id="oc-17d">
         <name>.text:BRRX_TimerTask_v</name>
         <load_address>0xd9e4</load_address>
         <run_address>0xd9e4</run_address>
         <size>0x3c</size>
         <input_file_ref idref="fl-36"/>
      </object_component>
      <object_component id="oc-1ca">
         <name>.text:WriteSingleReg</name>
         <load_address>0xda20</load_address>
         <run_address>0xda20</run_address>
         <size>0x3a</size>
         <input_file_ref idref="fl-3"/>
      </object_component>
      <object_component id="oc-16c">
         <name>.text:display_Fora</name>
         <load_address>0xda5a</load_address>
         <run_address>0xda5a</run_address>
         <size>0x3a</size>
         <input_file_ref idref="fl-14"/>
      </object_component>
      <object_component id="oc-1e8">
         <name>.text:nwk_isValidReply</name>
         <load_address>0xda94</load_address>
         <run_address>0xda94</run_address>
         <size>0x3a</size>
         <input_file_ref idref="fl-27"/>
      </object_component>
      <object_component id="oc-15d">
         <name>.text:_isr:radio_ISR</name>
         <load_address>0xdace</load_address>
         <run_address>0xdace</run_address>
         <size>0x38</size>
         <input_file_ref idref="fl-4"/>
      </object_component>
      <object_component id="oc-18f">
         <name>.text:stop_altitude_measurement</name>
         <load_address>0xdb06</load_address>
         <run_address>0xdb06</run_address>
         <size>0x38</size>
         <input_file_ref idref="fl-1d"/>
      </object_component>
      <object_component id="oc-1d5">
         <name>.text:mrfiRadioInterfaceWriteReg</name>
         <load_address>0xdb3e</load_address>
         <run_address>0xdb3e</run_address>
         <size>0x36</size>
         <input_file_ref idref="fl-22"/>
      </object_component>
      <object_component id="oc-d2">
         <name>.text</name>
         <load_address>0xdb74</load_address>
         <run_address>0xdb74</run_address>
         <size>0x36</size>
         <input_file_ref idref="fl-4a"/>
      </object_component>
      <object_component id="oc-1cf">
         <name>.text:BR__CalcCRC_u8</name>
         <load_address>0xdbaa</load_address>
         <run_address>0xdbaa</run_address>
         <size>0x34</size>
         <input_file_ref idref="fl-3b"/>
      </object_component>
      <object_component id="oc-1c5">
         <name>.text:TrimRFCLK_Offset_v</name>
         <load_address>0xdbde</load_address>
         <run_address>0xdbde</run_address>
         <size>0x34</size>
         <input_file_ref idref="fl-37"/>
      </object_component>
      <object_component id="oc-1a0">
         <name>.text:BRRX_RadioStop_v</name>
         <load_address>0xdc12</load_address>
         <run_address>0xdc12</run_address>
         <size>0x32</size>
         <input_file_ref idref="fl-35"/>
      </object_component>
      <object_component id="oc-16a">
         <name>.text:display_Esporte</name>
         <load_address>0xdc44</load_address>
         <run_address>0xdc44</run_address>
         <size>0x32</size>
         <input_file_ref idref="fl-14"/>
      </object_component>
      <object_component id="oc-168">
         <name>.text:display_Trabalho</name>
         <load_address>0xdc76</load_address>
         <run_address>0xdc76</run_address>
         <size>0x32</size>
         <input_file_ref idref="fl-14"/>
      </object_component>
      <object_component id="oc-1b9">
         <name>.text:mrfiRadioInterfaceReadRxFifo</name>
         <load_address>0xdca8</load_address>
         <run_address>0xdca8</run_address>
         <size>0x32</size>
         <input_file_ref idref="fl-22"/>
      </object_component>
      <object_component id="oc-188">
         <name>.text:radio_reset</name>
         <load_address>0xdcda</load_address>
         <run_address>0xdcda</run_address>
         <size>0x32</size>
         <input_file_ref idref="fl-4"/>
      </object_component>
      <object_component id="oc-e2">
         <name>.text</name>
         <load_address>0xdd0c</load_address>
         <run_address>0xdd0c</run_address>
         <size>0x32</size>
         <input_file_ref idref="fl-4e"/>
      </object_component>
      <object_component id="oc-1ea">
         <name>.text:nwk_sendFrame</name>
         <load_address>0xdd3e</load_address>
         <run_address>0xdd3e</run_address>
         <size>0x30</size>
         <input_file_ref idref="fl-24"/>
      </object_component>
      <object_component id="oc-169">
         <name>.text:display_Casa</name>
         <load_address>0xdd6e</load_address>
         <run_address>0xdd6e</run_address>
         <size>0x2e</size>
         <input_file_ref idref="fl-14"/>
      </object_component>
      <object_component id="oc-167">
         <name>.text:display_Lazer</name>
         <load_address>0xdd9c</load_address>
         <run_address>0xdd9c</run_address>
         <size>0x2e</size>
         <input_file_ref idref="fl-14"/>
      </object_component>
      <object_component id="oc-166">
         <name>.text:display_Sono</name>
         <load_address>0xddca</load_address>
         <run_address>0xddca</run_address>
         <size>0x2e</size>
         <input_file_ref idref="fl-14"/>
      </object_component>
      <object_component id="oc-1d1">
         <name>.text:nwk_QadjustOrder</name>
         <load_address>0xddf8</load_address>
         <run_address>0xddf8</run_address>
         <size>0x2e</size>
         <input_file_ref idref="fl-26"/>
      </object_component>
      <object_component id="oc-1b3">
         <name>.text:datalog_add_to_buffer</name>
         <load_address>0xde26</load_address>
         <run_address>0xde26</run_address>
         <size>0x2c</size>
         <input_file_ref idref="fl-19"/>
      </object_component>
      <object_component id="oc-1ce">
         <name>.text:flash_write</name>
         <load_address>0xde52</load_address>
         <run_address>0xde52</run_address>
         <size>0x2c</size>
         <input_file_ref idref="fl-8"/>
      </object_component>
      <object_component id="oc-1ef">
         <name>.text:map_lid2idx$34</name>
         <load_address>0xde7e</load_address>
         <run_address>0xde7e</run_address>
         <size>0x2c</size>
         <input_file_ref idref="fl-27"/>
      </object_component>
      <object_component id="oc-b2">
         <name>.text</name>
         <load_address>0xdeaa</load_address>
         <run_address>0xdeaa</run_address>
         <size>0x2c</size>
         <input_file_ref idref="fl-42"/>
      </object_component>
      <object_component id="oc-1bc">
         <name>.text:Mrfi_CalculateRssi$29</name>
         <load_address>0xded6</load_address>
         <run_address>0xded6</run_address>
         <size>0x2a</size>
         <input_file_ref idref="fl-22"/>
      </object_component>
      <object_component id="oc-1c8">
         <name>.text:SearchPacketMissed_u8</name>
         <load_address>0xdf00</load_address>
         <run_address>0xdf00</run_address>
         <size>0x2a</size>
         <input_file_ref idref="fl-37"/>
      </object_component>
      <object_component id="oc-16f">
         <name>.text:Timer0_A3_Start</name>
         <load_address>0xdf2a</load_address>
         <run_address>0xdf2a</run_address>
         <size>0x2a</size>
         <input_file_ref idref="fl-2"/>
      </object_component>
      <object_component id="oc-69">
         <name>.text:_isr:_c_int00_noexit</name>
         <load_address>0xdf54</load_address>
         <run_address>0xdf54</run_address>
         <size>0x2a</size>
         <input_file_ref idref="fl-3d"/>
      </object_component>
      <object_component id="oc-186">
         <name>.text:stop_buzzer</name>
         <load_address>0xdf7e</load_address>
         <run_address>0xdf7e</run_address>
         <size>0x28</size>
         <input_file_ref idref="fl-c"/>
      </object_component>
      <object_component id="oc-18d">
         <name>.text:init_pressure_table</name>
         <load_address>0xdfa6</load_address>
         <run_address>0xdfa6</run_address>
         <size>0x26</size>
         <input_file_ref idref="fl-5"/>
      </object_component>
      <object_component id="oc-17f">
         <name>.text:BRRX_GetState_t</name>
         <load_address>0xdfcc</load_address>
         <run_address>0xdfcc</run_address>
         <size>0x24</size>
         <input_file_ref idref="fl-3a"/>
      </object_component>
      <object_component id="oc-1aa">
         <name>.text:ps_init</name>
         <load_address>0xdff0</load_address>
         <run_address>0xdff0</run_address>
         <size>0x24</size>
         <input_file_ref idref="fl-5"/>
      </object_component>
      <object_component id="oc-e6">
         <name>.text</name>
         <load_address>0xe014</load_address>
         <run_address>0xe014</run_address>
         <size>0x24</size>
         <input_file_ref idref="fl-4f"/>
      </object_component>
      <object_component id="oc-1e5">
         <name>.text:BSP_Delay</name>
         <load_address>0xe038</load_address>
         <run_address>0xe038</run_address>
         <size>0x22</size>
         <input_file_ref idref="fl-21"/>
      </object_component>
      <object_component id="oc-1d2">
         <name>.text:memcmp</name>
         <load_address>0xe05a</load_address>
         <run_address>0xe05a</run_address>
         <size>0x22</size>
         <input_file_ref idref="fl-60"/>
      </object_component>
      <object_component id="oc-f8">
         <name>.text</name>
         <load_address>0xe07c</load_address>
         <run_address>0xe07c</run_address>
         <size>0x22</size>
         <input_file_ref idref="fl-65"/>
      </object_component>
      <object_component id="oc-1a2">
         <name>.text:SetAbsoluteTimer_v</name>
         <load_address>0xe09e</load_address>
         <run_address>0xe09e</run_address>
         <size>0x1e</size>
         <input_file_ref idref="fl-36"/>
      </object_component>
      <object_component id="oc-183">
         <name>.text:display_symbol</name>
         <load_address>0xe0bc</load_address>
         <run_address>0xe0bc</run_address>
         <size>0x1e</size>
         <input_file_ref idref="fl-9"/>
      </object_component>
      <object_component id="oc-1ec">
         <name>.text:memmove</name>
         <load_address>0xe0da</load_address>
         <run_address>0xe0da</run_address>
         <size>0x1e</size>
         <input_file_ref idref="fl-62"/>
      </object_component>
      <object_component id="oc-1e0">
         <name>.text:nwk_processJoin</name>
         <load_address>0xe0f8</load_address>
         <run_address>0xe0f8</run_address>
         <size>0x1e</size>
         <input_file_ref idref="fl-2c"/>
      </object_component>
      <object_component id="oc-1d6">
         <name>.text:Mrfi_DelayUsec$29</name>
         <load_address>0xe116</load_address>
         <run_address>0xe116</run_address>
         <size>0x1c</size>
         <input_file_ref idref="fl-22"/>
      </object_component>
      <object_component id="oc-1a4">
         <name>.text:close_radio</name>
         <load_address>0xe132</load_address>
         <run_address>0xe132</run_address>
         <size>0x1c</size>
         <input_file_ref idref="fl-4"/>
      </object_component>
      <object_component id="oc-184">
         <name>.text:display_am_pm_symbol</name>
         <load_address>0xe14e</load_address>
         <run_address>0xe14e</run_address>
         <size>0x1c</size>
         <input_file_ref idref="fl-9"/>
      </object_component>
      <object_component id="oc-1c2">
         <name>.text:GetPacketTolerance_u8</name>
         <load_address>0xe16a</load_address>
         <run_address>0xe16a</run_address>
         <size>0x1a</size>
         <input_file_ref idref="fl-37"/>
      </object_component>
      <object_component id="oc-160">
         <name>.text:_isr:ADC12ISR</name>
         <load_address>0xe184</load_address>
         <run_address>0xe184</run_address>
         <size>0x1a</size>
         <input_file_ref idref="fl-10"/>
      </object_component>
      <object_component id="oc-1b5">
         <name>.text:ReadSingleReg</name>
         <load_address>0xe19e</load_address>
         <run_address>0xe19e</run_address>
         <size>0x18</size>
         <input_file_ref idref="fl-3"/>
      </object_component>
      <object_component id="oc-b6">
         <name>.text</name>
         <load_address>0xe1b6</load_address>
         <run_address>0xe1b6</run_address>
         <size>0x16</size>
         <input_file_ref idref="fl-43"/>
      </object_component>
      <object_component id="oc-f4">
         <name>.text</name>
         <load_address>0xe1cc</load_address>
         <run_address>0xe1cc</run_address>
         <size>0x16</size>
         <input_file_ref idref="fl-64"/>
      </object_component>
      <object_component id="oc-173">
         <name>.text:i2c_init</name>
         <load_address>0xe1e2</load_address>
         <run_address>0xe1e2</run_address>
         <size>0x14</size>
         <input_file_ref idref="fl-11"/>
      </object_component>
      <object_component id="oc-1dc">
         <name>.text:BR__CalcRandomChannel_u8</name>
         <load_address>0xe1f6</load_address>
         <run_address>0xe1f6</run_address>
         <size>0x12</size>
         <input_file_ref idref="fl-3b"/>
      </object_component>
      <object_component id="oc-17b">
         <name>.text:BlueRobin_RadioISR_v</name>
         <load_address>0xe208</load_address>
         <run_address>0xe208</run_address>
         <size>0x12</size>
         <input_file_ref idref="fl-35"/>
      </object_component>
      <object_component id="oc-170">
         <name>.text:memcpy</name>
         <load_address>0xe21a</load_address>
         <run_address>0xe21a</run_address>
         <size>0x12</size>
         <input_file_ref idref="fl-61"/>
      </object_component>
      <object_component id="oc-1ba">
         <name>.text:memset</name>
         <load_address>0xe22c</load_address>
         <run_address>0xe22c</run_address>
         <size>0x12</size>
         <input_file_ref idref="fl-63"/>
      </object_component>
      <object_component id="oc-189">
         <name>.text:radio_powerdown</name>
         <load_address>0xe23e</load_address>
         <run_address>0xe23e</run_address>
         <size>0x10</size>
         <input_file_ref idref="fl-4"/>
      </object_component>
      <object_component id="oc-165">
         <name>.text:sx_date</name>
         <load_address>0xe24e</load_address>
         <run_address>0xe24e</run_address>
         <size>0x10</size>
         <input_file_ref idref="fl-18"/>
      </object_component>
      <object_component id="oc-161">
         <name>.text:sx_time</name>
         <load_address>0xe25e</load_address>
         <run_address>0xe25e</run_address>
         <size>0x10</size>
         <input_file_ref idref="fl-1a"/>
      </object_component>
      <object_component id="oc-1c0">
         <name>.text:BRRX__GetCurrentTime_u16</name>
         <load_address>0xe26e</load_address>
         <run_address>0xe26e</run_address>
         <size>0xc</size>
         <input_file_ref idref="fl-36"/>
      </object_component>
      <object_component id="oc-17a">
         <name>.text:is_rf</name>
         <load_address>0xe27a</load_address>
         <run_address>0xe27a</run_address>
         <size>0xc</size>
         <input_file_ref idref="fl-15"/>
      </object_component>
      <object_component id="oc-1c9">
         <name>.text:BRRX__StopTimer_v</name>
         <load_address>0xe286</load_address>
         <run_address>0xe286</run_address>
         <size>0xa</size>
         <input_file_ref idref="fl-36"/>
      </object_component>
      <object_component id="oc-108">
         <name>.text</name>
         <load_address>0xe290</load_address>
         <run_address>0xe290</run_address>
         <size>0xa</size>
         <input_file_ref idref="fl-75"/>
      </object_component>
      <object_component id="oc-114">
         <name>.text</name>
         <load_address>0xe29a</load_address>
         <run_address>0xe29a</run_address>
         <size>0xa</size>
         <input_file_ref idref="fl-79"/>
      </object_component>
      <object_component id="oc-118">
         <name>.text</name>
         <load_address>0xe2a4</load_address>
         <run_address>0xe2a4</run_address>
         <size>0xa</size>
         <input_file_ref idref="fl-7a"/>
      </object_component>
      <object_component id="oc-164">
         <name>.text:update_time</name>
         <load_address>0xe2ae</load_address>
         <run_address>0xe2ae</run_address>
         <size>0xa</size>
         <input_file_ref idref="fl-17"/>
      </object_component>
      <object_component id="oc-1dd">
         <name>.text:BRRX_GetFS_Offset_s8</name>
         <load_address>0xe2b8</load_address>
         <run_address>0xe2b8</run_address>
         <size>0x8</size>
         <input_file_ref idref="fl-35"/>
      </object_component>
      <object_component id="oc-180">
         <name>.text:BRRX_GetHeartRate_u8</name>
         <load_address>0xe2c0</load_address>
         <run_address>0xe2c0</run_address>
         <size>0x6</size>
         <input_file_ref idref="fl-3a"/>
      </object_component>
      <object_component id="oc-1a3">
         <name>.text:BRRX_Stop_v</name>
         <load_address>0xe2c6</load_address>
         <run_address>0xe2c6</run_address>
         <size>0x6</size>
         <input_file_ref idref="fl-3a"/>
      </object_component>
      <object_component id="oc-1d0">
         <name>.text:BRRX__CallTimer_v</name>
         <load_address>0xe2cc</load_address>
         <run_address>0xe2cc</run_address>
         <size>0x6</size>
         <input_file_ref idref="fl-36"/>
      </object_component>
      <object_component id="oc-ea">
         <name>.text:__TI_ISR_TRAP</name>
         <load_address>0xe2d2</load_address>
         <run_address>0xe2d2</run_address>
         <size>0x6</size>
         <input_file_ref idref="fl-5d"/>
      </object_component>
      <object_component id="oc-159">
         <name>.text:_system_pre_init</name>
         <load_address>0xe2d8</load_address>
         <run_address>0xe2d8</run_address>
         <size>0x4</size>
         <input_file_ref idref="fl-67"/>
      </object_component>
      <object_component id="oc-15c">
         <name>.text:abort</name>
         <load_address>0xe2dc</load_address>
         <run_address>0xe2dc</run_address>
         <size>0x4</size>
         <input_file_ref idref="fl-46"/>
      </object_component>
      <object_component id="oc-1b4">
         <name>.text:i2c_delay</name>
         <load_address>0xe2e0</load_address>
         <run_address>0xe2e0</run_address>
         <size>0x4</size>
         <input_file_ref idref="fl-11"/>
      </object_component>
      <object_component id="oc-1e2">
         <name>.text:nwk_processFreq</name>
         <load_address>0xe2e4</load_address>
         <run_address>0xe2e4</run_address>
         <size>0x4</size>
         <input_file_ref idref="fl-2e"/>
      </object_component>
      <object_component id="oc-1e1">
         <name>.text:nwk_processSecurity</name>
         <load_address>0xe2e8</load_address>
         <run_address>0xe2e8</run_address>
         <size>0x4</size>
         <input_file_ref idref="fl-28"/>
      </object_component>
      <object_component id="oc-1cd">
         <name>.text:ps_i2c_delay</name>
         <load_address>0xe2ec</load_address>
         <run_address>0xe2ec</run_address>
         <size>0x4</size>
         <input_file_ref idref="fl-5"/>
      </object_component>
      <object_component id="oc-158">
         <name>.text:_nop</name>
         <load_address>0xe2f0</load_address>
         <run_address>0xe2f0</run_address>
         <size>0x2</size>
         <input_file_ref idref="fl-6f"/>
      </object_component>
      <object_component id="oc-162">
         <name>.text:dummy</name>
         <load_address>0xe2f2</load_address>
         <run_address>0xe2f2</run_address>
         <size>0x2</size>
         <input_file_ref idref="fl-12"/>
      </object_component>
      <object_component id="oc-11d">
         <name>.cinit</name>
         <load_address>0xe7ee</load_address>
         <run_address>0xe7ee</run_address>
         <size>0x186</size>
         <input_file_ref idref="fl-7f"/>
      </object_component>
      <object_component id="oc-90">
         <name>.cinit</name>
         <load_address>0xe974</load_address>
         <run_address>0xe974</run_address>
         <size>0x17</size>
         <input_file_ref idref="fl-37"/>
      </object_component>
      <object_component id="oc-8b">
         <name>.cinit</name>
         <load_address>0xe98c</load_address>
         <run_address>0xe98c</run_address>
         <size>0x17</size>
         <input_file_ref idref="fl-36"/>
      </object_component>
      <object_component id="oc-86">
         <name>.cinit</name>
         <load_address>0xe9a4</load_address>
         <run_address>0xe9a4</run_address>
         <size>0xc</size>
         <input_file_ref idref="fl-35"/>
      </object_component>
      <object_component id="oc-9a">
         <name>.cinit</name>
         <load_address>0xe9b0</load_address>
         <run_address>0xe9b0</run_address>
         <size>0xb</size>
         <input_file_ref idref="fl-39"/>
      </object_component>
      <object_component id="oc-1a8">
         <name>.const:int_to_array_conversion_table</name>
         <load_address>0xe2f4</load_address>
         <run_address>0xe2f4</run_address>
         <size>0x21f</size>
         <input_file_ref idref="fl-9"/>
      </object_component>
      <object_component id="oc-135">
         <name>.const</name>
         <load_address>0xe513</load_address>
         <run_address>0xe513</run_address>
         <size>0x1</size>
         <input_file_ref idref="fl-22"/>
      </object_component>
      <object_component id="oc-1e7">
         <name>.const:RandomValue_u8</name>
         <load_address>0xe514</load_address>
         <run_address>0xe514</run_address>
         <size>0x100</size>
         <input_file_ref idref="fl-3b"/>
      </object_component>
      <object_component id="oc-12f">
         <name>.const</name>
         <load_address>0xe614</load_address>
         <run_address>0xe614</run_address>
         <size>0x90</size>
         <input_file_ref idref="fl-17"/>
      </object_component>
      <object_component id="oc-147">
         <name>.const:.string</name>
         <load_address>0xe6a4</load_address>
         <run_address>0xe6a4</run_address>
         <size>0x7e</size>
         <input_file_ref idref="fl-7f"/>
      </object_component>
      <object_component id="oc-1cc">
         <name>.const:.string:lcd_font</name>
         <load_address>0xe722</load_address>
         <run_address>0xe722</run_address>
         <size>0x2b</size>
         <input_file_ref idref="fl-9"/>
      </object_component>
      <object_component id="oc-139">
         <name>.const</name>
         <load_address>0xe74d</load_address>
         <run_address>0xe74d</run_address>
         <size>0x1</size>
         <input_file_ref idref="fl-24"/>
      </object_component>
      <object_component id="oc-1a6">
         <name>.const:.string:segments_bitmask</name>
         <load_address>0xe74e</load_address>
         <run_address>0xe74e</run_address>
         <size>0x2a</size>
         <input_file_ref idref="fl-9"/>
      </object_component>
      <object_component id="oc-1ac">
         <name>.const:h0</name>
         <load_address>0xe778</load_address>
         <run_address>0xe778</run_address>
         <size>0x22</size>
         <input_file_ref idref="fl-5"/>
      </object_component>
      <object_component id="oc-1ab">
         <name>.const:p0</name>
         <load_address>0xe79a</load_address>
         <run_address>0xe79a</run_address>
         <size>0x22</size>
         <input_file_ref idref="fl-5"/>
      </object_component>
      <object_component id="oc-1d3">
         <name>.const:func$31</name>
         <load_address>0xe7bc</load_address>
         <run_address>0xe7bc</run_address>
         <size>0x18</size>
         <input_file_ref idref="fl-24"/>
      </object_component>
      <object_component id="oc-136">
         <name>.const</name>
         <load_address>0xe7d4</load_address>
         <run_address>0xe7d4</run_address>
         <size>0x9</size>
         <input_file_ref idref="fl-23"/>
      </object_component>
      <object_component id="oc-1bb">
         <name>.const:.string:mrfiBroadcastAddr</name>
         <load_address>0xe7de</load_address>
         <run_address>0xe7de</run_address>
         <size>0x4</size>
         <input_file_ref idref="fl-22"/>
      </object_component>
      <object_component id="oc-95">
         <name>.const</name>
         <load_address>0xe7e2</load_address>
         <run_address>0xe7e2</run_address>
         <size>0x4</size>
         <input_file_ref idref="fl-38"/>
      </object_component>
      <object_component id="oc-145">
         <name>.const</name>
         <load_address>0xe7e6</load_address>
         <run_address>0xe7e6</run_address>
         <size>0x4</size>
         <input_file_ref idref="fl-73"/>
      </object_component>
      <object_component id="oc-141">
         <name>.const</name>
         <load_address>0xe7ea</load_address>
         <run_address>0xe7ea</run_address>
         <size>0x4</size>
         <input_file_ref idref="fl-6e"/>
      </object_component>
      <object_component id="oc-64">
         <name>.int45</name>
         <load_address>0xffda</load_address>
         <run_address>0xffda</run_address>
         <size>0x2</size>
         <input_file_ref idref="fl-50"/>
      </object_component>
      <object_component id="oc-65">
         <name>.int46</name>
         <load_address>0xffdc</load_address>
         <run_address>0xffdc</run_address>
         <size>0x2</size>
         <input_file_ref idref="fl-51"/>
      </object_component>
      <object_component id="oc-66">
         <name>.int47</name>
         <load_address>0xffde</load_address>
         <run_address>0xffde</run_address>
         <size>0x2</size>
         <input_file_ref idref="fl-52"/>
      </object_component>
      <object_component id="oc-67">
         <name>.int48</name>
         <load_address>0xffe0</load_address>
         <run_address>0xffe0</run_address>
         <size>0x2</size>
         <input_file_ref idref="fl-7f"/>
      </object_component>
      <object_component id="oc-68">
         <name>.int49</name>
         <load_address>0xffe2</load_address>
         <run_address>0xffe2</run_address>
         <size>0x2</size>
         <input_file_ref idref="fl-53"/>
      </object_component>
      <object_component id="oc-6a">
         <name>.int50</name>
         <load_address>0xffe4</load_address>
         <run_address>0xffe4</run_address>
         <size>0x2</size>
         <input_file_ref idref="fl-54"/>
      </object_component>
      <object_component id="oc-6b">
         <name>.int51</name>
         <load_address>0xffe6</load_address>
         <run_address>0xffe6</run_address>
         <size>0x2</size>
         <input_file_ref idref="fl-55"/>
      </object_component>
      <object_component id="oc-6c">
         <name>.int52</name>
         <load_address>0xffe8</load_address>
         <run_address>0xffe8</run_address>
         <size>0x2</size>
         <input_file_ref idref="fl-56"/>
      </object_component>
      <object_component id="oc-6d">
         <name>.int53</name>
         <load_address>0xffea</load_address>
         <run_address>0xffea</run_address>
         <size>0x2</size>
         <input_file_ref idref="fl-4"/>
      </object_component>
      <object_component id="oc-6e">
         <name>.int54</name>
         <load_address>0xffec</load_address>
         <run_address>0xffec</run_address>
         <size>0x2</size>
         <input_file_ref idref="fl-7f"/>
      </object_component>
      <object_component id="oc-6f">
         <name>.int55</name>
         <load_address>0xffee</load_address>
         <run_address>0xffee</run_address>
         <size>0x2</size>
         <input_file_ref idref="fl-7f"/>
      </object_component>
      <object_component id="oc-70">
         <name>.int56</name>
         <load_address>0xfff0</load_address>
         <run_address>0xfff0</run_address>
         <size>0x2</size>
         <input_file_ref idref="fl-7f"/>
      </object_component>
      <object_component id="oc-71">
         <name>.int57</name>
         <load_address>0xfff2</load_address>
         <run_address>0xfff2</run_address>
         <size>0x2</size>
         <input_file_ref idref="fl-57"/>
      </object_component>
      <object_component id="oc-72">
         <name>.int58</name>
         <load_address>0xfff4</load_address>
         <run_address>0xfff4</run_address>
         <size>0x2</size>
         <input_file_ref idref="fl-58"/>
      </object_component>
      <object_component id="oc-73">
         <name>.int59</name>
         <load_address>0xfff6</load_address>
         <run_address>0xfff6</run_address>
         <size>0x2</size>
         <input_file_ref idref="fl-59"/>
      </object_component>
      <object_component id="oc-74">
         <name>.int60</name>
         <load_address>0xfff8</load_address>
         <run_address>0xfff8</run_address>
         <size>0x2</size>
         <input_file_ref idref="fl-5a"/>
      </object_component>
      <object_component id="oc-75">
         <name>.int61</name>
         <load_address>0xfffa</load_address>
         <run_address>0xfffa</run_address>
         <size>0x2</size>
         <input_file_ref idref="fl-5b"/>
      </object_component>
      <object_component id="oc-76">
         <name>.int62</name>
         <load_address>0xfffc</load_address>
         <run_address>0xfffc</run_address>
         <size>0x2</size>
         <input_file_ref idref="fl-5c"/>
      </object_component>
      <object_component id="oc-ab">
         <name>.reset</name>
         <load_address>0xfffe</load_address>
         <run_address>0xfffe</run_address>
         <size>0x2</size>
         <input_file_ref idref="fl-3d"/>
      </object_component>
      <object_component id="oc-77">
         <name>.debug_info</name>
         <load_address>0x0</load_address>
         <run_address>0x0</run_address>
         <size>0x64f</size>
         <input_file_ref idref="fl-4"/>
      </object_component>
      <object_component id="oc-7c">
         <name>.debug_info</name>
         <load_address>0x64f</load_address>
         <run_address>0x64f</run_address>
[...]
         <object_component_ref idref="oc-1e9"/>
      </symbol>
      <symbol id="sm-abf">
         <name>status_selecionado_gravando</name>
         <value>0x206c</value>
         <object_component_ref idref="oc-12a"/>
      </symbol>
      <symbol id="sm-ac0">
         <name>TIMER0_A1_5_ISR</name>
         <value>0xce78</value>
         <object_component_ref idref="oc-15e"/>
      </symbol>
      <symbol id="sm-ac1">
         <name>__TI_int48</name>
         <value>0xffe0</value>
         <object_component_ref idref="oc-67"/>
      </symbol>
      <symbol id="sm-ac2">
         <name>mrfiRadioInterfaceReadReg</name>
         <value>0xd72a</value>
         <object_component_ref idref="oc-1b8"/>
      </symbol>
      <symbol id="sm-ac3">
         <name>nwk_QadjustOrder</name>
         <value>0xddf8</value>
         <object_component_ref idref="oc-1d1"/>
      </symbol>
      <symbol id="sm-ac4">
         <name>adc12_data_ready</name>
         <value>0x207e</value>
         <object_component_ref idref="oc-128"/>
      </symbol>
      <symbol id="sm-ac5">
         <name>_nop</name>
         <value>0xe2f0</value>
         <object_component_ref idref="oc-158"/>
      </symbol>
      <symbol id="sm-ac6">
         <name>bmp_used</name>
         <value>0x1fb3</value>
         <object_component_ref idref="oc-11e"/>
      </symbol>
      <symbol id="sm-ac7">
         <name>__TI_int56</name>
         <value>0xfff0</value>
         <object_component_ref idref="oc-70"/>
      </symbol>
      <symbol id="sm-ac8">
         <name>__TI_int54</name>
         <value>0xffec</value>
         <object_component_ref idref="oc-6e"/>
      </symbol>
      <symbol id="sm-ac9">
         <name>__TI_int55</name>
         <value>0xffee</value>
         <object_component_ref idref="oc-6f"/>
      </symbol>
      <symbol id="sm-aca">
         <name>nwk_sendFrame</name>
         <value>0xdd3e</value>
         <object_component_ref idref="oc-1ea"/>
      </symbol>
      <symbol id="sm-acb">
         <name>status_gravando</name>
         <value>0x206d</value>
         <object_component_ref idref="oc-12a"/>
      </symbol>
      <symbol id="sm-acc">
         <name>fptr_Timer0_A3_function</name>
         <value>0x2046</value>
         <object_component_ref idref="oc-124"/>
      </symbol>
      <symbol id="sm-acd">
         <name>int_to_array</name>
         <value>0xbebc</value>
         <object_component_ref idref="oc-185"/>
      </symbol>
      <symbol id="sm-ace">
         <name>bmp_cal_param</name>
         <value>0x1f8a</value>
         <object_component_ref idref="oc-126"/>
      </symbol>
      <symbol id="sm-acf">
         <name>WriteSingleReg</name>
         <value>0xda20</value>
         <object_component_ref idref="oc-1ca"/>
      </symbol>
      <symbol id="sm-ad0">
         <name>nwk_processJoin</name>
         <value>0xe0f8</value>
         <object_component_ref idref="oc-1e0"/>
      </symbol>
      <symbol id="sm-ad1">
         <name>_FSnan</name>
         <value>0x1e04</value>
         <object_component_ref idref="oc-140"/>
      </symbol>
      <symbol id="sm-ad2">
         <name>menu_L2_Fora</name>
         <value>0xe692</value>
         <object_component_ref idref="oc-12f"/>
      </symbol>
      <symbol id="sm-ad3">
         <name>flash_write</name>
         <value>0xde52</value>
         <object_component_ref idref="oc-1ce"/>
      </symbol>
      <symbol id="sm-ad4">
         <name>datalog_add_to_buffer</name>
         <value>0xde26</value>
         <object_component_ref idref="oc-1b3"/>
      </symbol>
      <symbol id="sm-ad5">
         <name>lcd_font</name>
         <value>0xe722</value>
         <object_component_ref idref="oc-1cc"/>
      </symbol>
      <symbol id="sm-ad6">
         <name>nwk_processPing</name>
         <value>0xcede</value>
         <object_component_ref idref="oc-1de"/>
      </symbol>
      <symbol id="sm-ad7">
         <name>_Errno</name>
         <value>0x2084</value>
         <object_component_ref idref="oc-142"/>
      </symbol>
      <symbol id="sm-ad8">
         <name>sInit_done</name>
         <value>0x1fb5</value>
         <object_component_ref idref="oc-132"/>
      </symbol>
      <symbol id="sm-ad9">
         <name>memcmp</name>
         <value>0xe05a</value>
         <object_component_ref idref="oc-1d2"/>
      </symbol>
      <symbol id="sm-ada">
         <name>mrfiBroadcastAddr</name>
         <value>0xe7de</value>
         <object_component_ref idref="oc-1bb"/>
      </symbol>
      <symbol id="sm-adb">
         <name>simpliciti_flag</name>
         <value>0x1e8c</value>
         <object_component_ref idref="oc-123"/>
      </symbol>
      <symbol id="sm-adc">
         <name>ReadSingleReg</name>
         <value>0xe19e</value>
         <object_component_ref idref="oc-1b5"/>
      </symbol>
      <symbol id="sm-add">
         <name>_FNan</name>
         <value>0x1dd4</value>
         <object_component_ref idref="oc-140"/>
      </symbol>
      <symbol id="sm-ade">
         <name>menu_L2_Esporte</name>
         <value>0xe66e</value>
         <object_component_ref idref="oc-12f"/>
      </symbol>
      <symbol id="sm-adf">
         <name>simpliciti_data</name>
         <value>0x1e8e</value>
         <object_component_ref idref="oc-123"/>
      </symbol>
      <symbol id="sm-ae0">
         <name>mrfiRadioInterfaceCmdStrobe</name>
         <value>0xcb0a</value>
         <object_component_ref idref="oc-1bf"/>
      </symbol>
      <symbol id="sm-ae1">
         <name>display_update</name>
         <value>0xb87e</value>
         <object_component_ref idref="oc-178"/>
      </symbol>
      <symbol id="sm-ae2">
         <name>sRFsmpl</name>
         <value>0x1e86</value>
         <object_component_ref idref="oc-123"/>
      </symbol>
      <symbol id="sm-ae3">
         <name>cma_ps_init</name>
         <value>0xcf44</value>
         <object_component_ref idref="oc-18b"/>
      </symbol>
      <symbol id="sm-ae4">
         <name>_FInf</name>
         <value>0x1dc4</value>
         <object_component_ref idref="oc-140"/>
      </symbol>
      <symbol id="sm-ae5">
         <name>read_calibration_values</name>
         <value>0xc256</value>
         <object_component_ref idref="oc-18c"/>
      </symbol>
      <symbol id="sm-ae6">
         <name>nwk_QfindSlot</name>
         <value>0xca94</value>
         <object_component_ref idref="oc-1bd"/>
      </symbol>
      <symbol id="sm-ae7">
         <name>init_application</name>
         <value>0xade6</value>
         <object_component_ref idref="oc-171"/>
      </symbol>
      <symbol id="sm-ae8">
         <name>display_char</name>
         <value>0xcb7e</value>
         <object_component_ref idref="oc-1a5"/>
      </symbol>
      <symbol id="sm-ae9">
         <name>main</name>
         <value>0xccd0</value>
         <object_component_ref idref="oc-15b"/>
      </symbol>
      <symbol id="sm-aea">
         <name>sTimer</name>
         <value>0x204a</value>
         <object_component_ref idref="oc-124"/>
      </symbol>
      <symbol id="sm-aeb">
         <name>_lock</name>
         <value>0x2036</value>
         <object_component_ref idref="oc-143"/>
      </symbol>
      <symbol id="sm-aec">
         <name>_FEps</name>
         <value>0x1de4</value>
         <object_component_ref idref="oc-140"/>
      </symbol>
      <symbol id="sm-aed">
         <name>MRFI_Transmit</name>
         <value>0xaf46</value>
         <object_component_ref idref="oc-1e4"/>
      </symbol>
      <symbol id="sm-aee">
         <name>_FXbig</name>
         <value>0x1e24</value>
         <object_component_ref idref="oc-140"/>
      </symbol>
      <symbol id="sm-aef">
         <name>button</name>
         <value>0x2008</value>
         <object_component_ref idref="oc-11f"/>
      </symbol>
      <symbol id="sm-af0">
         <name>message</name>
         <value>0x1fa8</value>
         <object_component_ref idref="oc-11e"/>
      </symbol>
      <symbol id="sm-af1">
         <name>sButton</name>
         <value>0x200a</value>
         <object_component_ref idref="oc-11f"/>
      </symbol>
      <symbol id="sm-af2">
         <name>battery_measurement</name>
         <value>0xc1a2</value>
         <object_component_ref idref="oc-177"/>
      </symbol>
      <symbol id="sm-af3">
         <name>simpliciti_ed_address</name>
         <value>0x1eae</value>
         <object_component_ref idref="oc-123"/>
      </symbol>
      <symbol id="sm-af4">
         <name>sBuzzer</name>
         <value>0x202e</value>
         <object_component_ref idref="oc-125"/>
      </symbol>
      <symbol id="sm-af5">
         <name>display_chars</name>
         <value>0xbd22</value>
         <object_component_ref idref="oc-182"/>
      </symbol>
      <symbol id="sm-af6">
         <name>display_Casa</name>
         <value>0xdd6e</value>
         <object_component_ref idref="oc-169"/>
      </symbol>
      <symbol id="sm-af7">
         <name>_unlock</name>
         <value>0x203a</value>
         <object_component_ref idref="oc-143"/>
      </symbol>
      <symbol id="sm-af8">
         <name>menu_L2_Smart</name>
         <value>0xe680</value>
         <object_component_ref idref="oc-12f"/>
      </symbol>
      <symbol id="sm-af9">
         <name>nwk_isValidReply</name>
         <value>0xda94</value>
         <object_component_ref idref="oc-1e8"/>
      </symbol>
      <symbol id="sm-afa">
         <name>Timer0_A4_Delay</name>
         <value>0xd374</value>
         <object_component_ref idref="oc-16d"/>
      </symbol>
      <symbol id="sm-afb">
         <name>bmp_param_b5</name>
         <value>0x1fa0</value>
         <object_component_ref idref="oc-126"/>
      </symbol>
      <symbol id="sm-afc">
         <name>ReadBurstReg</name>
         <value>0xd5ce</value>
         <object_component_ref idref="oc-1b6"/>
      </symbol>
      <symbol id="sm-afd">
         <name>menu_L2_Trabalho</name>
         <value>0xe64a</value>
         <object_component_ref idref="oc-12f"/>
      </symbol>
      <symbol id="sm-afe">
         <name>datalog_write_buffer</name>
         <value>0xc302</value>
         <object_component_ref idref="oc-1b2"/>
      </symbol>
      <symbol id="sm-aff">
         <name>nwk_sendAckReply</name>
         <value>0xc926</value>
         <object_component_ref idref="oc-1d4"/>
      </symbol>
      <symbol id="sm-b00">
         <name>burst_start</name>
         <value>0x1eb4</value>
         <object_component_ref idref="oc-123"/>
      </symbol>
      <symbol id="sm-b01">
         <name>toggle_buzzer</name>
         <value>0xd068</value>
         <object_component_ref idref="oc-16e"/>
      </symbol>
      <symbol id="sm-b02">
         <name>sys</name>
         <value>0x1fa4</value>
         <object_component_ref idref="oc-11e"/>
      </symbol>
      <symbol id="sm-b03">
         <name>bmp_ps_get_pa</name>
         <value>0xaaf0</value>
         <object_component_ref idref="oc-198"/>
      </symbol>
      <symbol id="sm-b04">
         <name>is_rf</name>
         <value>0xe27a</value>
         <object_component_ref idref="oc-17a"/>
      </symbol>
      <symbol id="sm-b05">
         <name>clear_line</name>
         <value>0xd11e</value>
         <object_component_ref idref="oc-192"/>
      </symbol>
      <symbol id="sm-b06">
         <name>nwk_allocateLocalRxPort</name>
         <value>0xbc50</value>
         <object_component_ref idref="oc-1ee"/>
      </symbol>
      <symbol id="sm-b07">
         <name>do_altitude_measurement</name>
         <value>0xb1cc</value>
         <object_component_ref idref="oc-175"/>
      </symbol>
      <symbol id="sm-b08">
         <name>display</name>
         <value>0x1e28</value>
         <object_component_ref idref="oc-122"/>
      </symbol>
      <symbol id="sm-b09">
         <name>update_time</name>
         <value>0xe2ae</value>
         <object_component_ref idref="oc-164"/>
      </symbol>
      <symbol id="sm-b0a">
         <name>segments_bitmask</name>
         <value>0xe74e</value>
         <object_component_ref idref="oc-1a6"/>
      </symbol>
      <symbol id="sm-b0b">
         <name>PORT2_ISR</name>
         <value>0xa55a</value>
         <object_component_ref idref="oc-157"/>
      </symbol>
      <symbol id="sm-b0c">
         <name>nwk_processSecurity</name>
         <value>0xe2e8</value>
         <object_component_ref idref="oc-1e1"/>
      </symbol>
      <symbol id="sm-b0d">
         <name>memmove</name>
         <value>0xe0da</value>
         <object_component_ref idref="oc-1ec"/>
      </symbol>
      <symbol id="sm-b0e">
         <name>stop_altitude_measurement</name>
         <value>0xdb06</value>
         <object_component_ref idref="oc-18f"/>
      </symbol>
      <symbol id="sm-b0f">
         <name>_FDenorm</name>
         <value>0x1df4</value>
         <object_component_ref idref="oc-140"/>
      </symbol>
      <symbol id="sm-b10">
         <name>BSP_Delay</name>
         <value>0xe038</value>
         <object_component_ref idref="oc-1e5"/>
      </symbol>
      <symbol id="sm-b11">
         <name>do_datalog</name>
         <value>0xbb6c</value>
         <object_component_ref idref="oc-176"/>
      </symbol>
      <symbol id="sm-b12">
         <name>menu_L1_Time</name>
         <value>0xe614</value>
         <object_component_ref idref="oc-12f"/>
      </symbol>
      <symbol id="sm-b13">
         <name>nwk_processMgmt</name>
         <value>0xd65a</value>
         <object_component_ref idref="oc-1e3"/>
      </symbol>
      <symbol id="sm-b14">
         <name>_Tls_setup__Fenv</name>
         <value>0xe7e6</value>
         <object_component_ref idref="oc-145"/>
      </symbol>
      <symbol id="sm-b15">
         <name>display_Sono</name>
         <value>0xddca</value>
         <object_component_ref idref="oc-166"/>
      </symbol>
      <symbol id="sm-b16">
         <name>check</name>
         <value>0x206f</value>
         <object_component_ref idref="oc-12a"/>
      </symbol>
      <symbol id="sm-b17">
         <name>_Fenv</name>
         <value>0x2078</value>
         <object_component_ref idref="oc-144"/>
      </symbol>
      <symbol id="sm-b18">
         <name>ADC12ISR</name>
         <value>0xe184</value>
         <object_component_ref idref="oc-160"/>
      </symbol>
      <symbol id="sm-b19">
         <name>wakeup_event</name>
         <value>0xb552</value>
         <object_component_ref idref="oc-174"/>
      </symbol>
      <symbol id="sm-b1a">
         <name>flash_ptr</name>
         <value>0x1ecc</value>
         <object_component_ref idref="oc-123"/>
      </symbol>
      <symbol id="sm-b1b">
         <name>init_global_variables</name>
         <value>0xb982</value>
         <object_component_ref idref="oc-172"/>
      </symbol>
      <symbol id="sm-b1c">
         <name>display_Fora</name>
         <value>0xda5a</value>
         <object_component_ref idref="oc-16c"/>
      </symbol>
      <symbol id="sm-b1d">
         <name>start_altitude_measurement</name>
         <value>0xc9a2</value>
         <object_component_ref idref="oc-18e"/>
      </symbol>
      <symbol id="sm-b1e">
         <name>display_am_pm_symbol</name>
         <value>0xe14e</value>
         <object_component_ref idref="oc-184"/>
      </symbol>
      <symbol id="sm-b1f">
         <name>adc12_result</name>
         <value>0x207c</value>
         <object_component_ref idref="oc-128"/>
      </symbol>
      <symbol id="sm-b20">
         <name>method</name>
         <value>0xe513</value>
         <object_component_ref idref="oc-135"/>
      </symbol>
      <symbol id="sm-b21">
         <name>sDatalog</name>
         <value>0x1d3c</value>
         <object_component_ref idref="oc-12c"/>
      </symbol>
      <symbol id="sm-b22">
         <name>mask_status_selecionado</name>
         <value>0x206b</value>
         <object_component_ref idref="oc-12a"/>
      </symbol>
      <symbol id="sm-b23">
         <name>sDate</name>
         <value>0x2060</value>
         <object_component_ref idref="oc-12b"/>
      </symbol>
      <symbol id="sm-b24">
         <name>simpliciti_reply_count</name>
         <value>0x1eb2</value>
         <object_component_ref idref="oc-123"/>
      </symbol>
      <symbol id="sm-b25">
         <name>int_to_array_conversion_table</name>
         <value>0xe2f4</value>
         <object_component_ref idref="oc-1a8"/>
      </symbol>
      <symbol id="sm-b26">
         <name>Timer0_A3_Start</name>
         <value>0xdf2a</value>
         <object_component_ref idref="oc-16f"/>
      </symbol>
      <symbol id="sm-b27">
         <name>nwk_processFreq</name>
         <value>0xe2e4</value>
         <object_component_ref idref="oc-1e2"/>
      </symbol>
      <symbol id="sm-b28">
         <name>bmp_ps_init</name>
         <value>0xba86</value>
         <object_component_ref idref="oc-18a"/>
      </symbol>
      <symbol id="sm-b29">
         <name>as_ok</name>
         <value>0x1f13</value>
         <object_component_ref idref="oc-127"/>
      </symbol>
      <symbol id="sm-b2a">
         <name>sBlueRobin</name>
         <value>0x1fea</value>
         <object_component_ref idref="oc-130"/>
      </symbol>
      <symbol id="sm-b2b">
         <name>chronos_black</name>
         <value>0x1fb4</value>
         <object_component_ref idref="oc-11e"/>
      </symbol>
      <symbol id="sm-b2c">
         <name>display_Lazer</name>
         <value>0xdd9c</value>
         <object_component_ref idref="oc-167"/>
      </symbol>
      <symbol id="sm-b2d">
         <name>display_Esporte</name>
         <value>0xdc44</value>
         <object_component_ref idref="oc-16a"/>
      </symbol>
      <symbol id="sm-b2e">
         <name>stop_bluerobin</name>
         <value>0xd9a6</value>
         <object_component_ref idref="oc-181"/>
      </symbol>
      <symbol id="sm-b2f">
         <name>_system_pre_init</name>
         <value>0xe2d8</value>
         <object_component_ref idref="oc-159"/>
      </symbol>
      <symbol id="sm-b30">
         <name>write_lcd_mem</name>
         <value>0xd226</value>
         <object_component_ref idref="oc-1a7"/>
      </symbol>
      <symbol id="sm-b31">
         <name>flash_erase_page</name>
         <value>0xd6e6</value>
         <object_component_ref idref="oc-191"/>
      </symbol>
      <symbol id="sm-b32">
         <name>sTime</name>
         <value>0x1fc6</value>
         <object_component_ref idref="oc-120"/>
      </symbol>
      <symbol id="sm-b33">
         <name>TIMER0_A0_ISR</name>
         <value>0xa310</value>
         <object_component_ref idref="oc-15f"/>
      </symbol>
      <symbol id="sm-b34">
         <name>add_day</name>
         <value>0xbf7a</value>
         <object_component_ref idref="oc-17e"/>
      </symbol>
      <symbol id="sm-b35">
         <name>nwk_processLink</name>
         <value>0xbdf0</value>
         <object_component_ref idref="oc-1df"/>
      </symbol>
      <symbol id="sm-b36">
         <name>sx_time</name>
         <value>0xe25e</value>
         <object_component_ref idref="oc-161"/>
      </symbol>
      <symbol id="sm-b37">
         <name>display_time</name>
         <value>0xa93e</value>
         <object_component_ref idref="oc-163"/>
      </symbol>
      <symbol id="sm-b38">
         <name>display_symbol</name>
         <value>0xe0bc</value>
         <object_component_ref idref="oc-183"/>
      </symbol>
   </symbol_table>
   <title>Link successful</title>
</link_info>
