******************************************************************************
                  MSP430 Linker PC v4.2.1                      
******************************************************************************
>> Linked Wed Jul 02 16:57:57 2014

OUTPUT FILE NAME:   <ez430_chronos_datalogger_915MHz.out>
ENTRY POINT SYMBOL: "_c_int00"  address: 0000c510


MEMORY CONFIGURATION

         name            origin    length      used     unused   attr    fill
----------------------  --------  ---------  --------  --------  ----  --------
  SFR                   00000000   00000010  00000000  00000010  RWIX
  PERIPHERALS_8BIT      00000010   000000f0  00000000  000000f0  RWIX
  PERIPHERALS_16BIT     00000100   00000100  00000000  00000100  RWIX
  INFOD                 00001800   00000080  00000000  00000080  RWIX
  INFOC                 00001880   00000080  00000000  00000080  RWIX
  INFOB                 00001900   00000080  00000000  00000080  RWIX
  INFOA                 00001980   00000080  00000000  00000080  RWIX
  RAM                   00001c00   00000ffe  000004d6  00000b28  RWIX
  DATALOG_MEMORY        00008000   00000400  00000000  00000400  RWIX
  FLASH                 00008400   00007b80  00004b66  0000301a  RWIX
  INT00                 0000ff80   00000002  00000000  00000002  RWIX
  INT01                 0000ff82   00000002  00000000  00000002  RWIX
  INT02                 0000ff84   00000002  00000000  00000002  RWIX
  INT03                 0000ff86   00000002  00000000  00000002  RWIX
  INT04                 0000ff88   00000002  00000000  00000002  RWIX
  INT05                 0000ff8a   00000002  00000000  00000002  RWIX
  INT06                 0000ff8c   00000002  00000000  00000002  RWIX
  INT07                 0000ff8e   00000002  00000000  00000002  RWIX
  INT08                 0000ff90   00000002  00000000  00000002  RWIX
  INT09                 0000ff92   00000002  00000000  00000002  RWIX
  INT10                 0000ff94   00000002  00000000  00000002  RWIX
  INT11                 0000ff96   00000002  00000000  00000002  RWIX
  INT12                 0000ff98   00000002  00000000  00000002  RWIX
  INT13                 0000ff9a   00000002  00000000  00000002  RWIX
  INT14                 0000ff9c   00000002  00000000  00000002  RWIX
  INT15                 0000ff9e   00000002  00000000  00000002  RWIX
  INT16                 0000ffa0   00000002  00000000  00000002  RWIX
  INT17                 0000ffa2   00000002  00000000  00000002  RWIX
  INT18                 0000ffa4   00000002  00000000  00000002  RWIX
  INT19                 0000ffa6   00000002  00000000  00000002  RWIX
  INT20                 0000ffa8   00000002  00000000  00000002  RWIX
  INT21                 0000ffaa   00000002  00000000  00000002  RWIX
  INT22                 0000ffac   00000002  00000000  00000002  RWIX
  INT23                 0000ffae   00000002  00000000  00000002  RWIX
  INT24                 0000ffb0   00000002  00000000  00000002  RWIX
  INT25                 0000ffb2   00000002  00000000  00000002  RWIX
  INT26                 0000ffb4   00000002  00000000  00000002  RWIX
  INT27                 0000ffb6   00000002  00000000  00000002  RWIX
  INT28                 0000ffb8   00000002  00000000  00000002  RWIX
  INT29                 0000ffba   00000002  00000000  00000002  RWIX
  INT30                 0000ffbc   00000002  00000000  00000002  RWIX
  INT31                 0000ffbe   00000002  00000000  00000002  RWIX
  INT32                 0000ffc0   00000002  00000000  00000002  RWIX
  INT33                 0000ffc2   00000002  00000000  00000002  RWIX
  INT34                 0000ffc4   00000002  00000000  00000002  RWIX
  INT35                 0000ffc6   00000002  00000000  00000002  RWIX
  INT36                 0000ffc8   00000002  00000000  00000002  RWIX
  INT37                 0000ffca   00000002  00000000  00000002  RWIX
  INT38                 0000ffcc   00000002  00000000  00000002  RWIX
  INT39                 0000ffce   00000002  00000000  00000002  RWIX
  INT40                 0000ffd0   00000002  00000000  00000002  RWIX
  INT41                 0000ffd2   00000002  00000000  00000002  RWIX
  INT42                 0000ffd4   00000002  00000000  00000002  RWIX
  INT43                 0000ffd6   00000002  00000000  00000002  RWIX
  INT44                 0000ffd8   00000002  00000000  00000002  RWIX
  INT45                 0000ffda   00000002  00000002  00000000  RWIX
  INT46                 0000ffdc   00000002  00000002  00000000  RWIX
  INT47                 0000ffde   00000002  00000002  00000000  RWIX
  INT48                 0000ffe0   00000002  00000002  00000000  RWIX
  INT49                 0000ffe2   00000002  00000002  00000000  RWIX
  INT50                 0000ffe4   00000002  00000002  00000000  RWIX
  INT51                 0000ffe6   00000002  00000002  00000000  RWIX
  INT52                 0000ffe8   00000002  00000002  00000000  RWIX
  INT53                 0000ffea   00000002  00000002  00000000  RWIX
  INT54                 0000ffec   00000002  00000002  00000000  RWIX
  INT55                 0000ffee   00000002  00000002  00000000  RWIX
  INT56                 0000fff0   00000002  00000002  00000000  RWIX
  INT57                 0000fff2   00000002  00000002  00000000  RWIX
  INT58                 0000fff4   00000002  00000002  00000000  RWIX
  INT59                 0000fff6   00000002  00000002  00000000  RWIX
  INT60                 0000fff8   00000002  00000002  00000000  RWIX
  INT61                 0000fffa   00000002  00000002  00000000  RWIX
  INT62                 0000fffc   00000002  00000002  00000000  RWIX
  RESET                 0000fffe   00000002  00000002  00000000  RWIX


SECTION ALLOCATION MAP

 output                                  attributes/
section   page    origin      length       input sections
--------  ----  ----------  ----------   ----------------
.pinit     0    00008400    00000000     UNINITIALIZED

.bss       0    00001c00    00000486     UNINITIALIZED
                  00001c00    000000b0     rts430x.lib : signal.obj (.bss)
                  00001cb0    0000008c     nwk_QMgmt.obj (.bss)
                  00001d3c    00000088     datalog.obj (.bss)
                  00001dc4    00000064     rts430x.lib : xfvalues.obj (.bss)
                  00001e28    0000005e     display.obj (.bss)
                  00001e86    00000048     rfsimpliciti.obj (.bss)
                  00001ece    00000045     ps.obj (.bss)
                  00001f13    00000001     as.obj (.bss)
                  00001f14    0000003c     mrfi.obj (.bss)
                  00001f50    0000001d     nwk.obj (.bss)
                  00001f6d    00000001     main_ED_BM.obj (.bss)
                  00001f6e    0000001c     BlueRobin_RX_915MHz.lib : BRRX_Resource.obj (.bss)
                  00001f8a    0000001a     bmp_ps.obj (.bss)
                  00001fa4    00000011     main.obj (.bss)
                  00001fb5    00000001     nwk_api.obj (.bss)
                  00001fb6    00000010     altitude.obj (.bss)
                  00001fc6    0000000e     clock.obj (.bss)
                  00001fd4    0000000c     BlueRobin_RX_915MHz.lib : BRRX_Scheduler.obj (.bss)
                  00001fe0    0000000a                             : BR_Common.obj (.bss)
                  00001fea    0000000a     bluerobin.obj (.bss)
                  00001ff4    0000000a     nwk_frame.obj (.bss)
                  00001ffe    0000000a     nwk_link.obj (.bss)
                  00002008    0000000a     ports.obj (.bss)
                  00002012    00000009     nwk_globals.obj (.bss)
                  0000201b    00000001     nwk_ping.obj (.bss)
                  0000201c    00000009     nwk_join.obj (.bss)
                  00002025    00000001     rfbsl.obj (.bss)
                  00002026    00000008     BlueRobin_RX_915MHz.lib : BRRX_Timer.obj (.bss)
                  0000202e    00000008     buzzer.obj (.bss)
                  00002036    00000008     rts430x.lib : _lock.obj (.bss)
                  0000203e    00000008                 : boot.obj (.bss)
                  00002046    00000007     timer.obj (.bss)
                  0000204d    00000001     --HOLE--
                  0000204e    00000006     BlueRobin_RX_915MHz.lib : BRRX_Radio.obj (.bss)
                  00002054    00000006     acceleration.obj (.bss)
                  0000205a    00000006     battery.obj (.bss)
                  00002060    00000006     date.obj (.bss)
                  00002066    00000005     BlueRobin_RX_915MHz.lib : BRRX_Packet.obj (.bss)
                  0000206b    00000001     --HOLE--
                  0000206c    00000004                             : BRRX_API.obj (.bss)
                  00002070    00000004     menu.obj (.bss)
                  00002074    00000004     rts430x.lib : feraiseexcept.obj (.bss)
                  00002078    00000004     status.obj (.bss)
                  0000207c    00000003     adc12.obj (.bss)
                  0000207f    00000001     --HOLE--
                  00002080    00000003     nwk_mgmt.obj (.bss)
                  00002083    00000001     --HOLE--
                  00002084    00000002     rts430x.lib : errno.obj (.bss)

.data      0    00001c00    00000000     UNINITIALIZED

.stack     0    00002bac    00000050     UNINITIALIZED
                  00002bac    00000002     rts430x.lib : boot.obj (.stack)
                  00002bae    0000004e     --HOLE--

.text      0    00008400    000044b0     
                  00008400    00000294     ps.obj (.text:conv_pa_to_meter)
                  00008694    0000027c     BlueRobin_RX_915MHz.lib : BRRX_Scheduler.obj (.text:BRRX__Scheduler_v)
                  00008910    0000024a     timer.obj (.text:_isr:TIMER0_A0_ISR)
                  00008b5a    0000020e     ports.obj (.text:_isr:PORT2_ISR)
                  00008d68    000001d6     ps.obj (.text:update_pressure_table)
                  00008f3e    000001b2     clock.obj (.text:display_time)
                  000090f0    00000192     bmp_ps.obj (.text:bmp_ps_get_pa)
                  00009282    00000164     nwk_link.obj (.text:smpl_send_link_reply$38)
                  000093e6    00000160     main.obj (.text:init_application)
                  00009546    0000014c     mrfi.obj (.text:MRFI_Transmit)
                  00009692    0000013a     mrfi.obj (.text:Mrfi_SyncPinRxIsr$29)
                  000097cc    00000138     altitude.obj (.text:do_altitude_measurement)
                  00009904    00000130     rts430x.lib : fs_add.obj (.text)
                  00009a34    0000011e     BlueRobin_RX_915MHz.lib : BRRX_Scheduler.obj (.text:PacketMissed_v)
                  00009b52    0000011e     main.obj (.text:wakeup_event)
                  00009c70    0000010e     datalog.obj (.text:datalog_sm)
                  00009d7e    00000108     main.obj (.text:init_global_variables)
                  00009e86    00000104     nwk_frame.obj (.text:dispatchFrame$31)
                  00009f8a    00000104     main.obj (.text:display_update)
                  0000a08e    000000e6     bmp_ps.obj (.text:bmp_ps_init)
                  0000a174    000000e4     datalog.obj (.text:do_datalog)
                  0000a258    000000d2     nwk.obj (.text:nwk_allocateLocalRxPort)
                  0000a32a    000000ce     display.obj (.text:display_chars)
                  0000a3f8    000000cc     nwk_link.obj (.text:nwk_processLink)
                  0000a4c4    000000be     display.obj (.text:int_to_array)
                  0000a582    000000bc     date.obj (.text:add_day)
                  0000a63e    000000b6     BlueRobin_RX_915MHz.lib : BRRX_Scheduler.obj (.text:SearchPacketHit_u8)
                  0000a6f4    000000b6     rts430x.lib : fs_mpy.obj (.text)
                  0000a7aa    000000b4     battery.obj (.text:battery_measurement)
                  0000a85e    000000ac     main.obj (.text:read_calibration_values)
                  0000a90a    000000aa     datalog.obj (.text:datalog_write_buffer)
                  0000a9b4    000000a4     rf1a.obj (.text:Strobe)
                  0000aa58    0000008e     rts430x.lib : fs_div.obj (.text)
                  0000aae6    0000008c     I2C.obj (.text:i2c_sda)
                  0000ab72    0000008c     ps.obj (.text:ps_i2c_sda)
                  0000abfe    0000008a     nwk_frame.obj (.text:nwk_buildFrame)
                  0000ac88    00000088     pmm.obj (.text:SetVCore)
                  0000ad10    00000086     BlueRobin_RX_915MHz.lib : BRRX_Scheduler.obj (.text:GetData_v)
                  0000ad96    0000007e     rts430x.lib : fs_tol.obj (.text)
                  0000ae14    0000007c     BlueRobin_RX_915MHz.lib : BRRX_Scheduler.obj (.text:TrimACLK_Offset_v)
                  0000ae90    0000007c     nwk_frame.obj (.text:nwk_sendAckReply)
                  0000af0c    0000007a     altitude.obj (.text:start_altitude_measurement)
                  0000af86    00000078     nwk.obj (.text:nwk_getNextConnection)
                  0000affe    00000076     nwk_QMgmt.obj (.text:nwk_QfindSlot)
                  0000b074    00000074     mrfi.obj (.text:mrfiRadioInterfaceCmdStrobe)
                  0000b0e8    00000072     display.obj (.text:display_char)
                  0000b15a    00000072     ps.obj (.text:ps_read_register)
                  0000b1cc    0000006e     BlueRobin_RX_915MHz.lib : BRRX_Radio.obj (.text:BRRX_RadioReceive_v)
                  0000b23a    0000006c     main.obj (.text:main)
                  0000b2a6    0000006a     BlueRobin_RX_915MHz.lib : BRRX_API.obj (.text:ResetTXCB_v)
                  0000b310    0000006a     cma_ps.obj (.text:cma_ps_get_pa)
                  0000b37a    00000068     rts430x.lib : fs_toi.obj (.text)
                  0000b3e2    00000066     timer.obj (.text:_isr:TIMER0_A1_5_ISR)
                  0000b448    00000066     nwk_ping.obj (.text:nwk_processPing)
                  0000b4ae    00000064     cma_ps.obj (.text:cma_ps_init)
                  0000b512    00000062     mrfi.obj (.text:MRFI_RadioIsr)
                  0000b574    0000005e     BlueRobin_RX_915MHz.lib : BRRX_Radio.obj (.text:BRRX_PacketEndTimerTask_v)
                  0000b5d2    0000005c     buzzer.obj (.text:toggle_buzzer)
                  0000b62e    0000005a     BlueRobin_RX_915MHz.lib : BRRX_Scheduler.obj (.text:PrepareForFirstPacket_v)
                  0000b688    00000058     display.obj (.text:clear_line)
                  0000b6e0    00000058     status.obj (.text:display_Smart)
                  0000b738    00000058     ps.obj (.text:ps_write_register)
                  0000b790    00000058     rts430x.lib : div32u.obj (.text)
                  0000b7e8    00000058     display.obj (.text:write_lcd_mem)
                  0000b840    00000052     BlueRobin_RX_915MHz.lib : BRRX_Scheduler.obj (.text:BRRX__StartNewSearch_v)
                  0000b892    00000052                             : BRRX_Scheduler.obj (.text:TestStartTime_v)
                  0000b8e4    00000052     ps.obj (.text:ps_i2c_read)
                  0000b936    00000050     timer.obj (.text:Timer0_A4_Delay)
                  0000b986    00000050     cma_ps.obj (.text:cma_ps_get_temp)
                  0000b9d6    0000004c     BlueRobin_RX_915MHz.lib : BRRX_Scheduler.obj (.text:SearchPacketCheck_u8)
                  0000ba22    0000004c     rts430x.lib : fs_toul.obj (.text)
                  0000ba6e    0000004a                 : fs_cmp.obj (.text)
                  0000bab8    0000004a                 : fs_ltof.obj (.text)
                  0000bb02    00000048                 : autoinit.obj (.text:_auto_init)
                  0000bb4a    00000048     I2C.obj (.text:i2c_write_register)
                  0000bb92    00000046     BlueRobin_RX_915MHz.lib : BR_Common.obj (.text:BR__CalcRandomTimeOffset_u16)
                  0000bbd8    00000046     rf1a.obj (.text:ReadBurstReg)
                  0000bc1e    00000046     nwk_mgmt.obj (.text:nwk_processMgmt)
                  0000bc64    00000046     rts430x.lib : fs_tou.obj (.text)
                  0000bcaa    00000044     flash.obj (.text:flash_erase_page)
                  0000bcee    00000044     mrfi.obj (.text:mrfiRadioInterfaceReadReg)
                  0000bd32    00000042     I2C.obj (.text:i2c_write)
                  0000bd74    00000042     ps.obj (.text:ps_i2c_write)
                  0000bdb6    00000040     rts430x.lib : div32s.obj (.text)
                  0000bdf6    0000003e     BlueRobin_RX_915MHz.lib : BRRX_Packet.obj (.text:BRRX__DecodePacket_u8)
                  0000be34    0000003e                             : BRRX_API.obj (.text:BRRX__NewInfo_v)
                  0000be72    0000003e                             : BRRX_Scheduler.obj (.text:PacketHit_u8)
                  0000beb0    0000003e     rts430x.lib : asr32.obj (.text:l_asr_const)
                  0000beee    0000003e                 : lsl32.obj (.text:l_lsl_const)
                  0000bf2c    0000003e                 : lsr32.obj (.text:l_lsr_const)
                  0000bf6a    0000003e     bluerobin.obj (.text:stop_bluerobin)
                  0000bfa8    0000003c     BlueRobin_RX_915MHz.lib : BRRX_Timer.obj (.text:BRRX_TimerTask_v)
                  0000bfe4    0000003a     rf1a.obj (.text:WriteSingleReg)
                  0000c01e    0000003a     nwk.obj (.text:nwk_isValidReply)
                  0000c058    00000038     radio.obj (.text:_isr:radio_ISR)
                  0000c090    00000038     altitude.obj (.text:stop_altitude_measurement)
                  0000c0c8    00000036     mrfi.obj (.text:mrfiRadioInterfaceWriteReg)
                  0000c0fe    00000036     rts430x.lib : fs_itof.obj (.text)
                  0000c134    00000034     BlueRobin_RX_915MHz.lib : BR_Common.obj (.text:BR__CalcCRC_u8)
                  0000c168    00000034                             : BRRX_Scheduler.obj (.text:TrimRFCLK_Offset_v)
                  0000c19c    00000032                             : BRRX_Radio.obj (.text:BRRX_RadioStop_v)
                  0000c1ce    00000032     status.obj (.text:display_Esporte)
                  0000c200    00000032     status.obj (.text:display_Fora)
                  0000c232    00000032     status.obj (.text:display_Trabalho)
                  0000c264    00000032     mrfi.obj (.text:mrfiRadioInterfaceReadRxFifo)
                  0000c296    00000032     radio.obj (.text:radio_reset)
                  0000c2c8    00000032     rts430x.lib : fs_ultof.obj (.text)
                  0000c2fa    00000030     nwk_frame.obj (.text:nwk_sendFrame)
                  0000c32a    0000002e     status.obj (.text:display_Casa)
                  0000c358    0000002e     status.obj (.text:display_Lazer)
                  0000c386    0000002e     status.obj (.text:display_Sono)
                  0000c3b4    0000002e     nwk_QMgmt.obj (.text:nwk_QadjustOrder)
                  0000c3e2    0000002c     datalog.obj (.text:datalog_add_to_buffer)
                  0000c40e    0000002c     flash.obj (.text:flash_write)
                  0000c43a    0000002c     nwk.obj (.text:map_lid2idx$34)
                  0000c466    0000002c     rts430x.lib : div16s.obj (.text)
                  0000c492    0000002a     mrfi.obj (.text:Mrfi_CalculateRssi$29)
                  0000c4bc    0000002a     BlueRobin_RX_915MHz.lib : BRRX_Scheduler.obj (.text:SearchPacketMissed_u8)
                  0000c4e6    0000002a     timer.obj (.text:Timer0_A3_Start)
                  0000c510    0000002a     rts430x.lib : boot.obj (.text:_isr:_c_int00_noexit)
                  0000c53a    00000028     buzzer.obj (.text:stop_buzzer)
                  0000c562    00000026     ps.obj (.text:init_pressure_table)
                  0000c588    00000024     BlueRobin_RX_915MHz.lib : BRRX_API.obj (.text:BRRX_GetState_t)
                  0000c5ac    00000024     ps.obj (.text:ps_init)
                  0000c5d0    00000024     rts430x.lib : fs_utof.obj (.text)
                  0000c5f4    00000022     bsp.obj (.text:BSP_Delay)
                  0000c616    00000022     rts430x.lib : memcmp.obj (.text:memcmp)
                  0000c638    00000022                 : mult32_f5hw.obj (.text)
                  0000c65a    0000001e     BlueRobin_RX_915MHz.lib : BRRX_Timer.obj (.text:SetAbsoluteTimer_v)
                  0000c678    0000001e     display.obj (.text:display_symbol)
                  0000c696    0000001e     rts430x.lib : memmov.obj (.text:memmove)
                  0000c6b4    0000001e     nwk_join.obj (.text:nwk_processJoin)
                  0000c6d2    0000001c     mrfi.obj (.text:Mrfi_DelayUsec$29)
                  0000c6ee    0000001c     radio.obj (.text:close_radio)
                  0000c70a    0000001c     display.obj (.text:display_am_pm_symbol)
                  0000c726    0000001a     BlueRobin_RX_915MHz.lib : BRRX_Scheduler.obj (.text:GetPacketTolerance_u8)
                  0000c740    0000001a     adc12.obj (.text:_isr:ADC12ISR)
                  0000c75a    00000018     rf1a.obj (.text:ReadSingleReg)
                  0000c772    00000016     rts430x.lib : div16u.obj (.text)
                  0000c788    00000016                 : mult16_f5hw.obj (.text)
                  0000c79e    00000014     I2C.obj (.text:i2c_init)
                  0000c7b2    00000012     BlueRobin_RX_915MHz.lib : BR_Common.obj (.text:BR__CalcRandomChannel_u8)
                  0000c7c4    00000012                             : BRRX_Radio.obj (.text:BlueRobin_RadioISR_v)
                  0000c7d6    00000012     rts430x.lib : memcpy.obj (.text:memcpy)
                  0000c7e8    00000012                 : memset.obj (.text:memset)
                  0000c7fa    00000010     radio.obj (.text:radio_powerdown)
                  0000c80a    00000010     date.obj (.text:sx_date)
                  0000c81a    00000010     clock.obj (.text:sx_time)
                  0000c82a    0000000c     BlueRobin_RX_915MHz.lib : BRRX_Timer.obj (.text:BRRX__GetCurrentTime_u16)
                  0000c836    0000000c     rfsimpliciti.obj (.text:is_rf)
                  0000c842    0000000a     BlueRobin_RX_915MHz.lib : BRRX_Timer.obj (.text:BRRX__StopTimer_v)
                  0000c84c    0000000a     rts430x.lib : fs_neg.obj (.text)
                  0000c856    0000000a                 : lsl16.obj (.text)
                  0000c860    0000000a                 : lsr16.obj (.text)
                  0000c86a    0000000a     menu.obj (.text:update_time)
                  0000c874    00000008     BlueRobin_RX_915MHz.lib : BRRX_Radio.obj (.text:BRRX_GetFS_Offset_s8)
                  0000c87c    00000006                             : BRRX_API.obj (.text:BRRX_GetHeartRate_u8)
                  0000c882    00000006                             : BRRX_API.obj (.text:BRRX_Stop_v)
                  0000c888    00000006                             : BRRX_Timer.obj (.text:BRRX__CallTimer_v)
                  0000c88e    00000006     rts430x.lib : isr_trap.obj (.text:__TI_ISR_TRAP)
                  0000c894    00000004                 : pre_init.obj (.text:_system_pre_init)
                  0000c898    00000004                 : exit.obj (.text:abort)
                  0000c89c    00000004     I2C.obj (.text:i2c_delay)
                  0000c8a0    00000004     nwk_freq.obj (.text:nwk_processFreq)
                  0000c8a4    00000004     nwk_security.obj (.text:nwk_processSecurity)
                  0000c8a8    00000004     ps.obj (.text:ps_i2c_delay)
                  0000c8ac    00000002     rts430x.lib : _lock.obj (.text:_nop)
                  0000c8ae    00000002     user.obj (.text:dummy)

.const     0    0000c8b0    000004f2     
                  0000c8b0    0000021f     display.obj (.const:int_to_array_conversion_table)
                  0000cacf    00000001     mrfi.obj (.const)
                  0000cad0    00000100     BlueRobin_RX_915MHz.lib : BR_Common.obj (.const:RandomValue_u8)
                  0000cbd0    00000090     menu.obj (.const)
                  0000cc60    00000076     <whole-program> (.const:.string)
                  0000ccd6    0000002b     display.obj (.const:.string:lcd_font)
                  0000cd01    00000001     nwk_frame.obj (.const)
                  0000cd02    0000002a     display.obj (.const:.string:segments_bitmask)
                  0000cd2c    00000022     ps.obj (.const:h0)
                  0000cd4e    00000022     ps.obj (.const:p0)
                  0000cd70    00000018     nwk_frame.obj (.const:func$31)
                  0000cd88    00000009     nwk_globals.obj (.const)
                  0000cd91    00000001     --HOLE-- [fill = 0]
                  0000cd92    00000004     mrfi.obj (.const:.string:mrfiBroadcastAddr)
                  0000cd96    00000004     BlueRobin_RX_915MHz.lib : BRRX_Resource.obj (.const)
                  0000cd9a    00000004     rts430x.lib : feraiseexcept.obj (.const)
                  0000cd9e    00000004                 : xfvalues.obj (.const)

.cinit     0    0000cda2    000001c4     
                  0000cda2    0000017a     <whole-program> (.cinit)
                  0000cf1c    00000017     BlueRobin_RX_915MHz.lib : BRRX_Scheduler.obj (.cinit)
                  0000cf33    00000001     --HOLE-- [fill = 0]
                  0000cf34    00000017                             : BRRX_Timer.obj (.cinit)
                  0000cf4b    00000001     --HOLE-- [fill = 0]
                  0000cf4c    0000000c                             : BRRX_Radio.obj (.cinit)
                  0000cf58    0000000b                             : BRRX_Packet.obj (.cinit)
                  0000cf63    00000001     --HOLE-- [fill = 0]
                  0000cf64    00000002     (.pad.cinit) [fill = 0]

AES        0    0000ffda    00000002     
                  0000ffda    00000002     rts430x.lib : int45.obj (.int45)

RTC        0    0000ffdc    00000002     
                  0000ffdc    00000002     rts430x.lib : int46.obj (.int46)

LCD_B      0    0000ffde    00000002     
                  0000ffde    00000002     rts430x.lib : int47.obj (.int47)

PORT2      0    0000ffe0    00000002     
                  0000ffe0    00000002     <whole-program> (.int48)

PORT1      0    0000ffe2    00000002     
                  0000ffe2    00000002     rts430x.lib : int49.obj (.int49)

TIMER1_A1 
*          0    0000ffe4    00000002     
                  0000ffe4    00000002     rts430x.lib : int50.obj (.int50)

TIMER1_A0 
*          0    0000ffe6    00000002     
                  0000ffe6    00000002     rts430x.lib : int51.obj (.int51)

DMA        0    0000ffe8    00000002     
                  0000ffe8    00000002     rts430x.lib : int52.obj (.int52)

CC1101     0    0000ffea    00000002     
                  0000ffea    00000002     radio.obj (.int53)

TIMER0_A1 
*          0    0000ffec    00000002     
                  0000ffec    00000002     <whole-program> (.int54)

TIMER0_A0 
*          0    0000ffee    00000002     
                  0000ffee    00000002     <whole-program> (.int55)

ADC12      0    0000fff0    00000002     
                  0000fff0    00000002     <whole-program> (.int56)

USCI_B0    0    0000fff2    00000002     
                  0000fff2    00000002     rts430x.lib : int57.obj (.int57)

USCI_A0    0    0000fff4    00000002     
                  0000fff4    00000002     rts430x.lib : int58.obj (.int58)

WDT        0    0000fff6    00000002     
                  0000fff6    00000002     rts430x.lib : int59.obj (.int59)

COMP_B     0    0000fff8    00000002     
                  0000fff8    00000002     rts430x.lib : int60.obj (.int60)

UNMI       0    0000fffa    00000002     
                  0000fffa    00000002     rts430x.lib : int61.obj (.int61)

SYSNMI     0    0000fffc    00000002     
                  0000fffc    00000002     rts430x.lib : int62.obj (.int62)

.reset     0    0000fffe    00000002     
                  0000fffe    00000002     rts430x.lib : boot.obj (.reset)


GLOBAL SYMBOLS: SORTED ALPHABETICALLY BY Name 

address    name
--------   ----
00001c00   .bss
00001c00   .data
00008400   .text
00000700   ADC12CTL0
00000701   ADC12CTL0_H
00000700   ADC12CTL0_L
00000702   ADC12CTL1
00000703   ADC12CTL1_H
00000702   ADC12CTL1_L
00000704   ADC12CTL2
00000705   ADC12CTL2_H
00000704   ADC12CTL2_L
0000070c   ADC12IE
0000070d   ADC12IE_H
0000070c   ADC12IE_L
0000070a   ADC12IFG
0000070b   ADC12IFG_H
0000070a   ADC12IFG_L
0000c740   ADC12ISR
0000070e   ADC12IV
0000070f   ADC12IV_H
0000070e   ADC12IV_L
00000710   ADC12MCTL0
00000711   ADC12MCTL1
0000071a   ADC12MCTL10
0000071b   ADC12MCTL11
0000071c   ADC12MCTL12
0000071d   ADC12MCTL13
0000071e   ADC12MCTL14
0000071f   ADC12MCTL15
00000712   ADC12MCTL2
00000713   ADC12MCTL3
00000714   ADC12MCTL4
00000715   ADC12MCTL5
00000716   ADC12MCTL6
00000717   ADC12MCTL7
00000718   ADC12MCTL8
00000719   ADC12MCTL9
00000720   ADC12MEM0
00000721   ADC12MEM0_H
00000720   ADC12MEM0_L
00000722   ADC12MEM1
00000734   ADC12MEM10
00000735   ADC12MEM10_H
00000734   ADC12MEM10_L
00000736   ADC12MEM11
00000737   ADC12MEM11_H
00000736   ADC12MEM11_L
00000738   ADC12MEM12
00000739   ADC12MEM12_H
00000738   ADC12MEM12_L
0000073a   ADC12MEM13
0000073b   ADC12MEM13_H
0000073a   ADC12MEM13_L
0000073c   ADC12MEM14
0000073d   ADC12MEM14_H
0000073c   ADC12MEM14_L
0000073e   ADC12MEM15
0000073f   ADC12MEM15_H
0000073e   ADC12MEM15_L
00000723   ADC12MEM1_H
00000722   ADC12MEM1_L
00000724   ADC12MEM2
00000725   ADC12MEM2_H
00000724   ADC12MEM2_L
00000726   ADC12MEM3
00000727   ADC12MEM3_H
00000726   ADC12MEM3_L
00000728   ADC12MEM4
00000729   ADC12MEM4_H
00000728   ADC12MEM4_L
0000072a   ADC12MEM5
0000072b   ADC12MEM5_H
0000072a   ADC12MEM5_L
0000072c   ADC12MEM6
0000072d   ADC12MEM6_H
0000072c   ADC12MEM6_L
0000072e   ADC12MEM7
0000072f   ADC12MEM7_H
0000072e   ADC12MEM7_L
00000730   ADC12MEM8
00000731   ADC12MEM8_H
00000730   ADC12MEM8_L
00000732   ADC12MEM9
00000733   ADC12MEM9_H
00000732   ADC12MEM9_L
000009c0   AESACTL0
000009c1   AESACTL0_H
000009c0   AESACTL0_L
000009c8   AESADIN
000009c9   AESADIN_H
000009c8   AESADIN_L
000009ca   AESADOUT
000009cb   AESADOUT_H
000009ca   AESADOUT_L
000009c6   AESAKEY
000009c7   AESAKEY_H
000009c6   AESAKEY_L
000009c4   AESASTAT
000009c5   AESASTAT_H
000009c4   AESASTAT_L
0000c874   BRRX_GetFS_Offset_s8
0000c87c   BRRX_GetHeartRate_u8
0000c588   BRRX_GetState_t
0000b574   BRRX_PacketEndTimerTask_v
0000b1cc   BRRX_RadioReceive_v
0000c19c   BRRX_RadioStop_v
0000c882   BRRX_Stop_v
0000bfa8   BRRX_TimerTask_v
0000c888   BRRX__CallTimer_v
00002068   BRRX__CurrentPacketTime_u16
0000206a   BRRX__CurrentSignalLevel_u8
0000bdf6   BRRX__DecodePacket_u8
0000cd96   BRRX__First_TXCB_t
0000c82a   BRRX__GetCurrentTime_u16
0000cd98   BRRX__Last_TXCB_t
00001fdc   BRRX__MaxSearchTries_u8
0000be34   BRRX__NewInfo_v
00002028   BRRX__NextEndTime_u16
00002026   BRRX__NextEventTime_u16
0000202b   BRRX__NextFrequencyOffset_s8
0000202a   BRRX__NextFrequency_u8
00001fe0   BRRX__PacketBits_t
00001fda   BRRX__PowerdownDelay_u8
00008694   BRRX__Scheduler_v
00001fdd   BRRX__SearchRatio_u8
00001fdb   BRRX__SignalLevelReduction
0000b840   BRRX__StartNewSearch_v
00002066   BRRX__StatusFlags_t
0000c842   BRRX__StopTimer_v
00001f6e   BRRX__TXCB_t
00001fde   BRRX__TestMode_u8
0000202c   BRRX__TimerState_t
0000c134   BR__CalcCRC_u8
0000c7b2   BR__CalcRandomChannel_u8
0000bb92   BR__CalcRandomTimeOffset_u16
0000c5f4   BSP_Delay
0000c7c4   BlueRobin_RadioISR_v
0000c898   C$$EXIT
000008c0   CBCTL0
000008c1   CBCTL0_H
000008c0   CBCTL0_L
000008c2   CBCTL1
000008c3   CBCTL1_H
000008c2   CBCTL1_L
000008c4   CBCTL2
000008c5   CBCTL2_H
000008c4   CBCTL2_L
000008c6   CBCTL3
000008c7   CBCTL3_H
000008c6   CBCTL3_L
000008cc   CBINT
000008cd   CBINT_H
000008cc   CBINT_L
000008ce   CBIV
00000150   CRCDI
00000152   CRCDIRB
00000153   CRCDIRB_H
00000152   CRCDIRB_L
00000151   CRCDI_H
00000150   CRCDI_L
00000154   CRCINIRES
00000155   CRCINIRES_H
00000154   CRCINIRES_L
00000156   CRCRESR
00000157   CRCRESR_H
00000156   CRCRESR_L
00000510   DMA0CTL
00000511   DMA0CTL_H
00000510   DMA0CTL_L
00000516   DMA0DA
00000516   DMA0DAL
00000512   DMA0SA
00000512   DMA0SAL
0000051a   DMA0SZ
00000520   DMA1CTL
00000521   DMA1CTL_H
00000520   DMA1CTL_L
00000526   DMA1DA
00000526   DMA1DAL
00000522   DMA1SA
00000522   DMA1SAL
0000052a   DMA1SZ
00000530   DMA2CTL
00000531   DMA2CTL_H
00000530   DMA2CTL_L
00000536   DMA2DA
00000536   DMA2DAL
00000532   DMA2SA
00000532   DMA2SAL
0000053a   DMA2SZ
00000500   DMACTL0
00000501   DMACTL0_H
00000500   DMACTL0_L
00000502   DMACTL1
00000503   DMACTL1_H
00000502   DMACTL1_L
00000504   DMACTL2
00000505   DMACTL2_H
00000504   DMACTL2_L
00000506   DMACTL3
00000507   DMACTL3_H
00000506   DMACTL3_L
00000508   DMACTL4
00000509   DMACTL4_H
00000508   DMACTL4_L
0000050e   DMAIV
0000050f   DMAIV_H
0000050e   DMAIV_L
00000140   FCTL1
00000141   FCTL1_H
00000140   FCTL1_L
00000144   FCTL3
00000145   FCTL3_H
00000144   FCTL3_L
00000146   FCTL4
00000147   FCTL4_H
00000146   FCTL4_L
0000c856   I_LSL
0000c860   I_LSR
00000a04   LCDBBLKCTL
00000a05   LCDBBLKCTL_H
00000a04   LCDBBLKCTL_L
00000a12   LCDBCPCTL
00000a13   LCDBCPCTL_H
00000a12   LCDBCPCTL_L
00000a00   LCDBCTL0
00000a01   LCDBCTL0_H
00000a00   LCDBCTL0_L
00000a02   LCDBCTL1
00000a03   LCDBCTL1_H
00000a02   LCDBCTL1_L
00000a1e   LCDBIV
00000a40   LCDBM1
00000a49   LCDBM10
00000a4a   LCDBM11
00000a4b   LCDBM12
00000a4c   LCDBM13
00000a4d   LCDBM14
00000a4e   LCDBM15
00000a4f   LCDBM16
00000a50   LCDBM17
00000a51   LCDBM18
00000a52   LCDBM19
00000a41   LCDBM2
00000a53   LCDBM20
00000a54   LCDBM21
00000a55   LCDBM22
00000a56   LCDBM23
00000a57   LCDBM24
00000a42   LCDBM3
00000a43   LCDBM4
00000a44   LCDBM5
00000a45   LCDBM6
00000a46   LCDBM7
00000a47   LCDBM8
00000a48   LCDBM9
00000a06   LCDBMEMCTL
00000a07   LCDBMEMCTL_H
00000a06   LCDBMEMCTL_L
00000a0a   LCDBPCTL0
00000a0b   LCDBPCTL0_H
00000a0a   LCDBPCTL0_L
00000a0c   LCDBPCTL1
00000a0d   LCDBPCTL1_H
00000a0c   LCDBPCTL1_L
00000a0e   LCDBPCTL2
00000a0f   LCDBPCTL2_H
00000a0e   LCDBPCTL2_L
00000a10   LCDBPCTL3
00000a11   LCDBPCTL3_H
00000a10   LCDBPCTL3_L
00000a08   LCDBVCTL
00000a09   LCDBVCTL_H
00000a08   LCDBVCTL_L
00000a20   LCDM1
00000a29   LCDM10
00000a2a   LCDM11
00000a2b   LCDM12
00000a2c   LCDM13
00000a2d   LCDM14
00000a2e   LCDM15
00000a2f   LCDM16
00000a30   LCDM17
00000a31   LCDM18
00000a32   LCDM19
00000a21   LCDM2
00000a33   LCDM20
00000a34   LCDM21
00000a35   LCDM22
00000a36   LCDM23
00000a37   LCDM24
00000a22   LCDM3
00000a23   LCDM4
00000a24   LCDM5
00000a25   LCDM6
00000a26   LCDM7
00000a27   LCDM8
00000a28   LCDM9
0000bee8   L_ASR_1
0000bec4   L_ASR_10
0000bec0   L_ASR_11
0000bebc   L_ASR_12
0000beb8   L_ASR_13
0000beb4   L_ASR_14
0000beb0   L_ASR_15
0000bee4   L_ASR_2
0000bee0   L_ASR_3
0000bedc   L_ASR_4
0000bed8   L_ASR_5
0000bed4   L_ASR_6
0000bed0   L_ASR_7
0000becc   L_ASR_8
0000bec8   L_ASR_9
0000bf26   L_LSL_1
0000bf02   L_LSL_10
0000befe   L_LSL_11
0000befa   L_LSL_12
0000bef6   L_LSL_13
0000bef2   L_LSL_14
0000beee   L_LSL_15
0000bf22   L_LSL_2
0000bf1e   L_LSL_3
0000bf1a   L_LSL_4
0000bf16   L_LSL_5
0000bf12   L_LSL_6
0000bf0e   L_LSL_7
0000bf0a   L_LSL_8
0000bf06   L_LSL_9
0000bf64   L_LSR_1
0000bf40   L_LSR_10
0000bf3c   L_LSR_11
0000bf38   L_LSR_12
0000bf34   L_LSR_13
0000bf30   L_LSR_14
0000bf2c   L_LSR_15
0000bf60   L_LSR_2
0000bf5c   L_LSR_3
0000bf58   L_LSR_4
0000bf54   L_LSR_5
0000bf50   L_LSR_6
0000bf4c   L_LSR_7
0000bf48   L_LSR_8
0000bf44   L_LSR_9
000004c4   MAC
000004da   MAC32H
000004db   MAC32H_H
000004da   MAC32H_L
000004d8   MAC32L
000004d9   MAC32L_H
000004d8   MAC32L_L
000004c6   MACS
000004de   MACS32H
000004df   MACS32H_H
000004de   MACS32H_L
000004dc   MACS32L
000004dd   MACS32L_H
000004dc   MACS32L_L
000004c7   MACS_H
000004c6   MACS_L
000004c5   MAC_H
000004c4   MAC_L
000004c0   MPY
000004ec   MPY32CTL0
000004ed   MPY32CTL0_H
000004ec   MPY32CTL0_L
000004d2   MPY32H
000004d3   MPY32H_H
000004d2   MPY32H_L
000004d0   MPY32L
000004d1   MPY32L_H
000004d0   MPY32L_L
000004c2   MPYS
000004d6   MPYS32H
000004d7   MPYS32H_H
000004d6   MPYS32H_L
000004d4   MPYS32L
000004d5   MPYS32L_H
000004d4   MPYS32L_L
000004c3   MPYS_H
000004c2   MPYS_L
000004c1   MPY_H
000004c0   MPY_L
0000b512   MRFI_RadioIsr
00009546   MRFI_Transmit
000004c8   OP2
000004e2   OP2H
000004e3   OP2H_H
000004e2   OP2H_L
000004e0   OP2L
000004e1   OP2L_H
000004e0   OP2L_L
000004c9   OP2_H
000004c8   OP2_L
0000020e   P1IV
000001c8   P1MAP01
000001c9   P1MAP01_H
000001c8   P1MAP01_L
000001ca   P1MAP23
000001cb   P1MAP23_H
000001ca   P1MAP23_L
000001cc   P1MAP45
000001cd   P1MAP45_H
000001cc   P1MAP45_L
000001ce   P1MAP67
000001cf   P1MAP67_H
000001ce   P1MAP67_L
0000021e   P2IV
000001d0   P2MAP01
000001d1   P2MAP01_H
000001d0   P2MAP01_L
000001d2   P2MAP23
000001d3   P2MAP23_H
000001d2   P2MAP23_L
000001d4   P2MAP45
000001d5   P2MAP45_H
000001d4   P2MAP45_L
000001d6   P2MAP67
000001d7   P2MAP67_H
000001d6   P2MAP67_L
000001d8   P3MAP01
000001d9   P3MAP01_H
000001d8   P3MAP01_L
000001da   P3MAP23
000001db   P3MAP23_H
000001da   P3MAP23_L
000001dc   P3MAP45
000001dd   P3MAP45_H
000001dc   P3MAP45_L
000001de   P3MAP67
000001df   P3MAP67_H
000001de   P3MAP67_L
00000204   PADIR
00000205   PADIR_H
00000204   PADIR_L
00000208   PADS
00000209   PADS_H
00000208   PADS_L
0000021a   PAIE
00000218   PAIES
00000219   PAIES_H
00000218   PAIES_L
0000021b   PAIE_H
0000021a   PAIE_L
0000021c   PAIFG
0000021d   PAIFG_H
0000021c   PAIFG_L
00000200   PAIN
00000201   PAIN_H
00000200   PAIN_L
00000202   PAOUT
00000203   PAOUT_H
00000202   PAOUT_L
00000206   PAREN
00000207   PAREN_H
00000206   PAREN_L
0000020a   PASEL
0000020b   PASEL_H
0000020a   PASEL_L
00000224   PBDIR
00000225   PBDIR_H
00000224   PBDIR_L
00000228   PBDS
00000229   PBDS_H
00000228   PBDS_L
00000220   PBIN
00000221   PBIN_H
00000220   PBIN_L
00000222   PBOUT
00000223   PBOUT_H
00000222   PBOUT_L
00000226   PBREN
00000227   PBREN_H
00000226   PBREN_L
0000022a   PBSEL
0000022b   PBSEL_H
0000022a   PBSEL_L
00000244   PCDIR
00000245   PCDIR_H
00000244   PCDIR_L
00000248   PCDS
00000249   PCDS_H
00000248   PCDS_L
00000240   PCIN
00000241   PCIN_H
00000240   PCIN_L
00000242   PCOUT
00000243   PCOUT_H
00000242   PCOUT_L
00000246   PCREN
00000247   PCREN_H
00000246   PCREN_L
0000024a   PCSEL
0000024b   PCSEL_H
0000024a   PCSEL_L
00000324   PJDIR
00000325   PJDIR_H
00000324   PJDIR_L
00000328   PJDS
00000329   PJDS_H
00000328   PJDS_L
00000320   PJIN
00000321   PJIN_H
00000320   PJIN_L
00000322   PJOUT
00000323   PJOUT_H
00000322   PJOUT_L
00000326   PJREN
00000327   PJREN_H
00000326   PJREN_L
000001c2   PMAPCTL
000001c3   PMAPCTL_H
000001c2   PMAPCTL_L
000001c0   PMAPKEYID
000001c1   PMAPKEYID_H
000001c0   PMAPKEYID_L
00000120   PMMCTL0
00000121   PMMCTL0_H
00000120   PMMCTL0_L
00000122   PMMCTL1
00000123   PMMCTL1_H
00000122   PMMCTL1_L
0000012c   PMMIFG
0000012d   PMMIFG_H
0000012c   PMMIFG_L
0000012e   PMMRIE
0000012f   PMMRIE_H
0000012e   PMMRIE_L
00008b5a   PORT2_ISR
00000158   RCCTL0
00000159   RCCTL0_H
00000158   RCCTL0_L
000001b0   REFCTL0
000001b1   REFCTL0_H
000001b0   REFCTL0_L
000004e4   RES0
000004e5   RES0_H
000004e4   RES0_L
000004e6   RES1
000004e7   RES1_H
000004e6   RES1_L
000004e8   RES2
000004e9   RES2_H
000004e8   RES2_L
000004ea   RES3
000004eb   RES3_H
000004ea   RES3_L
000004cc   RESHI
000004cd   RESHI_H
000004cc   RESHI_L
000004ca   RESLO
000004cb   RESLO_H
000004ca   RESLO_L
00000f16   RF1ADINW
00000f17   RF1ADINW_H
00000f16   RF1ADINW_L
00000f28   RF1ADOUT0W
00000f29   RF1ADOUT0W_H
00000f28   RF1ADOUT0W_L
00000f2a   RF1ADOUT1W
00000f2b   RF1ADOUT1W_H
00000f2a   RF1ADOUT1W_L
00000f2c   RF1ADOUT2W
00000f2d   RF1ADOUT2W_H
00000f2c   RF1ADOUT2W_L
00000f36   RF1AIE
00000f34   RF1AIES
00000f35   RF1AIES_H
00000f34   RF1AIES_L
00000f37   RF1AIE_H
00000f36   RF1AIE_L
00000f00   RF1AIFCTL0
00000f01   RF1AIFCTL0_H
00000f00   RF1AIFCTL0_L
00000f02   RF1AIFCTL1
00000f03   RF1AIFCTL1_H
00000f02   RF1AIFCTL1_L
00000f04   RF1AIFCTL2
00000f05   RF1AIFCTL2_H
00000f04   RF1AIFCTL2_L
00000f06   RF1AIFERR
00000f0c   RF1AIFERRV
00000f0d   RF1AIFERRV_H
00000f0c   RF1AIFERRV_L
00000f07   RF1AIFERR_H
00000f06   RF1AIFERR_L
00000f32   RF1AIFG
00000f33   RF1AIFG_H
00000f32   RF1AIFG_L
00000f0e   RF1AIFIV
00000f0f   RF1AIFIV_H
00000f0e   RF1AIFIV_L
00000f30   RF1AIN
00000f12   RF1AINSTR1W
00000f13   RF1AINSTR1W_H
00000f12   RF1AINSTR1W_L
00000f14   RF1AINSTR2W
00000f15   RF1AINSTR2W_H
00000f14   RF1AINSTR2W_L
00000f10   RF1AINSTRW
00000f11   RF1AINSTRW_H
00000f10   RF1AINSTRW_L
00000f31   RF1AIN_H
00000f30   RF1AIN_L
00000f38   RF1AIV
00000f39   RF1AIV_H
00000f38   RF1AIV_L
00000f3c   RF1ARXFIFO
00000f3d   RF1ARXFIFO_H
00000f3c   RF1ARXFIFO_L
00000f20   RF1ASTAT0W
00000f21   RF1ASTAT0W_H
00000f20   RF1ASTAT0W_L
00000f22   RF1ASTAT1W
00000f23   RF1ASTAT1W_H
00000f22   RF1ASTAT1W_L
00000f24   RF1ASTAT2W
00000f25   RF1ASTAT2W_H
00000f24   RF1ASTAT2W_L
00000f3e   RF1ATXFIFO
00000f3f   RF1ATXFIFO_H
00000f3e   RF1ATXFIFO_L
000004ba   RTCADOWDAY
000004bb   RTCADOWDAY_H
000004ba   RTCADOWDAY_L
000004b8   RTCAMINHR
000004b9   RTCAMINHR_H
000004b8   RTCAMINHR_L
000004a0   RTCCTL01
000004a1   RTCCTL01_H
000004a0   RTCCTL01_L
000004a2   RTCCTL23
000004a3   RTCCTL23_H
000004a2   RTCCTL23_L
000004b4   RTCDATE
000004b5   RTCDATE_H
000004b4   RTCDATE_L
000004ae   RTCIV
000004ac   RTCPS
000004a8   RTCPS0CTL
000004a9   RTCPS0CTL_H
000004a8   RTCPS0CTL_L
000004aa   RTCPS1CTL
000004ab   RTCPS1CTL_H
000004aa   RTCPS1CTL_L
000004ad   RTCPS_H
000004ac   RTCPS_L
000004b0   RTCTIM0
000004b1   RTCTIM0_H
000004b0   RTCTIM0_L
000004b2   RTCTIM1
000004b3   RTCTIM1_H
000004b2   RTCTIM1_L
000004b6   RTCYEAR
000004b7   RTCYEAR_H
000004b6   RTCYEAR_L
0000cad0   RandomValue_u8
0000bbd8   ReadBurstReg
0000c75a   ReadSingleReg
00000100   SFRIE1
00000101   SFRIE1_H
00000100   SFRIE1_L
00000102   SFRIFG1
00000103   SFRIFG1_H
00000102   SFRIFG1_L
00000104   SFRRPCR
00000105   SFRRPCR_H
00000104   SFRRPCR_L
000004ce   SUMEXT
000004cf   SUMEXT_H
000004ce   SUMEXT_L
00000124   SVSMHCTL
00000125   SVSMHCTL_H
00000124   SVSMHCTL_L
00000128   SVSMIO
00000129   SVSMIO_H
00000128   SVSMIO_L
00000126   SVSMLCTL
00000127   SVSMLCTL_H
00000126   SVSMLCTL_L
00000198   SYSBERRIV
00000199   SYSBERRIV_H
00000198   SYSBERRIV_L
00000182   SYSBSLC
00000183   SYSBSLC_H
00000182   SYSBSLC_L
00000180   SYSCTL
00000181   SYSCTL_H
00000180   SYSCTL_L
00000186   SYSJMBC
00000187   SYSJMBC_H
00000186   SYSJMBC_L
00000188   SYSJMBI0
00000189   SYSJMBI0_H
00000188   SYSJMBI0_L
0000018a   SYSJMBI1
0000018b   SYSJMBI1_H
0000018a   SYSJMBI1_L
0000018c   SYSJMBO0
0000018d   SYSJMBO0_H
0000018c   SYSJMBO0_L
0000018e   SYSJMBO1
0000018f   SYSJMBO1_H
0000018e   SYSJMBO1_L
0000019e   SYSRSTIV
0000019f   SYSRSTIV_H
0000019e   SYSRSTIV_L
0000019c   SYSSNIV
0000019d   SYSSNIV_H
0000019c   SYSSNIV_L
0000019a   SYSUNIV
0000019b   SYSUNIV_H
0000019a   SYSUNIV_L
0000ac88   SetVCore
0000a9b4   Strobe
00000352   TA0CCR0
00000354   TA0CCR1
00000356   TA0CCR2
00000358   TA0CCR3
0000035a   TA0CCR4
00000342   TA0CCTL0
00000344   TA0CCTL1
00000346   TA0CCTL2
00000348   TA0CCTL3
0000034a   TA0CCTL4
00000340   TA0CTL
00000360   TA0EX0
0000036e   TA0IV
00000350   TA0R
00000392   TA1CCR0
00000394   TA1CCR1
00000396   TA1CCR2
00000382   TA1CCTL0
00000384   TA1CCTL1
00000386   TA1CCTL2
00000380   TA1CTL
000003a0   TA1EX0
000003ae   TA1IV
00000390   TA1R
00008910   TIMER0_A0_ISR
0000b3e2   TIMER0_A1_5_ISR
0000c4e6   Timer0_A3_Start
0000b936   Timer0_A4_Delay
000005d0   UCA0ABCTL
000005c6   UCA0BRW
000005c7   UCA0BRW_H
000005c6   UCA0BRW_L
000005c0   UCA0CTLW0
000005c1   UCA0CTLW0_H
000005c0   UCA0CTLW0_L
000005dc   UCA0ICTL
000005dd   UCA0ICTL_H
000005dc   UCA0ICTL_L
000005d2   UCA0IRCTL
000005d3   UCA0IRCTL_H
000005d2   UCA0IRCTL_L
000005de   UCA0IV
000005c8   UCA0MCTL
000005cc   UCA0RXBUF
000005ca   UCA0STAT
000005ce   UCA0TXBUF
000005e6   UCB0BRW
000005e7   UCB0BRW_H
000005e6   UCB0BRW_L
000005e0   UCB0CTLW0
000005e1   UCB0CTLW0_H
000005e0   UCB0CTLW0_L
000005f0   UCB0I2COA
000005f1   UCB0I2COA_H
000005f0   UCB0I2COA_L
000005f2   UCB0I2CSA
000005f3   UCB0I2CSA_H
000005f2   UCB0I2CSA_L
000005fc   UCB0ICTL
000005fd   UCB0ICTL_H
000005fc   UCB0ICTL_L
000005fe   UCB0IV
000005ec   UCB0RXBUF
000005ea   UCB0STAT
000005ee   UCB0TXBUF
00000160   UCSCTL0
00000161   UCSCTL0_H
00000160   UCSCTL0_L
00000162   UCSCTL1
00000163   UCSCTL1_H
00000162   UCSCTL1_L
00000164   UCSCTL2
00000165   UCSCTL2_H
00000164   UCSCTL2_L
00000166   UCSCTL3
00000167   UCSCTL3_H
00000166   UCSCTL3_L
00000168   UCSCTL4
00000169   UCSCTL4_H
00000168   UCSCTL4_L
0000016a   UCSCTL5
0000016b   UCSCTL5_H
0000016a   UCSCTL5_L
0000016c   UCSCTL6
0000016d   UCSCTL6_H
0000016c   UCSCTL6_L
0000016e   UCSCTL7
0000016f   UCSCTL7_H
0000016e   UCSCTL7_L
00000170   UCSCTL8
00000171   UCSCTL8_H
00000170   UCSCTL8_L
0000015c   WDTCTL
0000015d   WDTCTL_H
0000015c   WDTCTL_L
0000bfe4   WriteSingleReg
00002084   _Errno
00001df4   _FDenorm
00001de4   _FEps
00001dc4   _FInf
00001dd4   _FNan
00001e14   _FRteps
00001e04   _FSnan
00001e24   _FXbig
0000cd9e   _FZero
00002074   _Fenv
0000cd9a   _Tls_setup__Fenv
00002bfc   __STACK_END
00000050   __STACK_SIZE
0000c88e   __TI_ISR_TRAP
00000001   __TI_args_main
00000001   __TI_auto_init
0000203e   __TI_cleanup_ptr
00002042   __TI_dtors_ptr
00000001   __TI_exit
0000ffda   __TI_int45
0000ffdc   __TI_int46
0000ffde   __TI_int47
0000ffe0   __TI_int48
0000ffe2   __TI_int49
0000ffe4   __TI_int50
0000ffe6   __TI_int51
0000ffe8   __TI_int52
0000ffea   __TI_int53
0000ffec   __TI_int54
0000ffee   __TI_int55
0000fff0   __TI_int56
0000fff2   __TI_int57
0000fff4   __TI_int58
0000fff6   __TI_int59
0000fff8   __TI_int60
0000fffa   __TI_int61
0000fffc   __TI_int62
ffffffff   __binit__
00001c00   __bss__
ffffffff   __c_args__
0000cda2   __cinit__
00001c00   __data__
0000c466   __divi
0000bdb6   __divli
0000c772   __divu
0000b790   __divul
00001c00   __edata__
00002086   __end__
0000c8b0   __etext__
0000990a   __fs_add
0000ba6e   __fs_cmp
0000aa58   __fs_div
0000c0fe   __fs_itof
0000bab8   __fs_ltof
0000a6f4   __fs_mpy
0000c84c   __fs_neg
00009904   __fs_sub
0000b37a   __fs_toi
0000ad96   __fs_tol
0000bc64   __fs_tou
0000ba22   __fs_toul
0000c2c8   __fs_ultof
0000c5d0   __fs_utof
0000c788   __mpyi_f5hw
0000c638   __mpyl_f5hw
ffffffff   __pinit__
0000c466   __remi
0000bdb6   __remli
0000c772   __remu
0000b790   __remul
00008400   __text__
0000bb02   _auto_init
0000c510   _c_int00
0000c510   _c_int00_noexit
00002036   _lock
0000c8ac   _nop
0000fffe   _reset_vector
00002bac   _stack
0000c894   _system_pre_init
0000203a   _unlock
0000c898   abort
0000207e   adc12_data_ready
0000207c   adc12_result
0000a582   add_day
00001f13   as_ok
0000a7aa   battery_measurement
ffffffff   binit
00001f8a   bmp_cal_param
00001fa0   bmp_param_b5
000090f0   bmp_ps_get_pa
0000a08e   bmp_ps_init
00001fb3   bmp_used
00002052   brrx_packet_end_cap_value
00001eb6   burst_end
00001eb3   burst_mode
00001eb8   burst_packet
00001eca   burst_packet_index
00001eb4   burst_start
00002008   button
00001fb4   chronos_black
0000cda2   cinit
0000b688   clear_line
0000c6ee   close_radio
0000b310   cma_ps_get_pa
0000b986   cma_ps_get_temp
0000b4ae   cma_ps_init
0000207b   cont_seconds
00008400   conv_pa_to_meter
0000c3e2   datalog_add_to_buffer
00009c70   datalog_sm
0000a90a   datalog_write_buffer
00001e28   display
0000c32a   display_Casa
0000c1ce   display_Esporte
0000c200   display_Fora
0000c358   display_Lazer
0000b6e0   display_Smart
0000c386   display_Sono
0000c232   display_Trabalho
0000c70a   display_am_pm_symbol
0000b0e8   display_char
0000a32a   display_chars
0000c678   display_symbol
00008f3e   display_time
00009f8a   display_update
000097cc   do_altitude_measurement
0000a174   do_datalog
0000c8ae   dummy
00001c00   edata
00002086   end
0000c8b0   etext
0000bcaa   flash_erase_page
00001ecc   flash_ptr
0000c40e   flash_write
00002046   fptr_Timer0_A3_function
00001faa   fptr_lcd_function_line1
00001fae   fptr_lcd_function_line2
0000cd2c   h0
0000c89c   i2c_delay
0000c79e   i2c_init
0000aae6   i2c_sda
0000bd32   i2c_write
0000bb4a   i2c_write_register
000093e6   init_application
00009d7e   init_global_variables
0000c562   init_pressure_table
0000a4c4   int_to_array
0000c8b0   int_to_array_conversion_table
00001e7e   int_to_array_str
0000c836   is_rf
0000ccd6   lcd_font
0000b23a   main
00002078   mask_status_selecionado
0000c616   memcmp
0000c7d6   memcpy
0000c696   memmove
0000c7e8   memset
0000cbd0   menu_L1_Time
0000cc18   menu_L2_Casa
0000cc2a   menu_L2_Esporte
0000cc4e   menu_L2_Fora
0000cbf4   menu_L2_Lazer
0000cc3c   menu_L2_Smart
0000cbe2   menu_L2_Sono
0000cc06   menu_L2_Trabalho
00001fa8   message
0000cacf   method
0000cd92   mrfiBroadcastAddr
0000b074   mrfiRadioInterfaceCmdStrobe
0000bcee   mrfiRadioInterfaceReadReg
0000c264   mrfiRadioInterfaceReadRxFifo
0000c0c8   mrfiRadioInterfaceWriteReg
0000c3b4   nwk_QadjustOrder
0000affe   nwk_QfindSlot
0000a258   nwk_allocateLocalRxPort
0000abfe   nwk_buildFrame
0000af86   nwk_getNextConnection
0000c01e   nwk_isValidReply
0000c8a0   nwk_processFreq
0000c6b4   nwk_processJoin
0000a3f8   nwk_processLink
0000bc1e   nwk_processMgmt
0000b448   nwk_processPing
0000c8a4   nwk_processSecurity
0000ae90   nwk_sendAckReply
0000c2fa   nwk_sendFrame
00001ece   p
0000cd4e   p0
ffffffff   pinit
0000c8a8   ps_i2c_delay
0000b8e4   ps_i2c_read
0000ab72   ps_i2c_sda
0000bd74   ps_i2c_write
0000c5ac   ps_init
00001f12   ps_ok
0000b15a   ps_read_register
0000b738   ps_write_register
00002070   ptrMenu_L1
00002072   ptrMenu_L2
0000c058   radio_ISR
0000c7fa   radio_powerdown
0000c296   radio_reset
0000a85e   read_calibration_values
00001fa6   request
00002025   rfBSL_button_confirmation
00001fb2   rf_frequoffset
00002054   sAccel
00001fb6   sAlt
0000205a   sBatt
00001fea   sBlueRobin
0000200a   sButton
0000202e   sBuzzer
00001d3c   sDatalog
00002060   sDate
00001fb5   sInit_done
00001e86   sRFsmpl
00001fc6   sTime
0000204a   sTimer
0000cd02   segments_bitmask
00001e2a   segments_lcdmem
00001e8e   simpliciti_data
00001eae   simpliciti_ed_address
00001e8c   simpliciti_flag
00001eb2   simpliciti_reply_count
0000af0c   start_altitude_measurement
0000207a   status_gravando
00002079   status_selecionado_gravando
0000c090   stop_altitude_measurement
0000bf6a   stop_bluerobin
0000c53a   stop_buzzer
0000c80a   sx_date
0000c81a   sx_time
00001fa4   sys
0000b5d2   toggle_buzzer
00008d68   update_pressure_table
0000c86a   update_time
00009b52   wakeup_event
0000b7e8   write_lcd_mem


GLOBAL SYMBOLS: SORTED BY Symbol Address 

address    name
--------   ----
00000001   __TI_args_main
00000001   __TI_auto_init
00000001   __TI_exit
00000050   __STACK_SIZE
00000100   SFRIE1
00000100   SFRIE1_L
00000101   SFRIE1_H
00000102   SFRIFG1
00000102   SFRIFG1_L
00000103   SFRIFG1_H
00000104   SFRRPCR
00000104   SFRRPCR_L
00000105   SFRRPCR_H
00000120   PMMCTL0
00000120   PMMCTL0_L
00000121   PMMCTL0_H
00000122   PMMCTL1
00000122   PMMCTL1_L
00000123   PMMCTL1_H
00000124   SVSMHCTL
00000124   SVSMHCTL_L
00000125   SVSMHCTL_H
00000126   SVSMLCTL
00000126   SVSMLCTL_L
00000127   SVSMLCTL_H
00000128   SVSMIO
00000128   SVSMIO_L
00000129   SVSMIO_H
0000012c   PMMIFG
0000012c   PMMIFG_L
0000012d   PMMIFG_H
0000012e   PMMRIE
0000012e   PMMRIE_L
0000012f   PMMRIE_H
00000140   FCTL1
00000140   FCTL1_L
00000141   FCTL1_H
00000144   FCTL3
00000144   FCTL3_L
00000145   FCTL3_H
00000146   FCTL4
00000146   FCTL4_L
00000147   FCTL4_H
00000150   CRCDI
00000150   CRCDI_L
00000151   CRCDI_H
00000152   CRCDIRB
00000152   CRCDIRB_L
00000153   CRCDIRB_H
00000154   CRCINIRES
00000154   CRCINIRES_L
00000155   CRCINIRES_H
00000156   CRCRESR
00000156   CRCRESR_L
00000157   CRCRESR_H
00000158   RCCTL0
00000158   RCCTL0_L
00000159   RCCTL0_H
0000015c   WDTCTL
0000015c   WDTCTL_L
0000015d   WDTCTL_H
00000160   UCSCTL0
00000160   UCSCTL0_L
00000161   UCSCTL0_H
00000162   UCSCTL1
00000162   UCSCTL1_L
00000163   UCSCTL1_H
00000164   UCSCTL2
00000164   UCSCTL2_L
00000165   UCSCTL2_H
00000166   UCSCTL3
00000166   UCSCTL3_L
00000167   UCSCTL3_H
00000168   UCSCTL4
00000168   UCSCTL4_L
00000169   UCSCTL4_H
0000016a   UCSCTL5
0000016a   UCSCTL5_L
0000016b   UCSCTL5_H
0000016c   UCSCTL6
0000016c   UCSCTL6_L
0000016d   UCSCTL6_H
0000016e   UCSCTL7
0000016e   UCSCTL7_L
0000016f   UCSCTL7_H
00000170   UCSCTL8
00000170   UCSCTL8_L
00000171   UCSCTL8_H
00000180   SYSCTL
00000180   SYSCTL_L
00000181   SYSCTL_H
00000182   SYSBSLC
00000182   SYSBSLC_L
00000183   SYSBSLC_H
00000186   SYSJMBC
00000186   SYSJMBC_L
00000187   SYSJMBC_H
00000188   SYSJMBI0
00000188   SYSJMBI0_L
00000189   SYSJMBI0_H
0000018a   SYSJMBI1
0000018a   SYSJMBI1_L
0000018b   SYSJMBI1_H
0000018c   SYSJMBO0
0000018c   SYSJMBO0_L
0000018d   SYSJMBO0_H
0000018e   SYSJMBO1
0000018e   SYSJMBO1_L
0000018f   SYSJMBO1_H
00000198   SYSBERRIV
00000198   SYSBERRIV_L
00000199   SYSBERRIV_H
0000019a   SYSUNIV
0000019a   SYSUNIV_L
0000019b   SYSUNIV_H
0000019c   SYSSNIV
0000019c   SYSSNIV_L
0000019d   SYSSNIV_H
0000019e   SYSRSTIV
0000019e   SYSRSTIV_L
0000019f   SYSRSTIV_H
000001b0   REFCTL0
000001b0   REFCTL0_L
000001b1   REFCTL0_H
000001c0   PMAPKEYID
000001c0   PMAPKEYID_L
000001c1   PMAPKEYID_H
000001c2   PMAPCTL
000001c2   PMAPCTL_L
000001c3   PMAPCTL_H
000001c8   P1MAP01
000001c8   P1MAP01_L
000001c9   P1MAP01_H
000001ca   P1MAP23
000001ca   P1MAP23_L
000001cb   P1MAP23_H
000001cc   P1MAP45
000001cc   P1MAP45_L
000001cd   P1MAP45_H
000001ce   P1MAP67
000001ce   P1MAP67_L
000001cf   P1MAP67_H
000001d0   P2MAP01
000001d0   P2MAP01_L
000001d1   P2MAP01_H
000001d2   P2MAP23
000001d2   P2MAP23_L
000001d3   P2MAP23_H
000001d4   P2MAP45
000001d4   P2MAP45_L
000001d5   P2MAP45_H
000001d6   P2MAP67
000001d6   P2MAP67_L
000001d7   P2MAP67_H
000001d8   P3MAP01
000001d8   P3MAP01_L
000001d9   P3MAP01_H
000001da   P3MAP23
000001da   P3MAP23_L
000001db   P3MAP23_H
000001dc   P3MAP45
000001dc   P3MAP45_L
000001dd   P3MAP45_H
000001de   P3MAP67
000001de   P3MAP67_L
000001df   P3MAP67_H
00000200   PAIN
00000200   PAIN_L
00000201   PAIN_H
00000202   PAOUT
00000202   PAOUT_L
00000203   PAOUT_H
00000204   PADIR
00000204   PADIR_L
00000205   PADIR_H
00000206   PAREN
00000206   PAREN_L
00000207   PAREN_H
00000208   PADS
00000208   PADS_L
00000209   PADS_H
0000020a   PASEL
0000020a   PASEL_L
0000020b   PASEL_H
0000020e   P1IV
00000218   PAIES
00000218   PAIES_L
00000219   PAIES_H
0000021a   PAIE
0000021a   PAIE_L
0000021b   PAIE_H
0000021c   PAIFG
0000021c   PAIFG_L
0000021d   PAIFG_H
0000021e   P2IV
00000220   PBIN
00000220   PBIN_L
00000221   PBIN_H
00000222   PBOUT
00000222   PBOUT_L
00000223   PBOUT_H
00000224   PBDIR
00000224   PBDIR_L
00000225   PBDIR_H
00000226   PBREN
00000226   PBREN_L
00000227   PBREN_H
00000228   PBDS
00000228   PBDS_L
00000229   PBDS_H
0000022a   PBSEL
0000022a   PBSEL_L
0000022b   PBSEL_H
00000240   PCIN
00000240   PCIN_L
00000241   PCIN_H
00000242   PCOUT
00000242   PCOUT_L
00000243   PCOUT_H
00000244   PCDIR
00000244   PCDIR_L
00000245   PCDIR_H
00000246   PCREN
00000246   PCREN_L
00000247   PCREN_H
00000248   PCDS
00000248   PCDS_L
00000249   PCDS_H
0000024a   PCSEL
0000024a   PCSEL_L
0000024b   PCSEL_H
00000320   PJIN
00000320   PJIN_L
00000321   PJIN_H
00000322   PJOUT
00000322   PJOUT_L
00000323   PJOUT_H
00000324   PJDIR
00000324   PJDIR_L
00000325   PJDIR_H
00000326   PJREN
00000326   PJREN_L
00000327   PJREN_H
00000328   PJDS
00000328   PJDS_L
00000329   PJDS_H
00000340   TA0CTL
00000342   TA0CCTL0
00000344   TA0CCTL1
00000346   TA0CCTL2
00000348   TA0CCTL3
0000034a   TA0CCTL4
00000350   TA0R
00000352   TA0CCR0
00000354   TA0CCR1
00000356   TA0CCR2
00000358   TA0CCR3
0000035a   TA0CCR4
00000360   TA0EX0
0000036e   TA0IV
00000380   TA1CTL
00000382   TA1CCTL0
00000384   TA1CCTL1
00000386   TA1CCTL2
00000390   TA1R
00000392   TA1CCR0
00000394   TA1CCR1
00000396   TA1CCR2
000003a0   TA1EX0
000003ae   TA1IV
000004a0   RTCCTL01
000004a0   RTCCTL01_L
000004a1   RTCCTL01_H
000004a2   RTCCTL23
000004a2   RTCCTL23_L
000004a3   RTCCTL23_H
000004a8   RTCPS0CTL
000004a8   RTCPS0CTL_L
000004a9   RTCPS0CTL_H
000004aa   RTCPS1CTL
000004aa   RTCPS1CTL_L
000004ab   RTCPS1CTL_H
000004ac   RTCPS
000004ac   RTCPS_L
000004ad   RTCPS_H
000004ae   RTCIV
000004b0   RTCTIM0
000004b0   RTCTIM0_L
000004b1   RTCTIM0_H
000004b2   RTCTIM1
000004b2   RTCTIM1_L
000004b3   RTCTIM1_H
000004b4   RTCDATE
000004b4   RTCDATE_L
000004b5   RTCDATE_H
000004b6   RTCYEAR
000004b6   RTCYEAR_L
000004b7   RTCYEAR_H
000004b8   RTCAMINHR
000004b8   RTCAMINHR_L
000004b9   RTCAMINHR_H
000004ba   RTCADOWDAY
000004ba   RTCADOWDAY_L
000004bb   RTCADOWDAY_H
000004c0   MPY
000004c0   MPY_L
000004c1   MPY_H
000004c2   MPYS
000004c2   MPYS_L
000004c3   MPYS_H
000004c4   MAC
000004c4   MAC_L
000004c5   MAC_H
000004c6   MACS
000004c6   MACS_L
000004c7   MACS_H
000004c8   OP2
000004c8   OP2_L
000004c9   OP2_H
000004ca   RESLO
000004ca   RESLO_L
000004cb   RESLO_H
000004cc   RESHI
000004cc   RESHI_L
000004cd   RESHI_H
000004ce   SUMEXT
000004ce   SUMEXT_L
000004cf   SUMEXT_H
000004d0   MPY32L
000004d0   MPY32L_L
000004d1   MPY32L_H
000004d2   MPY32H
000004d2   MPY32H_L
000004d3   MPY32H_H
000004d4   MPYS32L
000004d4   MPYS32L_L
000004d5   MPYS32L_H
000004d6   MPYS32H
000004d6   MPYS32H_L
000004d7   MPYS32H_H
000004d8   MAC32L
000004d8   MAC32L_L
000004d9   MAC32L_H
000004da   MAC32H
000004da   MAC32H_L
000004db   MAC32H_H
000004dc   MACS32L
000004dc   MACS32L_L
000004dd   MACS32L_H
000004de   MACS32H
000004de   MACS32H_L
000004df   MACS32H_H
000004e0   OP2L
000004e0   OP2L_L
000004e1   OP2L_H
000004e2   OP2H
000004e2   OP2H_L
000004e3   OP2H_H
000004e4   RES0
000004e4   RES0_L
000004e5   RES0_H
000004e6   RES1
000004e6   RES1_L
000004e7   RES1_H
000004e8   RES2
000004e8   RES2_L
000004e9   RES2_H
000004ea   RES3
000004ea   RES3_L
000004eb   RES3_H
000004ec   MPY32CTL0
000004ec   MPY32CTL0_L
000004ed   MPY32CTL0_H
00000500   DMACTL0
00000500   DMACTL0_L
00000501   DMACTL0_H
00000502   DMACTL1
00000502   DMACTL1_L
00000503   DMACTL1_H
00000504   DMACTL2
00000504   DMACTL2_L
00000505   DMACTL2_H
00000506   DMACTL3
00000506   DMACTL3_L
00000507   DMACTL3_H
00000508   DMACTL4
00000508   DMACTL4_L
00000509   DMACTL4_H
0000050e   DMAIV
0000050e   DMAIV_L
0000050f   DMAIV_H
00000510   DMA0CTL
00000510   DMA0CTL_L
00000511   DMA0CTL_H
00000512   DMA0SA
00000512   DMA0SAL
00000516   DMA0DA
00000516   DMA0DAL
0000051a   DMA0SZ
00000520   DMA1CTL
00000520   DMA1CTL_L
00000521   DMA1CTL_H
00000522   DMA1SA
00000522   DMA1SAL
00000526   DMA1DA
00000526   DMA1DAL
0000052a   DMA1SZ
00000530   DMA2CTL
00000530   DMA2CTL_L
00000531   DMA2CTL_H
00000532   DMA2SA
00000532   DMA2SAL
00000536   DMA2DA
00000536   DMA2DAL
0000053a   DMA2SZ
000005c0   UCA0CTLW0
000005c0   UCA0CTLW0_L
000005c1   UCA0CTLW0_H
000005c6   UCA0BRW
000005c6   UCA0BRW_L
000005c7   UCA0BRW_H
000005c8   UCA0MCTL
000005ca   UCA0STAT
000005cc   UCA0RXBUF
000005ce   UCA0TXBUF
000005d0   UCA0ABCTL
000005d2   UCA0IRCTL
000005d2   UCA0IRCTL_L
000005d3   UCA0IRCTL_H
000005dc   UCA0ICTL
000005dc   UCA0ICTL_L
000005dd   UCA0ICTL_H
000005de   UCA0IV
000005e0   UCB0CTLW0
000005e0   UCB0CTLW0_L
000005e1   UCB0CTLW0_H
000005e6   UCB0BRW
000005e6   UCB0BRW_L
000005e7   UCB0BRW_H
000005ea   UCB0STAT
000005ec   UCB0RXBUF
000005ee   UCB0TXBUF
000005f0   UCB0I2COA
000005f0   UCB0I2COA_L
000005f1   UCB0I2COA_H
000005f2   UCB0I2CSA
000005f2   UCB0I2CSA_L
000005f3   UCB0I2CSA_H
000005fc   UCB0ICTL
000005fc   UCB0ICTL_L
000005fd   UCB0ICTL_H
000005fe   UCB0IV
00000700   ADC12CTL0
00000700   ADC12CTL0_L
00000701   ADC12CTL0_H
00000702   ADC12CTL1
00000702   ADC12CTL1_L
00000703   ADC12CTL1_H
00000704   ADC12CTL2
00000704   ADC12CTL2_L
00000705   ADC12CTL2_H
0000070a   ADC12IFG
0000070a   ADC12IFG_L
0000070b   ADC12IFG_H
0000070c   ADC12IE
0000070c   ADC12IE_L
0000070d   ADC12IE_H
0000070e   ADC12IV
0000070e   ADC12IV_L
0000070f   ADC12IV_H
00000710   ADC12MCTL0
00000711   ADC12MCTL1
00000712   ADC12MCTL2
00000713   ADC12MCTL3
00000714   ADC12MCTL4
00000715   ADC12MCTL5
00000716   ADC12MCTL6
00000717   ADC12MCTL7
00000718   ADC12MCTL8
00000719   ADC12MCTL9
0000071a   ADC12MCTL10
0000071b   ADC12MCTL11
0000071c   ADC12MCTL12
0000071d   ADC12MCTL13
0000071e   ADC12MCTL14
0000071f   ADC12MCTL15
00000720   ADC12MEM0
00000720   ADC12MEM0_L
00000721   ADC12MEM0_H
00000722   ADC12MEM1
00000722   ADC12MEM1_L
00000723   ADC12MEM1_H
00000724   ADC12MEM2
00000724   ADC12MEM2_L
00000725   ADC12MEM2_H
00000726   ADC12MEM3
00000726   ADC12MEM3_L
00000727   ADC12MEM3_H
00000728   ADC12MEM4
00000728   ADC12MEM4_L
00000729   ADC12MEM4_H
0000072a   ADC12MEM5
0000072a   ADC12MEM5_L
0000072b   ADC12MEM5_H
0000072c   ADC12MEM6
0000072c   ADC12MEM6_L
0000072d   ADC12MEM6_H
0000072e   ADC12MEM7
0000072e   ADC12MEM7_L
0000072f   ADC12MEM7_H
00000730   ADC12MEM8
00000730   ADC12MEM8_L
00000731   ADC12MEM8_H
00000732   ADC12MEM9
00000732   ADC12MEM9_L
00000733   ADC12MEM9_H
00000734   ADC12MEM10
00000734   ADC12MEM10_L
00000735   ADC12MEM10_H
00000736   ADC12MEM11
00000736   ADC12MEM11_L
00000737   ADC12MEM11_H
00000738   ADC12MEM12
00000738   ADC12MEM12_L
00000739   ADC12MEM12_H
0000073a   ADC12MEM13
0000073a   ADC12MEM13_L
0000073b   ADC12MEM13_H
0000073c   ADC12MEM14
0000073c   ADC12MEM14_L
0000073d   ADC12MEM14_H
0000073e   ADC12MEM15
0000073e   ADC12MEM15_L
0000073f   ADC12MEM15_H
000008c0   CBCTL0
000008c0   CBCTL0_L
000008c1   CBCTL0_H
000008c2   CBCTL1
000008c2   CBCTL1_L
000008c3   CBCTL1_H
000008c4   CBCTL2
000008c4   CBCTL2_L
000008c5   CBCTL2_H
000008c6   CBCTL3
000008c6   CBCTL3_L
000008c7   CBCTL3_H
000008cc   CBINT
000008cc   CBINT_L
000008cd   CBINT_H
000008ce   CBIV
000009c0   AESACTL0
000009c0   AESACTL0_L
000009c1   AESACTL0_H
000009c4   AESASTAT
000009c4   AESASTAT_L
000009c5   AESASTAT_H
000009c6   AESAKEY
000009c6   AESAKEY_L
000009c7   AESAKEY_H
000009c8   AESADIN
000009c8   AESADIN_L
000009c9   AESADIN_H
000009ca   AESADOUT
000009ca   AESADOUT_L
000009cb   AESADOUT_H
00000a00   LCDBCTL0
00000a00   LCDBCTL0_L
00000a01   LCDBCTL0_H
00000a02   LCDBCTL1
00000a02   LCDBCTL1_L
00000a03   LCDBCTL1_H
00000a04   LCDBBLKCTL
00000a04   LCDBBLKCTL_L
00000a05   LCDBBLKCTL_H
00000a06   LCDBMEMCTL
00000a06   LCDBMEMCTL_L
00000a07   LCDBMEMCTL_H
00000a08   LCDBVCTL
00000a08   LCDBVCTL_L
00000a09   LCDBVCTL_H
00000a0a   LCDBPCTL0
00000a0a   LCDBPCTL0_L
00000a0b   LCDBPCTL0_H
00000a0c   LCDBPCTL1
00000a0c   LCDBPCTL1_L
00000a0d   LCDBPCTL1_H
00000a0e   LCDBPCTL2
00000a0e   LCDBPCTL2_L
00000a0f   LCDBPCTL2_H
00000a10   LCDBPCTL3
00000a10   LCDBPCTL3_L
00000a11   LCDBPCTL3_H
00000a12   LCDBCPCTL
00000a12   LCDBCPCTL_L
00000a13   LCDBCPCTL_H
00000a1e   LCDBIV
00000a20   LCDM1
00000a21   LCDM2
00000a22   LCDM3
00000a23   LCDM4
00000a24   LCDM5
00000a25   LCDM6
00000a26   LCDM7
00000a27   LCDM8
00000a28   LCDM9
00000a29   LCDM10
00000a2a   LCDM11
00000a2b   LCDM12
00000a2c   LCDM13
00000a2d   LCDM14
00000a2e   LCDM15
00000a2f   LCDM16
00000a30   LCDM17
00000a31   LCDM18
00000a32   LCDM19
00000a33   LCDM20
00000a34   LCDM21
00000a35   LCDM22
00000a36   LCDM23
00000a37   LCDM24
00000a40   LCDBM1
00000a41   LCDBM2
00000a42   LCDBM3
00000a43   LCDBM4
00000a44   LCDBM5
00000a45   LCDBM6
00000a46   LCDBM7
00000a47   LCDBM8
00000a48   LCDBM9
00000a49   LCDBM10
00000a4a   LCDBM11
00000a4b   LCDBM12
00000a4c   LCDBM13
00000a4d   LCDBM14
00000a4e   LCDBM15
00000a4f   LCDBM16
00000a50   LCDBM17
00000a51   LCDBM18
00000a52   LCDBM19
00000a53   LCDBM20
00000a54   LCDBM21
00000a55   LCDBM22
00000a56   LCDBM23
00000a57   LCDBM24
00000f00   RF1AIFCTL0
00000f00   RF1AIFCTL0_L
00000f01   RF1AIFCTL0_H
00000f02   RF1AIFCTL1
00000f02   RF1AIFCTL1_L
00000f03   RF1AIFCTL1_H
00000f04   RF1AIFCTL2
00000f04   RF1AIFCTL2_L
00000f05   RF1AIFCTL2_H
00000f06   RF1AIFERR
00000f06   RF1AIFERR_L
00000f07   RF1AIFERR_H
00000f0c   RF1AIFERRV
00000f0c   RF1AIFERRV_L
00000f0d   RF1AIFERRV_H
00000f0e   RF1AIFIV
00000f0e   RF1AIFIV_L
00000f0f   RF1AIFIV_H
00000f10   RF1AINSTRW
00000f10   RF1AINSTRW_L
00000f11   RF1AINSTRW_H
00000f12   RF1AINSTR1W
00000f12   RF1AINSTR1W_L
00000f13   RF1AINSTR1W_H
00000f14   RF1AINSTR2W
00000f14   RF1AINSTR2W_L
00000f15   RF1AINSTR2W_H
00000f16   RF1ADINW
00000f16   RF1ADINW_L
00000f17   RF1ADINW_H
00000f20   RF1ASTAT0W
00000f20   RF1ASTAT0W_L
00000f21   RF1ASTAT0W_H
00000f22   RF1ASTAT1W
00000f22   RF1ASTAT1W_L
00000f23   RF1ASTAT1W_H
00000f24   RF1ASTAT2W
00000f24   RF1ASTAT2W_L
00000f25   RF1ASTAT2W_H
00000f28   RF1ADOUT0W
00000f28   RF1ADOUT0W_L
00000f29   RF1ADOUT0W_H
00000f2a   RF1ADOUT1W
00000f2a   RF1ADOUT1W_L
00000f2b   RF1ADOUT1W_H
00000f2c   RF1ADOUT2W
00000f2c   RF1ADOUT2W_L
00000f2d   RF1ADOUT2W_H
00000f30   RF1AIN
00000f30   RF1AIN_L
00000f31   RF1AIN_H
00000f32   RF1AIFG
00000f32   RF1AIFG_L
00000f33   RF1AIFG_H
00000f34   RF1AIES
00000f34   RF1AIES_L
00000f35   RF1AIES_H
00000f36   RF1AIE
00000f36   RF1AIE_L
00000f37   RF1AIE_H
00000f38   RF1AIV
00000f38   RF1AIV_L
00000f39   RF1AIV_H
00000f3c   RF1ARXFIFO
00000f3c   RF1ARXFIFO_L
00000f3d   RF1ARXFIFO_H
00000f3e   RF1ATXFIFO
00000f3e   RF1ATXFIFO_L
00000f3f   RF1ATXFIFO_H
00001c00   .bss
00001c00   .data
00001c00   __bss__
00001c00   __data__
00001c00   __edata__
00001c00   edata
00001d3c   sDatalog
00001dc4   _FInf
00001dd4   _FNan
00001de4   _FEps
00001df4   _FDenorm
00001e04   _FSnan
00001e14   _FRteps
00001e24   _FXbig
00001e28   display
00001e2a   segments_lcdmem
00001e7e   int_to_array_str
00001e86   sRFsmpl
00001e8c   simpliciti_flag
00001e8e   simpliciti_data
00001eae   simpliciti_ed_address
00001eb2   simpliciti_reply_count
00001eb3   burst_mode
00001eb4   burst_start
00001eb6   burst_end
00001eb8   burst_packet
00001eca   burst_packet_index
00001ecc   flash_ptr
00001ece   p
00001f12   ps_ok
00001f13   as_ok
00001f6e   BRRX__TXCB_t
00001f8a   bmp_cal_param
00001fa0   bmp_param_b5
00001fa4   sys
00001fa6   request
00001fa8   message
00001faa   fptr_lcd_function_line1
00001fae   fptr_lcd_function_line2
00001fb2   rf_frequoffset
00001fb3   bmp_used
00001fb4   chronos_black
00001fb5   sInit_done
00001fb6   sAlt
00001fc6   sTime
00001fda   BRRX__PowerdownDelay_u8
00001fdb   BRRX__SignalLevelReduction
00001fdc   BRRX__MaxSearchTries_u8
00001fdd   BRRX__SearchRatio_u8
00001fde   BRRX__TestMode_u8
00001fe0   BRRX__PacketBits_t
00001fea   sBlueRobin
00002008   button
0000200a   sButton
00002025   rfBSL_button_confirmation
00002026   BRRX__NextEventTime_u16
00002028   BRRX__NextEndTime_u16
0000202a   BRRX__NextFrequency_u8
0000202b   BRRX__NextFrequencyOffset_s8
0000202c   BRRX__TimerState_t
0000202e   sBuzzer
00002036   _lock
0000203a   _unlock
0000203e   __TI_cleanup_ptr
00002042   __TI_dtors_ptr
00002046   fptr_Timer0_A3_function
0000204a   sTimer
00002052   brrx_packet_end_cap_value
00002054   sAccel
0000205a   sBatt
00002060   sDate
00002066   BRRX__StatusFlags_t
00002068   BRRX__CurrentPacketTime_u16
0000206a   BRRX__CurrentSignalLevel_u8
00002070   ptrMenu_L1
00002072   ptrMenu_L2
00002074   _Fenv
00002078   mask_status_selecionado
00002079   status_selecionado_gravando
0000207a   status_gravando
0000207b   cont_seconds
0000207c   adc12_result
0000207e   adc12_data_ready
00002084   _Errno
00002086   __end__
00002086   end
00002bac   _stack
00002bfc   __STACK_END
00008400   .text
00008400   __text__
00008400   conv_pa_to_meter
00008694   BRRX__Scheduler_v
00008910   TIMER0_A0_ISR
00008b5a   PORT2_ISR
00008d68   update_pressure_table
00008f3e   display_time
000090f0   bmp_ps_get_pa
000093e6   init_application
00009546   MRFI_Transmit
000097cc   do_altitude_measurement
00009904   __fs_sub
0000990a   __fs_add
00009b52   wakeup_event
00009c70   datalog_sm
00009d7e   init_global_variables
00009f8a   display_update
0000a08e   bmp_ps_init
0000a174   do_datalog
0000a258   nwk_allocateLocalRxPort
0000a32a   display_chars
0000a3f8   nwk_processLink
0000a4c4   int_to_array
0000a582   add_day
0000a6f4   __fs_mpy
0000a7aa   battery_measurement
0000a85e   read_calibration_values
0000a90a   datalog_write_buffer
0000a9b4   Strobe
0000aa58   __fs_div
0000aae6   i2c_sda
0000ab72   ps_i2c_sda
0000abfe   nwk_buildFrame
0000ac88   SetVCore
0000ad96   __fs_tol
0000ae90   nwk_sendAckReply
0000af0c   start_altitude_measurement
0000af86   nwk_getNextConnection
0000affe   nwk_QfindSlot
0000b074   mrfiRadioInterfaceCmdStrobe
0000b0e8   display_char
0000b15a   ps_read_register
0000b1cc   BRRX_RadioReceive_v
0000b23a   main
0000b310   cma_ps_get_pa
0000b37a   __fs_toi
0000b3e2   TIMER0_A1_5_ISR
0000b448   nwk_processPing
0000b4ae   cma_ps_init
0000b512   MRFI_RadioIsr
0000b574   BRRX_PacketEndTimerTask_v
0000b5d2   toggle_buzzer
0000b688   clear_line
0000b6e0   display_Smart
0000b738   ps_write_register
0000b790   __divul
0000b790   __remul
0000b7e8   write_lcd_mem
0000b840   BRRX__StartNewSearch_v
0000b8e4   ps_i2c_read
0000b936   Timer0_A4_Delay
0000b986   cma_ps_get_temp
0000ba22   __fs_toul
0000ba6e   __fs_cmp
0000bab8   __fs_ltof
0000bb02   _auto_init
0000bb4a   i2c_write_register
0000bb92   BR__CalcRandomTimeOffset_u16
0000bbd8   ReadBurstReg
0000bc1e   nwk_processMgmt
0000bc64   __fs_tou
0000bcaa   flash_erase_page
0000bcee   mrfiRadioInterfaceReadReg
0000bd32   i2c_write
0000bd74   ps_i2c_write
0000bdb6   __divli
0000bdb6   __remli
0000bdf6   BRRX__DecodePacket_u8
0000be34   BRRX__NewInfo_v
0000beb0   L_ASR_15
0000beb4   L_ASR_14
0000beb8   L_ASR_13
0000bebc   L_ASR_12
0000bec0   L_ASR_11
0000bec4   L_ASR_10
0000bec8   L_ASR_9
0000becc   L_ASR_8
0000bed0   L_ASR_7
0000bed4   L_ASR_6
0000bed8   L_ASR_5
0000bedc   L_ASR_4
0000bee0   L_ASR_3
0000bee4   L_ASR_2
0000bee8   L_ASR_1
0000beee   L_LSL_15
0000bef2   L_LSL_14
0000bef6   L_LSL_13
0000befa   L_LSL_12
0000befe   L_LSL_11
0000bf02   L_LSL_10
0000bf06   L_LSL_9
0000bf0a   L_LSL_8
0000bf0e   L_LSL_7
0000bf12   L_LSL_6
0000bf16   L_LSL_5
0000bf1a   L_LSL_4
0000bf1e   L_LSL_3
0000bf22   L_LSL_2
0000bf26   L_LSL_1
0000bf2c   L_LSR_15
0000bf30   L_LSR_14
0000bf34   L_LSR_13
0000bf38   L_LSR_12
0000bf3c   L_LSR_11
0000bf40   L_LSR_10
0000bf44   L_LSR_9
0000bf48   L_LSR_8
0000bf4c   L_LSR_7
0000bf50   L_LSR_6
0000bf54   L_LSR_5
0000bf58   L_LSR_4
0000bf5c   L_LSR_3
0000bf60   L_LSR_2
0000bf64   L_LSR_1
0000bf6a   stop_bluerobin
0000bfa8   BRRX_TimerTask_v
0000bfe4   WriteSingleReg
0000c01e   nwk_isValidReply
0000c058   radio_ISR
0000c090   stop_altitude_measurement
0000c0c8   mrfiRadioInterfaceWriteReg
0000c0fe   __fs_itof
0000c134   BR__CalcCRC_u8
0000c19c   BRRX_RadioStop_v
0000c1ce   display_Esporte
0000c200   display_Fora
0000c232   display_Trabalho
0000c264   mrfiRadioInterfaceReadRxFifo
0000c296   radio_reset
0000c2c8   __fs_ultof
0000c2fa   nwk_sendFrame
0000c32a   display_Casa
0000c358   display_Lazer
0000c386   display_Sono
0000c3b4   nwk_QadjustOrder
0000c3e2   datalog_add_to_buffer
0000c40e   flash_write
0000c466   __divi
0000c466   __remi
0000c4e6   Timer0_A3_Start
0000c510   _c_int00
0000c510   _c_int00_noexit
0000c53a   stop_buzzer
0000c562   init_pressure_table
0000c588   BRRX_GetState_t
0000c5ac   ps_init
0000c5d0   __fs_utof
0000c5f4   BSP_Delay
0000c616   memcmp
0000c638   __mpyl_f5hw
0000c678   display_symbol
0000c696   memmove
0000c6b4   nwk_processJoin
0000c6ee   close_radio
0000c70a   display_am_pm_symbol
0000c740   ADC12ISR
0000c75a   ReadSingleReg
0000c772   __divu
0000c772   __remu
0000c788   __mpyi_f5hw
0000c79e   i2c_init
0000c7b2   BR__CalcRandomChannel_u8
0000c7c4   BlueRobin_RadioISR_v
0000c7d6   memcpy
0000c7e8   memset
0000c7fa   radio_powerdown
0000c80a   sx_date
0000c81a   sx_time
0000c82a   BRRX__GetCurrentTime_u16
0000c836   is_rf
0000c842   BRRX__StopTimer_v
0000c84c   __fs_neg
0000c856   I_LSL
0000c860   I_LSR
0000c86a   update_time
0000c874   BRRX_GetFS_Offset_s8
0000c87c   BRRX_GetHeartRate_u8
0000c882   BRRX_Stop_v
0000c888   BRRX__CallTimer_v
0000c88e   __TI_ISR_TRAP
0000c894   _system_pre_init
0000c898   C$$EXIT
0000c898   abort
0000c89c   i2c_delay
0000c8a0   nwk_processFreq
0000c8a4   nwk_processSecurity
0000c8a8   ps_i2c_delay
0000c8ac   _nop
0000c8ae   dummy
0000c8b0   __etext__
0000c8b0   etext
0000c8b0   int_to_array_conversion_table
0000cacf   method
0000cad0   RandomValue_u8
0000cbd0   menu_L1_Time
0000cbe2   menu_L2_Sono
0000cbf4   menu_L2_Lazer
0000cc06   menu_L2_Trabalho
0000cc18   menu_L2_Casa
0000cc2a   menu_L2_Esporte
0000cc3c   menu_L2_Smart
0000cc4e   menu_L2_Fora
0000ccd6   lcd_font
0000cd02   segments_bitmask
0000cd2c   h0
0000cd4e   p0
0000cd92   mrfiBroadcastAddr
0000cd96   BRRX__First_TXCB_t
0000cd98   BRRX__Last_TXCB_t
0000cd9a   _Tls_setup__Fenv
0000cd9e   _FZero
0000cda2   __cinit__
0000cda2   cinit
0000ffda   __TI_int45
0000ffdc   __TI_int46
0000ffde   __TI_int47
0000ffe0   __TI_int48
0000ffe2   __TI_int49
0000ffe4   __TI_int50
0000ffe6   __TI_int51
0000ffe8   __TI_int52
0000ffea   __TI_int53
0000ffec   __TI_int54
0000ffee   __TI_int55
0000fff0   __TI_int56
0000fff2   __TI_int57
0000fff4   __TI_int58
0000fff6   __TI_int59
0000fff8   __TI_int60
0000fffa   __TI_int61
0000fffc   __TI_int62
0000fffe   _reset_vector
ffffffff   __binit__
ffffffff   __c_args__
ffffffff   __pinit__
ffffffff   binit
ffffffff   pinit

[1049 symbols]
