******************************************************************************
                  MSP430 Linker PC v4.2.1                      
******************************************************************************
>> Linked Mon Jul 07 18:02:07 2014

OUTPUT FILE NAME:   <ez430_chronos_datalogger_915MHz.out>
ENTRY POINT SYMBOL: "_c_int00"  address: 0000df54


MEMORY CONFIGURATION

         name            origin    length      used     unused   attr    fill
----------------------  --------  ---------  --------  --------  ----  --------
  SFR                   00000000   00000010  00000000  00000010  RWIX
  PERIPHERALS_8BIT      00000010   000000f0  00000000  000000f0  RWIX
  PERIPHERALS_16BIT     00000100   00000100  00000000  00000100  RWIX
  INFOD                 00001800   00000080  00000000  00000080  RWIX
  INFOC                 00001880   00000080  00000000  00000080  RWIX
  INFOB                 00001900   00000080  00000000  00000080  RWIX
  INFOA                 00001980   00000080  00000000  00000080  RWIX
  RAM                   00001c00   00000ffe  000004d6  00000b28  RWIX
  DATALOG_MEMORY        00008000   00001e00  00000000  00001e00  RWIX
  FLASH                 00009e00   00006180  00004bbe  000015c2  RWIX
  INT00                 0000ff80   00000002  00000000  00000002  RWIX
  INT01                 0000ff82   00000002  00000000  00000002  RWIX
  INT02                 0000ff84   00000002  00000000  00000002  RWIX
  INT03                 0000ff86   00000002  00000000  00000002  RWIX
  INT04                 0000ff88   00000002  00000000  00000002  RWIX
  INT05                 0000ff8a   00000002  00000000  00000002  RWIX
  INT06                 0000ff8c   00000002  00000000  00000002  RWIX
  INT07                 0000ff8e   00000002  00000000  00000002  RWIX
  INT08                 0000ff90   00000002  00000000  00000002  RWIX
  INT09                 0000ff92   00000002  00000000  00000002  RWIX
  INT10                 0000ff94   00000002  00000000  00000002  RWIX
  INT11                 0000ff96   00000002  00000000  00000002  RWIX
  INT12                 0000ff98   00000002  00000000  00000002  RWIX
  INT13                 0000ff9a   00000002  00000000  00000002  RWIX
  INT14                 0000ff9c   00000002  00000000  00000002  RWIX
  INT15                 0000ff9e   00000002  00000000  00000002  RWIX
  INT16                 0000ffa0   00000002  00000000  00000002  RWIX
  INT17                 0000ffa2   00000002  00000000  00000002  RWIX
  INT18                 0000ffa4   00000002  00000000  00000002  RWIX
  INT19                 0000ffa6   00000002  00000000  00000002  RWIX
  INT20                 0000ffa8   00000002  00000000  00000002  RWIX
  INT21                 0000ffaa   00000002  00000000  00000002  RWIX
  INT22                 0000ffac   00000002  00000000  00000002  RWIX
  INT23                 0000ffae   00000002  00000000  00000002  RWIX
  INT24                 0000ffb0   00000002  00000000  00000002  RWIX
  INT25                 0000ffb2   00000002  00000000  00000002  RWIX
  INT26                 0000ffb4   00000002  00000000  00000002  RWIX
  INT27                 0000ffb6   00000002  00000000  00000002  RWIX
  INT28                 0000ffb8   00000002  00000000  00000002  RWIX
  INT29                 0000ffba   00000002  00000000  00000002  RWIX
  INT30                 0000ffbc   00000002  00000000  00000002  RWIX
  INT31                 0000ffbe   00000002  00000000  00000002  RWIX
  INT32                 0000ffc0   00000002  00000000  00000002  RWIX
  INT33                 0000ffc2   00000002  00000000  00000002  RWIX
  INT34                 0000ffc4   00000002  00000000  00000002  RWIX
  INT35                 0000ffc6   00000002  00000000  00000002  RWIX
  INT36                 0000ffc8   00000002  00000000  00000002  RWIX
  INT37                 0000ffca   00000002  00000000  00000002  RWIX
  INT38                 0000ffcc   00000002  00000000  00000002  RWIX
  INT39                 0000ffce   00000002  00000000  00000002  RWIX
  INT40                 0000ffd0   00000002  00000000  00000002  RWIX
  INT41                 0000ffd2   00000002  00000000  00000002  RWIX
  INT42                 0000ffd4   00000002  00000000  00000002  RWIX
  INT43                 0000ffd6   00000002  00000000  00000002  RWIX
  INT44                 0000ffd8   00000002  00000000  00000002  RWIX
  INT45                 0000ffda   00000002  00000002  00000000  RWIX
  INT46                 0000ffdc   00000002  00000002  00000000  RWIX
  INT47                 0000ffde   00000002  00000002  00000000  RWIX
  INT48                 0000ffe0   00000002  00000002  00000000  RWIX
  INT49                 0000ffe2   00000002  00000002  00000000  RWIX
  INT50                 0000ffe4   00000002  00000002  00000000  RWIX
  INT51                 0000ffe6   00000002  00000002  00000000  RWIX
  INT52                 0000ffe8   00000002  00000002  00000000  RWIX
  INT53                 0000ffea   00000002  00000002  00000000  RWIX
  INT54                 0000ffec   00000002  00000002  00000000  RWIX
  INT55                 0000ffee   00000002  00000002  00000000  RWIX
  INT56                 0000fff0   00000002  00000002  00000000  RWIX
  INT57                 0000fff2   00000002  00000002  00000000  RWIX
  INT58                 0000fff4   00000002  00000002  00000000  RWIX
  INT59                 0000fff6   00000002  00000002  00000000  RWIX
  INT60                 0000fff8   00000002  00000002  00000000  RWIX
  INT61                 0000fffa   00000002  00000002  00000000  RWIX
  INT62                 0000fffc   00000002  00000002  00000000  RWIX
  RESET                 0000fffe   00000002  00000002  00000000  RWIX


SECTION ALLOCATION MAP

 output                                  attributes/
section   page    origin      length       input sections
--------  ----  ----------  ----------   ----------------
.pinit     0    00009e00    00000000     UNINITIALIZED

.bss       0    00001c00    00000486     UNINITIALIZED
                  00001c00    000000b0     rts430x.lib : signal.obj (.bss)
                  00001cb0    0000008c     nwk_QMgmt.obj (.bss)
                  00001d3c    00000088     datalog.obj (.bss)
                  00001dc4    00000064     rts430x.lib : xfvalues.obj (.bss)
                  00001e28    0000005e     display.obj (.bss)
                  00001e86    00000048     rfsimpliciti.obj (.bss)
                  00001ece    00000045     ps.obj (.bss)
                  00001f13    00000001     as.obj (.bss)
                  00001f14    0000003c     mrfi.obj (.bss)
                  00001f50    0000001d     nwk.obj (.bss)
                  00001f6d    00000001     main_ED_BM.obj (.bss)
                  00001f6e    0000001c     BlueRobin_RX_915MHz.lib : BRRX_Resource.obj (.bss)
                  00001f8a    0000001a     bmp_ps.obj (.bss)
                  00001fa4    00000011     main.obj (.bss)
                  00001fb5    00000001     nwk_api.obj (.bss)
                  00001fb6    00000010     altitude.obj (.bss)
                  00001fc6    0000000e     clock.obj (.bss)
                  00001fd4    0000000c     BlueRobin_RX_915MHz.lib : BRRX_Scheduler.obj (.bss)
                  00001fe0    0000000a                             : BR_Common.obj (.bss)
                  00001fea    0000000a     bluerobin.obj (.bss)
                  00001ff4    0000000a     nwk_frame.obj (.bss)
                  00001ffe    0000000a     nwk_link.obj (.bss)
                  00002008    0000000a     ports.obj (.bss)
                  00002012    00000009     nwk_globals.obj (.bss)
                  0000201b    00000001     nwk_ping.obj (.bss)
                  0000201c    00000009     nwk_join.obj (.bss)
                  00002025    00000001     rfbsl.obj (.bss)
                  00002026    00000008     BlueRobin_RX_915MHz.lib : BRRX_Timer.obj (.bss)
                  0000202e    00000008     buzzer.obj (.bss)
                  00002036    00000008     rts430x.lib : _lock.obj (.bss)
                  0000203e    00000008                 : boot.obj (.bss)
                  00002046    00000007     timer.obj (.bss)
                  0000204d    00000001     --HOLE--
                  0000204e    00000006     BlueRobin_RX_915MHz.lib : BRRX_Radio.obj (.bss)
                  00002054    00000006     acceleration.obj (.bss)
                  0000205a    00000006     battery.obj (.bss)
                  00002060    00000006     date.obj (.bss)
                  00002066    00000005     BlueRobin_RX_915MHz.lib : BRRX_Packet.obj (.bss)
                  0000206b    00000005     status.obj (.bss)
                  00002070    00000004     BlueRobin_RX_915MHz.lib : BRRX_API.obj (.bss)
                  00002074    00000004     menu.obj (.bss)
                  00002078    00000004     rts430x.lib : feraiseexcept.obj (.bss)
                  0000207c    00000003     adc12.obj (.bss)
                  0000207f    00000001     --HOLE--
                  00002080    00000003     nwk_mgmt.obj (.bss)
                  00002083    00000001     --HOLE--
                  00002084    00000002     rts430x.lib : errno.obj (.bss)

.data      0    00001c00    00000000     UNINITIALIZED

.stack     0    00002bac    00000050     UNINITIALIZED
                  00002bac    00000002     rts430x.lib : boot.obj (.stack)
                  00002bae    0000004e     --HOLE--

.text      0    00009e00    000044f4     
                  00009e00    00000294     ps.obj (.text:conv_pa_to_meter)
                  0000a094    0000027c     BlueRobin_RX_915MHz.lib : BRRX_Scheduler.obj (.text:BRRX__Scheduler_v)
                  0000a310    0000024a     timer.obj (.text:_isr:TIMER0_A0_ISR)
                  0000a55a    0000020e     ports.obj (.text:_isr:PORT2_ISR)
                  0000a768    000001d6     ps.obj (.text:update_pressure_table)
                  0000a93e    000001b2     clock.obj (.text:display_time)
                  0000aaf0    00000192     bmp_ps.obj (.text:bmp_ps_get_pa)
                  0000ac82    00000164     nwk_link.obj (.text:smpl_send_link_reply$38)
                  0000ade6    00000160     main.obj (.text:init_application)
                  0000af46    0000014c     mrfi.obj (.text:MRFI_Transmit)
                  0000b092    0000013a     mrfi.obj (.text:Mrfi_SyncPinRxIsr$29)
                  0000b1cc    00000138     altitude.obj (.text:do_altitude_measurement)
                  0000b304    00000130     rts430x.lib : fs_add.obj (.text)
                  0000b434    0000011e     BlueRobin_RX_915MHz.lib : BRRX_Scheduler.obj (.text:PacketMissed_v)
                  0000b552    0000011a     main.obj (.text:wakeup_event)
                  0000b66c    0000010e     datalog.obj (.text:datalog_sm)
                  0000b77a    00000104     nwk_frame.obj (.text:dispatchFrame$31)
                  0000b87e    00000104     main.obj (.text:display_update)
                  0000b982    00000104     main.obj (.text:init_global_variables)
                  0000ba86    000000e6     bmp_ps.obj (.text:bmp_ps_init)
                  0000bb6c    000000e4     datalog.obj (.text:do_datalog)
                  0000bc50    000000d2     nwk.obj (.text:nwk_allocateLocalRxPort)
                  0000bd22    000000ce     display.obj (.text:display_chars)
                  0000bdf0    000000cc     nwk_link.obj (.text:nwk_processLink)
                  0000bebc    000000be     display.obj (.text:int_to_array)
                  0000bf7a    000000bc     date.obj (.text:add_day)
                  0000c036    000000b6     BlueRobin_RX_915MHz.lib : BRRX_Scheduler.obj (.text:SearchPacketHit_u8)
                  0000c0ec    000000b6     rts430x.lib : fs_mpy.obj (.text)
                  0000c1a2    000000b4     battery.obj (.text:battery_measurement)
                  0000c256    000000ac     main.obj (.text:read_calibration_values)
                  0000c302    000000aa     datalog.obj (.text:datalog_write_buffer)
                  0000c3ac    000000a4     rf1a.obj (.text:Strobe)
                  0000c450    0000009e     status.obj (.text:display_Smart)
                  0000c4ee    0000008e     rts430x.lib : fs_div.obj (.text)
                  0000c57c    0000008c     I2C.obj (.text:i2c_sda)
                  0000c608    0000008c     ps.obj (.text:ps_i2c_sda)
                  0000c694    0000008a     nwk_frame.obj (.text:nwk_buildFrame)
                  0000c71e    00000088     pmm.obj (.text:SetVCore)
                  0000c7a6    00000086     BlueRobin_RX_915MHz.lib : BRRX_Scheduler.obj (.text:GetData_v)
                  0000c82c    0000007e     rts430x.lib : fs_tol.obj (.text)
                  0000c8aa    0000007c     BlueRobin_RX_915MHz.lib : BRRX_Scheduler.obj (.text:TrimACLK_Offset_v)
                  0000c926    0000007c     nwk_frame.obj (.text:nwk_sendAckReply)
                  0000c9a2    0000007a     altitude.obj (.text:start_altitude_measurement)
                  0000ca1c    00000078     nwk.obj (.text:nwk_getNextConnection)
                  0000ca94    00000076     nwk_QMgmt.obj (.text:nwk_QfindSlot)
                  0000cb0a    00000074     mrfi.obj (.text:mrfiRadioInterfaceCmdStrobe)
                  0000cb7e    00000072     display.obj (.text:display_char)
                  0000cbf0    00000072     ps.obj (.text:ps_read_register)
                  0000cc62    0000006e     BlueRobin_RX_915MHz.lib : BRRX_Radio.obj (.text:BRRX_RadioReceive_v)
                  0000ccd0    0000006c     main.obj (.text:main)
                  0000cd3c    0000006a     BlueRobin_RX_915MHz.lib : BRRX_API.obj (.text:ResetTXCB_v)
                  0000cda6    0000006a     cma_ps.obj (.text:cma_ps_get_pa)
                  0000ce10    00000068     rts430x.lib : fs_toi.obj (.text)
                  0000ce78    00000066     timer.obj (.text:_isr:TIMER0_A1_5_ISR)
                  0000cede    00000066     nwk_ping.obj (.text:nwk_processPing)
                  0000cf44    00000064     cma_ps.obj (.text:cma_ps_init)
                  0000cfa8    00000062     mrfi.obj (.text:MRFI_RadioIsr)
                  0000d00a    0000005e     BlueRobin_RX_915MHz.lib : BRRX_Radio.obj (.text:BRRX_PacketEndTimerTask_v)
                  0000d068    0000005c     buzzer.obj (.text:toggle_buzzer)
                  0000d0c4    0000005a     BlueRobin_RX_915MHz.lib : BRRX_Scheduler.obj (.text:PrepareForFirstPacket_v)
                  0000d11e    00000058     display.obj (.text:clear_line)
                  0000d176    00000058     ps.obj (.text:ps_write_register)
                  0000d1ce    00000058     rts430x.lib : div32u.obj (.text)
                  0000d226    00000058     display.obj (.text:write_lcd_mem)
                  0000d27e    00000052     BlueRobin_RX_915MHz.lib : BRRX_Scheduler.obj (.text:BRRX__StartNewSearch_v)
                  0000d2d0    00000052                             : BRRX_Scheduler.obj (.text:TestStartTime_v)
                  0000d322    00000052     ps.obj (.text:ps_i2c_read)
                  0000d374    00000050     timer.obj (.text:Timer0_A4_Delay)
                  0000d3c4    00000050     cma_ps.obj (.text:cma_ps_get_temp)
                  0000d414    0000004c     BlueRobin_RX_915MHz.lib : BRRX_Scheduler.obj (.text:SearchPacketCheck_u8)
                  0000d460    0000004c     rts430x.lib : fs_toul.obj (.text)
                  0000d4ac    0000004a                 : fs_cmp.obj (.text)
                  0000d4f6    0000004a                 : fs_ltof.obj (.text)
                  0000d540    00000048                 : autoinit.obj (.text:_auto_init)
                  0000d588    00000046     BlueRobin_RX_915MHz.lib : BR_Common.obj (.text:BR__CalcRandomTimeOffset_u16)
                  0000d5ce    00000046     rf1a.obj (.text:ReadBurstReg)
                  0000d614    00000046     I2C.obj (.text:i2c_write_register)
                  0000d65a    00000046     nwk_mgmt.obj (.text:nwk_processMgmt)
                  0000d6a0    00000046     rts430x.lib : fs_tou.obj (.text)
                  0000d6e6    00000044     flash.obj (.text:flash_erase_page)
                  0000d72a    00000044     mrfi.obj (.text:mrfiRadioInterfaceReadReg)
                  0000d76e    00000042     I2C.obj (.text:i2c_write)
                  0000d7b0    00000042     ps.obj (.text:ps_i2c_write)
                  0000d7f2    00000040     rts430x.lib : div32s.obj (.text)
                  0000d832    0000003e     BlueRobin_RX_915MHz.lib : BRRX_Packet.obj (.text:BRRX__DecodePacket_u8)
                  0000d870    0000003e                             : BRRX_API.obj (.text:BRRX__NewInfo_v)
                  0000d8ae    0000003e                             : BRRX_Scheduler.obj (.text:PacketHit_u8)
                  0000d8ec    0000003e     rts430x.lib : asr32.obj (.text:l_asr_const)
                  0000d92a    0000003e                 : lsl32.obj (.text:l_lsl_const)
                  0000d968    0000003e                 : lsr32.obj (.text:l_lsr_const)
                  0000d9a6    0000003e     bluerobin.obj (.text:stop_bluerobin)
                  0000d9e4    0000003c     BlueRobin_RX_915MHz.lib : BRRX_Timer.obj (.text:BRRX_TimerTask_v)
                  0000da20    0000003a     rf1a.obj (.text:WriteSingleReg)
                  0000da5a    0000003a     status.obj (.text:display_Fora)
                  0000da94    0000003a     nwk.obj (.text:nwk_isValidReply)
                  0000dace    00000038     radio.obj (.text:_isr:radio_ISR)
                  0000db06    00000038     altitude.obj (.text:stop_altitude_measurement)
                  0000db3e    00000036     mrfi.obj (.text:mrfiRadioInterfaceWriteReg)
                  0000db74    00000036     rts430x.lib : fs_itof.obj (.text)
                  0000dbaa    00000034     BlueRobin_RX_915MHz.lib : BR_Common.obj (.text:BR__CalcCRC_u8)
                  0000dbde    00000034                             : BRRX_Scheduler.obj (.text:TrimRFCLK_Offset_v)
                  0000dc12    00000032                             : BRRX_Radio.obj (.text:BRRX_RadioStop_v)
                  0000dc44    00000032     status.obj (.text:display_Esporte)
                  0000dc76    00000032     status.obj (.text:display_Trabalho)
                  0000dca8    00000032     mrfi.obj (.text:mrfiRadioInterfaceReadRxFifo)
                  0000dcda    00000032     radio.obj (.text:radio_reset)
                  0000dd0c    00000032     rts430x.lib : fs_ultof.obj (.text)
                  0000dd3e    00000030     nwk_frame.obj (.text:nwk_sendFrame)
                  0000dd6e    0000002e     status.obj (.text:display_Casa)
                  0000dd9c    0000002e     status.obj (.text:display_Lazer)
                  0000ddca    0000002e     status.obj (.text:display_Sono)
                  0000ddf8    0000002e     nwk_QMgmt.obj (.text:nwk_QadjustOrder)
                  0000de26    0000002c     datalog.obj (.text:datalog_add_to_buffer)
                  0000de52    0000002c     flash.obj (.text:flash_write)
                  0000de7e    0000002c     nwk.obj (.text:map_lid2idx$34)
                  0000deaa    0000002c     rts430x.lib : div16s.obj (.text)
                  0000ded6    0000002a     mrfi.obj (.text:Mrfi_CalculateRssi$29)
                  0000df00    0000002a     BlueRobin_RX_915MHz.lib : BRRX_Scheduler.obj (.text:SearchPacketMissed_u8)
                  0000df2a    0000002a     timer.obj (.text:Timer0_A3_Start)
                  0000df54    0000002a     rts430x.lib : boot.obj (.text:_isr:_c_int00_noexit)
                  0000df7e    00000028     buzzer.obj (.text:stop_buzzer)
                  0000dfa6    00000026     ps.obj (.text:init_pressure_table)
                  0000dfcc    00000024     BlueRobin_RX_915MHz.lib : BRRX_API.obj (.text:BRRX_GetState_t)
                  0000dff0    00000024     ps.obj (.text:ps_init)
                  0000e014    00000024     rts430x.lib : fs_utof.obj (.text)
                  0000e038    00000022     bsp.obj (.text:BSP_Delay)
                  0000e05a    00000022     rts430x.lib : memcmp.obj (.text:memcmp)
                  0000e07c    00000022                 : mult32_f5hw.obj (.text)
                  0000e09e    0000001e     BlueRobin_RX_915MHz.lib : BRRX_Timer.obj (.text:SetAbsoluteTimer_v)
                  0000e0bc    0000001e     display.obj (.text:display_symbol)
                  0000e0da    0000001e     rts430x.lib : memmov.obj (.text:memmove)
                  0000e0f8    0000001e     nwk_join.obj (.text:nwk_processJoin)
                  0000e116    0000001c     mrfi.obj (.text:Mrfi_DelayUsec$29)
                  0000e132    0000001c     radio.obj (.text:close_radio)
                  0000e14e    0000001c     display.obj (.text:display_am_pm_symbol)
                  0000e16a    0000001a     BlueRobin_RX_915MHz.lib : BRRX_Scheduler.obj (.text:GetPacketTolerance_u8)
                  0000e184    0000001a     adc12.obj (.text:_isr:ADC12ISR)
                  0000e19e    00000018     rf1a.obj (.text:ReadSingleReg)
                  0000e1b6    00000016     rts430x.lib : div16u.obj (.text)
                  0000e1cc    00000016                 : mult16_f5hw.obj (.text)
                  0000e1e2    00000014     I2C.obj (.text:i2c_init)
                  0000e1f6    00000012     BlueRobin_RX_915MHz.lib : BR_Common.obj (.text:BR__CalcRandomChannel_u8)
                  0000e208    00000012                             : BRRX_Radio.obj (.text:BlueRobin_RadioISR_v)
                  0000e21a    00000012     rts430x.lib : memcpy.obj (.text:memcpy)
                  0000e22c    00000012                 : memset.obj (.text:memset)
                  0000e23e    00000010     radio.obj (.text:radio_powerdown)
                  0000e24e    00000010     date.obj (.text:sx_date)
                  0000e25e    00000010     clock.obj (.text:sx_time)
                  0000e26e    0000000c     BlueRobin_RX_915MHz.lib : BRRX_Timer.obj (.text:BRRX__GetCurrentTime_u16)
                  0000e27a    0000000c     rfsimpliciti.obj (.text:is_rf)
                  0000e286    0000000a     BlueRobin_RX_915MHz.lib : BRRX_Timer.obj (.text:BRRX__StopTimer_v)
                  0000e290    0000000a     rts430x.lib : fs_neg.obj (.text)
                  0000e29a    0000000a                 : lsl16.obj (.text)
                  0000e2a4    0000000a                 : lsr16.obj (.text)
                  0000e2ae    0000000a     menu.obj (.text:update_time)
                  0000e2b8    00000008     BlueRobin_RX_915MHz.lib : BRRX_Radio.obj (.text:BRRX_GetFS_Offset_s8)
                  0000e2c0    00000006                             : BRRX_API.obj (.text:BRRX_GetHeartRate_u8)
                  0000e2c6    00000006                             : BRRX_API.obj (.text:BRRX_Stop_v)
                  0000e2cc    00000006                             : BRRX_Timer.obj (.text:BRRX__CallTimer_v)
                  0000e2d2    00000006     rts430x.lib : isr_trap.obj (.text:__TI_ISR_TRAP)
                  0000e2d8    00000004                 : pre_init.obj (.text:_system_pre_init)
                  0000e2dc    00000004                 : exit.obj (.text:abort)
                  0000e2e0    00000004     I2C.obj (.text:i2c_delay)
                  0000e2e4    00000004     nwk_freq.obj (.text:nwk_processFreq)
                  0000e2e8    00000004     nwk_security.obj (.text:nwk_processSecurity)
                  0000e2ec    00000004     ps.obj (.text:ps_i2c_delay)
                  0000e2f0    00000002     rts430x.lib : _lock.obj (.text:_nop)
                  0000e2f2    00000002     user.obj (.text:dummy)

.const     0    0000e2f4    000004fa     
                  0000e2f4    0000021f     display.obj (.const:int_to_array_conversion_table)
                  0000e513    00000001     mrfi.obj (.const)
                  0000e514    00000100     BlueRobin_RX_915MHz.lib : BR_Common.obj (.const:RandomValue_u8)
                  0000e614    00000090     menu.obj (.const)
                  0000e6a4    0000007e     <whole-program> (.const:.string)
                  0000e722    0000002b     display.obj (.const:.string:lcd_font)
                  0000e74d    00000001     nwk_frame.obj (.const)
                  0000e74e    0000002a     display.obj (.const:.string:segments_bitmask)
                  0000e778    00000022     ps.obj (.const:h0)
                  0000e79a    00000022     ps.obj (.const:p0)
                  0000e7bc    00000018     nwk_frame.obj (.const:func$31)
                  0000e7d4    00000009     nwk_globals.obj (.const)
                  0000e7dd    00000001     --HOLE-- [fill = 0]
                  0000e7de    00000004     mrfi.obj (.const:.string:mrfiBroadcastAddr)
                  0000e7e2    00000004     BlueRobin_RX_915MHz.lib : BRRX_Resource.obj (.const)
                  0000e7e6    00000004     rts430x.lib : feraiseexcept.obj (.const)
                  0000e7ea    00000004                 : xfvalues.obj (.const)

.cinit     0    0000e7ee    000001d0     
                  0000e7ee    00000186     <whole-program> (.cinit)
                  0000e974    00000017     BlueRobin_RX_915MHz.lib : BRRX_Scheduler.obj (.cinit)
                  0000e98b    00000001     --HOLE-- [fill = 0]
                  0000e98c    00000017                             : BRRX_Timer.obj (.cinit)
                  0000e9a3    00000001     --HOLE-- [fill = 0]
                  0000e9a4    0000000c                             : BRRX_Radio.obj (.cinit)
                  0000e9b0    0000000b                             : BRRX_Packet.obj (.cinit)
                  0000e9bb    00000001     --HOLE-- [fill = 0]
                  0000e9bc    00000002     (.pad.cinit) [fill = 0]

AES        0    0000ffda    00000002     
                  0000ffda    00000002     rts430x.lib : int45.obj (.int45)

RTC        0    0000ffdc    00000002     
                  0000ffdc    00000002     rts430x.lib : int46.obj (.int46)

LCD_B      0    0000ffde    00000002     
                  0000ffde    00000002     rts430x.lib : int47.obj (.int47)

PORT2      0    0000ffe0    00000002     
                  0000ffe0    00000002     <whole-program> (.int48)

PORT1      0    0000ffe2    00000002     
                  0000ffe2    00000002     rts430x.lib : int49.obj (.int49)

TIMER1_A1 
*          0    0000ffe4    00000002     
                  0000ffe4    00000002     rts430x.lib : int50.obj (.int50)

TIMER1_A0 
*          0    0000ffe6    00000002     
                  0000ffe6    00000002     rts430x.lib : int51.obj (.int51)

DMA        0    0000ffe8    00000002     
                  0000ffe8    00000002     rts430x.lib : int52.obj (.int52)

CC1101     0    0000ffea    00000002     
                  0000ffea    00000002     radio.obj (.int53)

TIMER0_A1 
*          0    0000ffec    00000002     
                  0000ffec    00000002     <whole-program> (.int54)

TIMER0_A0 
*          0    0000ffee    00000002     
                  0000ffee    00000002     <whole-program> (.int55)

ADC12      0    0000fff0    00000002     
                  0000fff0    00000002     <whole-program> (.int56)

USCI_B0    0    0000fff2    00000002     
                  0000fff2    00000002     rts430x.lib : int57.obj (.int57)

USCI_A0    0    0000fff4    00000002     
                  0000fff4    00000002     rts430x.lib : int58.obj (.int58)

WDT        0    0000fff6    00000002     
                  0000fff6    00000002     rts430x.lib : int59.obj (.int59)

COMP_B     0    0000fff8    00000002     
                  0000fff8    00000002     rts430x.lib : int60.obj (.int60)

UNMI       0    0000fffa    00000002     
                  0000fffa    00000002     rts430x.lib : int61.obj (.int61)

SYSNMI     0    0000fffc    00000002     
                  0000fffc    00000002     rts430x.lib : int62.obj (.int62)

.reset     0    0000fffe    00000002     
                  0000fffe    00000002     rts430x.lib : boot.obj (.reset)


GLOBAL SYMBOLS: SORTED ALPHABETICALLY BY Name 

address    name
--------   ----
00001c00   .bss
00001c00   .data
00009e00   .text
00000700   ADC12CTL0
00000701   ADC12CTL0_H
00000700   ADC12CTL0_L
00000702   ADC12CTL1
00000703   ADC12CTL1_H
00000702   ADC12CTL1_L
00000704   ADC12CTL2
00000705   ADC12CTL2_H
00000704   ADC12CTL2_L
0000070c   ADC12IE
0000070d   ADC12IE_H
0000070c   ADC12IE_L
0000070a   ADC12IFG
0000070b   ADC12IFG_H
0000070a   ADC12IFG_L
0000e184   ADC12ISR
0000070e   ADC12IV
0000070f   ADC12IV_H
0000070e   ADC12IV_L
00000710   ADC12MCTL0
00000711   ADC12MCTL1
0000071a   ADC12MCTL10
0000071b   ADC12MCTL11
0000071c   ADC12MCTL12
0000071d   ADC12MCTL13
0000071e   ADC12MCTL14
0000071f   ADC12MCTL15
00000712   ADC12MCTL2
00000713   ADC12MCTL3
00000714   ADC12MCTL4
00000715   ADC12MCTL5
00000716   ADC12MCTL6
00000717   ADC12MCTL7
00000718   ADC12MCTL8
00000719   ADC12MCTL9
00000720   ADC12MEM0
00000721   ADC12MEM0_H
00000720   ADC12MEM0_L
00000722   ADC12MEM1
00000734   ADC12MEM10
00000735   ADC12MEM10_H
00000734   ADC12MEM10_L
00000736   ADC12MEM11
00000737   ADC12MEM11_H
00000736   ADC12MEM11_L
00000738   ADC12MEM12
00000739   ADC12MEM12_H
00000738   ADC12MEM12_L
0000073a   ADC12MEM13
0000073b   ADC12MEM13_H
0000073a   ADC12MEM13_L
0000073c   ADC12MEM14
0000073d   ADC12MEM14_H
0000073c   ADC12MEM14_L
0000073e   ADC12MEM15
0000073f   ADC12MEM15_H
0000073e   ADC12MEM15_L
00000723   ADC12MEM1_H
00000722   ADC12MEM1_L
00000724   ADC12MEM2
00000725   ADC12MEM2_H
00000724   ADC12MEM2_L
00000726   ADC12MEM3
00000727   ADC12MEM3_H
00000726   ADC12MEM3_L
00000728   ADC12MEM4
00000729   ADC12MEM4_H
00000728   ADC12MEM4_L
0000072a   ADC12MEM5
0000072b   ADC12MEM5_H
0000072a   ADC12MEM5_L
0000072c   ADC12MEM6
0000072d   ADC12MEM6_H
0000072c   ADC12MEM6_L
0000072e   ADC12MEM7
0000072f   ADC12MEM7_H
0000072e   ADC12MEM7_L
00000730   ADC12MEM8
00000731   ADC12MEM8_H
00000730   ADC12MEM8_L
00000732   ADC12MEM9
00000733   ADC12MEM9_H
00000732   ADC12MEM9_L
000009c0   AESACTL0
000009c1   AESACTL0_H
000009c0   AESACTL0_L
000009c8   AESADIN
000009c9   AESADIN_H
000009c8   AESADIN_L
000009ca   AESADOUT
000009cb   AESADOUT_H
000009ca   AESADOUT_L
000009c6   AESAKEY
000009c7   AESAKEY_H
000009c6   AESAKEY_L
000009c4   AESASTAT
000009c5   AESASTAT_H
000009c4   AESASTAT_L
0000e2b8   BRRX_GetFS_Offset_s8
0000e2c0   BRRX_GetHeartRate_u8
0000dfcc   BRRX_GetState_t
0000d00a   BRRX_PacketEndTimerTask_v
0000cc62   BRRX_RadioReceive_v
0000dc12   BRRX_RadioStop_v
0000e2c6   BRRX_Stop_v
0000d9e4   BRRX_TimerTask_v
0000e2cc   BRRX__CallTimer_v
00002068   BRRX__CurrentPacketTime_u16
0000206a   BRRX__CurrentSignalLevel_u8
0000d832   BRRX__DecodePacket_u8
0000e7e2   BRRX__First_TXCB_t
0000e26e   BRRX__GetCurrentTime_u16
0000e7e4   BRRX__Last_TXCB_t
00001fdc   BRRX__MaxSearchTries_u8
0000d870   BRRX__NewInfo_v
00002028   BRRX__NextEndTime_u16
00002026   BRRX__NextEventTime_u16
0000202b   BRRX__NextFrequencyOffset_s8
0000202a   BRRX__NextFrequency_u8
00001fe0   BRRX__PacketBits_t
00001fda   BRRX__PowerdownDelay_u8
0000a094   BRRX__Scheduler_v
00001fdd   BRRX__SearchRatio_u8
00001fdb   BRRX__SignalLevelReduction
0000d27e   BRRX__StartNewSearch_v
00002066   BRRX__StatusFlags_t
0000e286   BRRX__StopTimer_v
00001f6e   BRRX__TXCB_t
00001fde   BRRX__TestMode_u8
0000202c   BRRX__TimerState_t
0000dbaa   BR__CalcCRC_u8
0000e1f6   BR__CalcRandomChannel_u8
0000d588   BR__CalcRandomTimeOffset_u16
0000e038   BSP_Delay
0000e208   BlueRobin_RadioISR_v
0000e2dc   C$$EXIT
000008c0   CBCTL0
000008c1   CBCTL0_H
000008c0   CBCTL0_L
000008c2   CBCTL1
000008c3   CBCTL1_H
000008c2   CBCTL1_L
000008c4   CBCTL2
000008c5   CBCTL2_H
000008c4   CBCTL2_L
000008c6   CBCTL3
000008c7   CBCTL3_H
000008c6   CBCTL3_L
000008cc   CBINT
000008cd   CBINT_H
000008cc   CBINT_L
000008ce   CBIV
00000150   CRCDI
00000152   CRCDIRB
00000153   CRCDIRB_H
00000152   CRCDIRB_L
00000151   CRCDI_H
00000150   CRCDI_L
00000154   CRCINIRES
00000155   CRCINIRES_H
00000154   CRCINIRES_L
00000156   CRCRESR
00000157   CRCRESR_H
00000156   CRCRESR_L
00000510   DMA0CTL
00000511   DMA0CTL_H
00000510   DMA0CTL_L
00000516   DMA0DA
00000516   DMA0DAL
00000512   DMA0SA
00000512   DMA0SAL
0000051a   DMA0SZ
00000520   DMA1CTL
00000521   DMA1CTL_H
00000520   DMA1CTL_L
00000526   DMA1DA
00000526   DMA1DAL
00000522   DMA1SA
00000522   DMA1SAL
0000052a   DMA1SZ
00000530   DMA2CTL
00000531   DMA2CTL_H
00000530   DMA2CTL_L
00000536   DMA2DA
00000536   DMA2DAL
00000532   DMA2SA
00000532   DMA2SAL
0000053a   DMA2SZ
00000500   DMACTL0
00000501   DMACTL0_H
00000500   DMACTL0_L
00000502   DMACTL1
00000503   DMACTL1_H
00000502   DMACTL1_L
00000504   DMACTL2
00000505   DMACTL2_H
00000504   DMACTL2_L
00000506   DMACTL3
00000507   DMACTL3_H
00000506   DMACTL3_L
00000508   DMACTL4
00000509   DMACTL4_H
00000508   DMACTL4_L
0000050e   DMAIV
0000050f   DMAIV_H
0000050e   DMAIV_L
00000140   FCTL1
00000141   FCTL1_H
00000140   FCTL1_L
00000144   FCTL3
00000145   FCTL3_H
00000144   FCTL3_L
00000146   FCTL4
00000147   FCTL4_H
00000146   FCTL4_L
0000e29a   I_LSL
0000e2a4   I_LSR
00000a04   LCDBBLKCTL
00000a05   LCDBBLKCTL_H
00000a04   LCDBBLKCTL_L
00000a12   LCDBCPCTL
00000a13   LCDBCPCTL_H
00000a12   LCDBCPCTL_L
00000a00   LCDBCTL0
00000a01   LCDBCTL0_H
00000a00   LCDBCTL0_L
00000a02   LCDBCTL1
00000a03   LCDBCTL1_H
00000a02   LCDBCTL1_L
00000a1e   LCDBIV
00000a40   LCDBM1
00000a49   LCDBM10
00000a4a   LCDBM11
00000a4b   LCDBM12
00000a4c   LCDBM13
00000a4d   LCDBM14
00000a4e   LCDBM15
00000a4f   LCDBM16
00000a50   LCDBM17
00000a51   LCDBM18
00000a52   LCDBM19
00000a41   LCDBM2
00000a53   LCDBM20
00000a54   LCDBM21
00000a55   LCDBM22
00000a56   LCDBM23
00000a57   LCDBM24
00000a42   LCDBM3
00000a43   LCDBM4
00000a44   LCDBM5
00000a45   LCDBM6
00000a46   LCDBM7
00000a47   LCDBM8
00000a48   LCDBM9
00000a06   LCDBMEMCTL
00000a07   LCDBMEMCTL_H
00000a06   LCDBMEMCTL_L
00000a0a   LCDBPCTL0
00000a0b   LCDBPCTL0_H
00000a0a   LCDBPCTL0_L
00000a0c   LCDBPCTL1
00000a0d   LCDBPCTL1_H
00000a0c   LCDBPCTL1_L
00000a0e   LCDBPCTL2
00000a0f   LCDBPCTL2_H
00000a0e   LCDBPCTL2_L
00000a10   LCDBPCTL3
00000a11   LCDBPCTL3_H
00000a10   LCDBPCTL3_L
00000a08   LCDBVCTL
00000a09   LCDBVCTL_H
00000a08   LCDBVCTL_L
00000a20   LCDM1
00000a29   LCDM10
00000a2a   LCDM11
00000a2b   LCDM12
00000a2c   LCDM13
00000a2d   LCDM14
00000a2e   LCDM15
00000a2f   LCDM16
00000a30   LCDM17
00000a31   LCDM18
00000a32   LCDM19
00000a21   LCDM2
00000a33   LCDM20
00000a34   LCDM21
00000a35   LCDM22
00000a36   LCDM23
00000a37   LCDM24
00000a22   LCDM3
00000a23   LCDM4
00000a24   LCDM5
00000a25   LCDM6
00000a26   LCDM7
00000a27   LCDM8
00000a28   LCDM9
0000d924   L_ASR_1
0000d900   L_ASR_10
0000d8fc   L_ASR_11
0000d8f8   L_ASR_12
0000d8f4   L_ASR_13
0000d8f0   L_ASR_14
0000d8ec   L_ASR_15
0000d920   L_ASR_2
0000d91c   L_ASR_3
0000d918   L_ASR_4
0000d914   L_ASR_5
0000d910   L_ASR_6
0000d90c   L_ASR_7
0000d908   L_ASR_8
0000d904   L_ASR_9
0000d962   L_LSL_1
0000d93e   L_LSL_10
0000d93a   L_LSL_11
0000d936   L_LSL_12
0000d932   L_LSL_13
0000d92e   L_LSL_14
0000d92a   L_LSL_15
0000d95e   L_LSL_2
0000d95a   L_LSL_3
0000d956   L_LSL_4
0000d952   L_LSL_5
0000d94e   L_LSL_6
0000d94a   L_LSL_7
0000d946   L_LSL_8
0000d942   L_LSL_9
0000d9a0   L_LSR_1
0000d97c   L_LSR_10
0000d978   L_LSR_11
0000d974   L_LSR_12
0000d970   L_LSR_13
0000d96c   L_LSR_14
0000d968   L_LSR_15
0000d99c   L_LSR_2
0000d998   L_LSR_3
0000d994   L_LSR_4
0000d990   L_LSR_5
0000d98c   L_LSR_6
0000d988   L_LSR_7
0000d984   L_LSR_8
0000d980   L_LSR_9
000004c4   MAC
000004da   MAC32H
000004db   MAC32H_H
000004da   MAC32H_L
000004d8   MAC32L
000004d9   MAC32L_H
000004d8   MAC32L_L
000004c6   MACS
000004de   MACS32H
000004df   MACS32H_H
000004de   MACS32H_L
000004dc   MACS32L
000004dd   MACS32L_H
000004dc   MACS32L_L
000004c7   MACS_H
000004c6   MACS_L
000004c5   MAC_H
000004c4   MAC_L
000004c0   MPY
000004ec   MPY32CTL0
000004ed   MPY32CTL0_H
000004ec   MPY32CTL0_L
000004d2   MPY32H
000004d3   MPY32H_H
000004d2   MPY32H_L
000004d0   MPY32L
000004d1   MPY32L_H
000004d0   MPY32L_L
000004c2   MPYS
000004d6   MPYS32H
000004d7   MPYS32H_H
000004d6   MPYS32H_L
000004d4   MPYS32L
000004d5   MPYS32L_H
000004d4   MPYS32L_L
000004c3   MPYS_H
000004c2   MPYS_L
000004c1   MPY_H
000004c0   MPY_L
0000cfa8   MRFI_RadioIsr
0000af46   MRFI_Transmit
000004c8   OP2
000004e2   OP2H
000004e3   OP2H_H
000004e2   OP2H_L
000004e0   OP2L
000004e1   OP2L_H
000004e0   OP2L_L
000004c9   OP2_H
000004c8   OP2_L
0000020e   P1IV
000001c8   P1MAP01
000001c9   P1MAP01_H
000001c8   P1MAP01_L
000001ca   P1MAP23
000001cb   P1MAP23_H
000001ca   P1MAP23_L
000001cc   P1MAP45
000001cd   P1MAP45_H
000001cc   P1MAP45_L
000001ce   P1MAP67
000001cf   P1MAP67_H
000001ce   P1MAP67_L
0000021e   P2IV
000001d0   P2MAP01
000001d1   P2MAP01_H
000001d0   P2MAP01_L
000001d2   P2MAP23
000001d3   P2MAP23_H
000001d2   P2MAP23_L
000001d4   P2MAP45
000001d5   P2MAP45_H
000001d4   P2MAP45_L
000001d6   P2MAP67
000001d7   P2MAP67_H
000001d6   P2MAP67_L
000001d8   P3MAP01
000001d9   P3MAP01_H
000001d8   P3MAP01_L
000001da   P3MAP23
000001db   P3MAP23_H
000001da   P3MAP23_L
000001dc   P3MAP45
000001dd   P3MAP45_H
000001dc   P3MAP45_L
000001de   P3MAP67
000001df   P3MAP67_H
000001de   P3MAP67_L
00000204   PADIR
00000205   PADIR_H
00000204   PADIR_L
00000208   PADS
00000209   PADS_H
00000208   PADS_L
0000021a   PAIE
00000218   PAIES
00000219   PAIES_H
00000218   PAIES_L
0000021b   PAIE_H
0000021a   PAIE_L
0000021c   PAIFG
0000021d   PAIFG_H
0000021c   PAIFG_L
00000200   PAIN
00000201   PAIN_H
00000200   PAIN_L
00000202   PAOUT
00000203   PAOUT_H
00000202   PAOUT_L
00000206   PAREN
00000207   PAREN_H
00000206   PAREN_L
0000020a   PASEL
0000020b   PASEL_H
0000020a   PASEL_L
00000224   PBDIR
00000225   PBDIR_H
00000224   PBDIR_L
00000228   PBDS
00000229   PBDS_H
00000228   PBDS_L
00000220   PBIN
00000221   PBIN_H
00000220   PBIN_L
00000222   PBOUT
00000223   PBOUT_H
00000222   PBOUT_L
00000226   PBREN
00000227   PBREN_H
00000226   PBREN_L
0000022a   PBSEL
0000022b   PBSEL_H
0000022a   PBSEL_L
00000244   PCDIR
00000245   PCDIR_H
00000244   PCDIR_L
00000248   PCDS
00000249   PCDS_H
00000248   PCDS_L
00000240   PCIN
00000241   PCIN_H
00000240   PCIN_L
00000242   PCOUT
00000243   PCOUT_H
00000242   PCOUT_L
00000246   PCREN
00000247   PCREN_H
00000246   PCREN_L
0000024a   PCSEL
0000024b   PCSEL_H
0000024a   PCSEL_L
00000324   PJDIR
00000325   PJDIR_H
00000324   PJDIR_L
00000328   PJDS
00000329   PJDS_H
00000328   PJDS_L
00000320   PJIN
00000321   PJIN_H
00000320   PJIN_L
00000322   PJOUT
00000323   PJOUT_H
00000322   PJOUT_L
00000326   PJREN
00000327   PJREN_H
00000326   PJREN_L
000001c2   PMAPCTL
000001c3   PMAPCTL_H
000001c2   PMAPCTL_L
000001c0   PMAPKEYID
000001c1   PMAPKEYID_H
000001c0   PMAPKEYID_L
00000120   PMMCTL0
00000121   PMMCTL0_H
00000120   PMMCTL0_L
00000122   PMMCTL1
00000123   PMMCTL1_H
00000122   PMMCTL1_L
0000012c   PMMIFG
0000012d   PMMIFG_H
0000012c   PMMIFG_L
0000012e   PMMRIE
0000012f   PMMRIE_H
0000012e   PMMRIE_L
0000a55a   PORT2_ISR
00000158   RCCTL0
00000159   RCCTL0_H
00000158   RCCTL0_L
000001b0   REFCTL0
000001b1   REFCTL0_H
000001b0   REFCTL0_L
000004e4   RES0
000004e5   RES0_H
000004e4   RES0_L
000004e6   RES1
000004e7   RES1_H
000004e6   RES1_L
000004e8   RES2
000004e9   RES2_H
000004e8   RES2_L
000004ea   RES3
000004eb   RES3_H
000004ea   RES3_L
000004cc   RESHI
000004cd   RESHI_H
000004cc   RESHI_L
000004ca   RESLO
000004cb   RESLO_H
000004ca   RESLO_L
00000f16   RF1ADINW
00000f17   RF1ADINW_H
00000f16   RF1ADINW_L
00000f28   RF1ADOUT0W
00000f29   RF1ADOUT0W_H
00000f28   RF1ADOUT0W_L
00000f2a   RF1ADOUT1W
00000f2b   RF1ADOUT1W_H
00000f2a   RF1ADOUT1W_L
00000f2c   RF1ADOUT2W
00000f2d   RF1ADOUT2W_H
00000f2c   RF1ADOUT2W_L
00000f36   RF1AIE
00000f34   RF1AIES
00000f35   RF1AIES_H
00000f34   RF1AIES_L
00000f37   RF1AIE_H
00000f36   RF1AIE_L
00000f00   RF1AIFCTL0
00000f01   RF1AIFCTL0_H
00000f00   RF1AIFCTL0_L
00000f02   RF1AIFCTL1
00000f03   RF1AIFCTL1_H
00000f02   RF1AIFCTL1_L
00000f04   RF1AIFCTL2
00000f05   RF1AIFCTL2_H
00000f04   RF1AIFCTL2_L
00000f06   RF1AIFERR
00000f0c   RF1AIFERRV
00000f0d   RF1AIFERRV_H
00000f0c   RF1AIFERRV_L
00000f07   RF1AIFERR_H
00000f06   RF1AIFERR_L
00000f32   RF1AIFG
00000f33   RF1AIFG_H
00000f32   RF1AIFG_L
00000f0e   RF1AIFIV
00000f0f   RF1AIFIV_H
00000f0e   RF1AIFIV_L
00000f30   RF1AIN
00000f12   RF1AINSTR1W
00000f13   RF1AINSTR1W_H
00000f12   RF1AINSTR1W_L
00000f14   RF1AINSTR2W
00000f15   RF1AINSTR2W_H
00000f14   RF1AINSTR2W_L
00000f10   RF1AINSTRW
00000f11   RF1AINSTRW_H
00000f10   RF1AINSTRW_L
00000f31   RF1AIN_H
00000f30   RF1AIN_L
00000f38   RF1AIV
00000f39   RF1AIV_H
00000f38   RF1AIV_L
00000f3c   RF1ARXFIFO
00000f3d   RF1ARXFIFO_H
00000f3c   RF1ARXFIFO_L
00000f20   RF1ASTAT0W
00000f21   RF1ASTAT0W_H
00000f20   RF1ASTAT0W_L
00000f22   RF1ASTAT1W
00000f23   RF1ASTAT1W_H
00000f22   RF1ASTAT1W_L
00000f24   RF1ASTAT2W
00000f25   RF1ASTAT2W_H
00000f24   RF1ASTAT2W_L
00000f3e   RF1ATXFIFO
00000f3f   RF1ATXFIFO_H
00000f3e   RF1ATXFIFO_L
000004ba   RTCADOWDAY
000004bb   RTCADOWDAY_H
000004ba   RTCADOWDAY_L
000004b8   RTCAMINHR
000004b9   RTCAMINHR_H
000004b8   RTCAMINHR_L
000004a0   RTCCTL01
000004a1   RTCCTL01_H
000004a0   RTCCTL01_L
000004a2   RTCCTL23
000004a3   RTCCTL23_H
000004a2   RTCCTL23_L
000004b4   RTCDATE
000004b5   RTCDATE_H
000004b4   RTCDATE_L
000004ae   RTCIV
000004ac   RTCPS
000004a8   RTCPS0CTL
000004a9   RTCPS0CTL_H
000004a8   RTCPS0CTL_L
000004aa   RTCPS1CTL
000004ab   RTCPS1CTL_H
000004aa   RTCPS1CTL_L
000004ad   RTCPS_H
000004ac   RTCPS_L
000004b0   RTCTIM0
000004b1   RTCTIM0_H
000004b0   RTCTIM0_L
000004b2   RTCTIM1
000004b3   RTCTIM1_H
000004b2   RTCTIM1_L
000004b6   RTCYEAR
000004b7   RTCYEAR_H
000004b6   RTCYEAR_L
0000e514   RandomValue_u8
0000d5ce   ReadBurstReg
0000e19e   ReadSingleReg
00000100   SFRIE1
00000101   SFRIE1_H
00000100   SFRIE1_L
00000102   SFRIFG1
00000103   SFRIFG1_H
00000102   SFRIFG1_L
00000104   SFRRPCR
00000105   SFRRPCR_H
00000104   SFRRPCR_L
000004ce   SUMEXT
000004cf   SUMEXT_H
000004ce   SUMEXT_L
00000124   SVSMHCTL
00000125   SVSMHCTL_H
00000124   SVSMHCTL_L
00000128   SVSMIO
00000129   SVSMIO_H
00000128   SVSMIO_L
00000126   SVSMLCTL
00000127   SVSMLCTL_H
00000126   SVSMLCTL_L
00000198   SYSBERRIV
00000199   SYSBERRIV_H
00000198   SYSBERRIV_L
00000182   SYSBSLC
00000183   SYSBSLC_H
00000182   SYSBSLC_L
00000180   SYSCTL
00000181   SYSCTL_H
00000180   SYSCTL_L
00000186   SYSJMBC
00000187   SYSJMBC_H
00000186   SYSJMBC_L
00000188   SYSJMBI0
00000189   SYSJMBI0_H
00000188   SYSJMBI0_L
0000018a   SYSJMBI1
0000018b   SYSJMBI1_H
0000018a   SYSJMBI1_L
0000018c   SYSJMBO0
0000018d   SYSJMBO0_H
0000018c   SYSJMBO0_L
0000018e   SYSJMBO1
0000018f   SYSJMBO1_H
0000018e   SYSJMBO1_L
0000019e   SYSRSTIV
0000019f   SYSRSTIV_H
0000019e   SYSRSTIV_L
0000019c   SYSSNIV
0000019d   SYSSNIV_H
0000019c   SYSSNIV_L
0000019a   SYSUNIV
0000019b   SYSUNIV_H
0000019a   SYSUNIV_L
0000c71e   SetVCore
0000c3ac   Strobe
00000352   TA0CCR0
00000354   TA0CCR1
00000356   TA0CCR2
00000358   TA0CCR3
0000035a   TA0CCR4
00000342   TA0CCTL0
00000344   TA0CCTL1
00000346   TA0CCTL2
00000348   TA0CCTL3
0000034a   TA0CCTL4
00000340   TA0CTL
00000360   TA0EX0
0000036e   TA0IV
00000350   TA0R
00000392   TA1CCR0
00000394   TA1CCR1
00000396   TA1CCR2
00000382   TA1CCTL0
00000384   TA1CCTL1
00000386   TA1CCTL2
00000380   TA1CTL
000003a0   TA1EX0
000003ae   TA1IV
00000390   TA1R
0000a310   TIMER0_A0_ISR
0000ce78   TIMER0_A1_5_ISR
0000df2a   Timer0_A3_Start
0000d374   Timer0_A4_Delay
000005d0   UCA0ABCTL
000005c6   UCA0BRW
000005c7   UCA0BRW_H
000005c6   UCA0BRW_L
000005c0   UCA0CTLW0
000005c1   UCA0CTLW0_H
000005c0   UCA0CTLW0_L
000005dc   UCA0ICTL
000005dd   UCA0ICTL_H
000005dc   UCA0ICTL_L
000005d2   UCA0IRCTL
000005d3   UCA0IRCTL_H
000005d2   UCA0IRCTL_L
000005de   UCA0IV
000005c8   UCA0MCTL
000005cc   UCA0RXBUF
000005ca   UCA0STAT
000005ce   UCA0TXBUF
000005e6   UCB0BRW
000005e7   UCB0BRW_H
000005e6   UCB0BRW_L
000005e0   UCB0CTLW0
000005e1   UCB0CTLW0_H
000005e0   UCB0CTLW0_L
000005f0   UCB0I2COA
000005f1   UCB0I2COA_H
000005f0   UCB0I2COA_L
000005f2   UCB0I2CSA
000005f3   UCB0I2CSA_H
000005f2   UCB0I2CSA_L
000005fc   UCB0ICTL
000005fd   UCB0ICTL_H
000005fc   UCB0ICTL_L
000005fe   UCB0IV
000005ec   UCB0RXBUF
000005ea   UCB0STAT
000005ee   UCB0TXBUF
00000160   UCSCTL0
00000161   UCSCTL0_H
00000160   UCSCTL0_L
00000162   UCSCTL1
00000163   UCSCTL1_H
00000162   UCSCTL1_L
00000164   UCSCTL2
00000165   UCSCTL2_H
00000164   UCSCTL2_L
00000166   UCSCTL3
00000167   UCSCTL3_H
00000166   UCSCTL3_L
00000168   UCSCTL4
00000169   UCSCTL4_H
00000168   UCSCTL4_L
0000016a   UCSCTL5
0000016b   UCSCTL5_H
0000016a   UCSCTL5_L
0000016c   UCSCTL6
0000016d   UCSCTL6_H
0000016c   UCSCTL6_L
0000016e   UCSCTL7
0000016f   UCSCTL7_H
0000016e   UCSCTL7_L
00000170   UCSCTL8
00000171   UCSCTL8_H
00000170   UCSCTL8_L
0000015c   WDTCTL
0000015d   WDTCTL_H
0000015c   WDTCTL_L
0000da20   WriteSingleReg
00002084   _Errno
00001df4   _FDenorm
00001de4   _FEps
00001dc4   _FInf
00001dd4   _FNan
00001e14   _FRteps
00001e04   _FSnan
00001e24   _FXbig
0000e7ea   _FZero
00002078   _Fenv
0000e7e6   _Tls_setup__Fenv
00002bfc   __STACK_END
00000050   __STACK_SIZE
0000e2d2   __TI_ISR_TRAP
00000001   __TI_args_main
00000001   __TI_auto_init
0000203e   __TI_cleanup_ptr
00002042   __TI_dtors_ptr
00000001   __TI_exit
0000ffda   __TI_int45
0000ffdc   __TI_int46
0000ffde   __TI_int47
0000ffe0   __TI_int48
0000ffe2   __TI_int49
0000ffe4   __TI_int50
0000ffe6   __TI_int51
0000ffe8   __TI_int52
0000ffea   __TI_int53
0000ffec   __TI_int54
0000ffee   __TI_int55
0000fff0   __TI_int56
0000fff2   __TI_int57
0000fff4   __TI_int58
0000fff6   __TI_int59
0000fff8   __TI_int60
0000fffa   __TI_int61
0000fffc   __TI_int62
ffffffff   __binit__
00001c00   __bss__
ffffffff   __c_args__
0000e7ee   __cinit__
00001c00   __data__
0000deaa   __divi
0000d7f2   __divli
0000e1b6   __divu
0000d1ce   __divul
00001c00   __edata__
00002086   __end__
0000e2f4   __etext__
0000b30a   __fs_add
0000d4ac   __fs_cmp
0000c4ee   __fs_div
0000db74   __fs_itof
0000d4f6   __fs_ltof
0000c0ec   __fs_mpy
0000e290   __fs_neg
0000b304   __fs_sub
0000ce10   __fs_toi
0000c82c   __fs_tol
0000d6a0   __fs_tou
0000d460   __fs_toul
0000dd0c   __fs_ultof
0000e014   __fs_utof
0000e1cc   __mpyi_f5hw
0000e07c   __mpyl_f5hw
ffffffff   __pinit__
0000deaa   __remi
0000d7f2   __remli
0000e1b6   __remu
0000d1ce   __remul
00009e00   __text__
0000d540   _auto_init
0000df54   _c_int00
0000df54   _c_int00_noexit
00002036   _lock
0000e2f0   _nop
0000fffe   _reset_vector
00002bac   _stack
0000e2d8   _system_pre_init
0000203a   _unlock
0000e2dc   abort
0000207e   adc12_data_ready
0000207c   adc12_result
0000bf7a   add_day
00001f13   as_ok
0000c1a2   battery_measurement
ffffffff   binit
00001f8a   bmp_cal_param
00001fa0   bmp_param_b5
0000aaf0   bmp_ps_get_pa
0000ba86   bmp_ps_init
00001fb3   bmp_used
00002052   brrx_packet_end_cap_value
00001eb6   burst_end
00001eb3   burst_mode
00001eb8   burst_packet
00001eca   burst_packet_index
00001eb4   burst_start
00002008   button
0000206f   check
00001fb4   chronos_black
0000e7ee   cinit
0000d11e   clear_line
0000e132   close_radio
0000cda6   cma_ps_get_pa
0000d3c4   cma_ps_get_temp
0000cf44   cma_ps_init
00009e00   conv_pa_to_meter
0000de26   datalog_add_to_buffer
0000b66c   datalog_sm
0000c302   datalog_write_buffer
00001e28   display
0000dd6e   display_Casa
0000dc44   display_Esporte
0000da5a   display_Fora
0000dd9c   display_Lazer
0000c450   display_Smart
0000ddca   display_Sono
0000dc76   display_Trabalho
0000e14e   display_am_pm_symbol
0000cb7e   display_char
0000bd22   display_chars
0000e0bc   display_symbol
0000a93e   display_time
0000b87e   display_update
0000b1cc   do_altitude_measurement
0000bb6c   do_datalog
0000e2f2   dummy
00001c00   edata
00002086   end
0000e2f4   etext
0000d6e6   flash_erase_page
00001ecc   flash_ptr
0000de52   flash_write
00002046   fptr_Timer0_A3_function
00001faa   fptr_lcd_function_line1
00001fae   fptr_lcd_function_line2
0000e778   h0
0000e2e0   i2c_delay
0000e1e2   i2c_init
0000c57c   i2c_sda
0000d76e   i2c_write
0000d614   i2c_write_register
0000ade6   init_application
0000b982   init_global_variables
0000dfa6   init_pressure_table
0000bebc   int_to_array
0000e2f4   int_to_array_conversion_table
00001e7e   int_to_array_str
0000e27a   is_rf
0000e722   lcd_font
0000ccd0   main
0000206b   mask_status_selecionado
0000206e   mdisplay
0000e05a   memcmp
0000e21a   memcpy
0000e0da   memmove
0000e22c   memset
0000e614   menu_L1_Time
0000e65c   menu_L2_Casa
0000e66e   menu_L2_Esporte
0000e692   menu_L2_Fora
0000e638   menu_L2_Lazer
0000e680   menu_L2_Smart
0000e626   menu_L2_Sono
0000e64a   menu_L2_Trabalho
00001fa8   message
0000e513   method
0000e7de   mrfiBroadcastAddr
0000cb0a   mrfiRadioInterfaceCmdStrobe
0000d72a   mrfiRadioInterfaceReadReg
0000dca8   mrfiRadioInterfaceReadRxFifo
0000db3e   mrfiRadioInterfaceWriteReg
0000ddf8   nwk_QadjustOrder
0000ca94   nwk_QfindSlot
0000bc50   nwk_allocateLocalRxPort
0000c694   nwk_buildFrame
0000ca1c   nwk_getNextConnection
0000da94   nwk_isValidReply
0000e2e4   nwk_processFreq
0000e0f8   nwk_processJoin
0000bdf0   nwk_processLink
0000d65a   nwk_processMgmt
0000cede   nwk_processPing
0000e2e8   nwk_processSecurity
0000c926   nwk_sendAckReply
0000dd3e   nwk_sendFrame
00001ece   p
0000e79a   p0
ffffffff   pinit
0000e2ec   ps_i2c_delay
0000d322   ps_i2c_read
0000c608   ps_i2c_sda
0000d7b0   ps_i2c_write
0000dff0   ps_init
00001f12   ps_ok
0000cbf0   ps_read_register
0000d176   ps_write_register
00002074   ptrMenu_L1
00002076   ptrMenu_L2
0000dace   radio_ISR
0000e23e   radio_powerdown
0000dcda   radio_reset
0000c256   read_calibration_values
00001fa6   request
00002025   rfBSL_button_confirmation
00001fb2   rf_frequoffset
00002054   sAccel
00001fb6   sAlt
0000205a   sBatt
00001fea   sBlueRobin
0000200a   sButton
0000202e   sBuzzer
00001d3c   sDatalog
00002060   sDate
00001fb5   sInit_done
00001e86   sRFsmpl
00001fc6   sTime
0000204a   sTimer
0000e74e   segments_bitmask
00001e2a   segments_lcdmem
00001e8e   simpliciti_data
00001eae   simpliciti_ed_address
00001e8c   simpliciti_flag
00001eb2   simpliciti_reply_count
0000c9a2   start_altitude_measurement
0000206d   status_gravando
0000206c   status_selecionado_gravando
0000db06   stop_altitude_measurement
0000d9a6   stop_bluerobin
0000df7e   stop_buzzer
0000e24e   sx_date
0000e25e   sx_time
00001fa4   sys
0000d068   toggle_buzzer
0000a768   update_pressure_table
0000e2ae   update_time
0000b552   wakeup_event
0000d226   write_lcd_mem


GLOBAL SYMBOLS: SORTED BY Symbol Address 

address    name
--------   ----
00000001   __TI_args_main
00000001   __TI_auto_init
00000001   __TI_exit
00000050   __STACK_SIZE
00000100   SFRIE1
00000100   SFRIE1_L
00000101   SFRIE1_H
00000102   SFRIFG1
00000102   SFRIFG1_L
00000103   SFRIFG1_H
00000104   SFRRPCR
00000104   SFRRPCR_L
00000105   SFRRPCR_H
00000120   PMMCTL0
00000120   PMMCTL0_L
00000121   PMMCTL0_H
00000122   PMMCTL1
00000122   PMMCTL1_L
00000123   PMMCTL1_H
00000124   SVSMHCTL
00000124   SVSMHCTL_L
00000125   SVSMHCTL_H
00000126   SVSMLCTL
00000126   SVSMLCTL_L
00000127   SVSMLCTL_H
00000128   SVSMIO
00000128   SVSMIO_L
00000129   SVSMIO_H
0000012c   PMMIFG
0000012c   PMMIFG_L
0000012d   PMMIFG_H
0000012e   PMMRIE
0000012e   PMMRIE_L
0000012f   PMMRIE_H
00000140   FCTL1
00000140   FCTL1_L
00000141   FCTL1_H
00000144   FCTL3
00000144   FCTL3_L
00000145   FCTL3_H
00000146   FCTL4
00000146   FCTL4_L
00000147   FCTL4_H
00000150   CRCDI
00000150   CRCDI_L
00000151   CRCDI_H
00000152   CRCDIRB
00000152   CRCDIRB_L
00000153   CRCDIRB_H
00000154   CRCINIRES
00000154   CRCINIRES_L
00000155   CRCINIRES_H
00000156   CRCRESR
00000156   CRCRESR_L
00000157   CRCRESR_H
00000158   RCCTL0
00000158   RCCTL0_L
00000159   RCCTL0_H
0000015c   WDTCTL
0000015c   WDTCTL_L
0000015d   WDTCTL_H
00000160   UCSCTL0
00000160   UCSCTL0_L
00000161   UCSCTL0_H
00000162   UCSCTL1
00000162   UCSCTL1_L
00000163   UCSCTL1_H
00000164   UCSCTL2
00000164   UCSCTL2_L
00000165   UCSCTL2_H
00000166   UCSCTL3
00000166   UCSCTL3_L
00000167   UCSCTL3_H
00000168   UCSCTL4
00000168   UCSCTL4_L
00000169   UCSCTL4_H
0000016a   UCSCTL5
0000016a   UCSCTL5_L
0000016b   UCSCTL5_H
0000016c   UCSCTL6
0000016c   UCSCTL6_L
0000016d   UCSCTL6_H
0000016e   UCSCTL7
0000016e   UCSCTL7_L
0000016f   UCSCTL7_H
00000170   UCSCTL8
00000170   UCSCTL8_L
00000171   UCSCTL8_H
00000180   SYSCTL
00000180   SYSCTL_L
00000181   SYSCTL_H
00000182   SYSBSLC
00000182   SYSBSLC_L
00000183   SYSBSLC_H
00000186   SYSJMBC
00000186   SYSJMBC_L
00000187   SYSJMBC_H
00000188   SYSJMBI0
00000188   SYSJMBI0_L
00000189   SYSJMBI0_H
0000018a   SYSJMBI1
0000018a   SYSJMBI1_L
0000018b   SYSJMBI1_H
0000018c   SYSJMBO0
0000018c   SYSJMBO0_L
0000018d   SYSJMBO0_H
0000018e   SYSJMBO1
0000018e   SYSJMBO1_L
0000018f   SYSJMBO1_H
00000198   SYSBERRIV
00000198   SYSBERRIV_L
00000199   SYSBERRIV_H
0000019a   SYSUNIV
0000019a   SYSUNIV_L
0000019b   SYSUNIV_H
0000019c   SYSSNIV
0000019c   SYSSNIV_L
0000019d   SYSSNIV_H
0000019e   SYSRSTIV
0000019e   SYSRSTIV_L
0000019f   SYSRSTIV_H
000001b0   REFCTL0
000001b0   REFCTL0_L
000001b1   REFCTL0_H
000001c0   PMAPKEYID
000001c0   PMAPKEYID_L
000001c1   PMAPKEYID_H
000001c2   PMAPCTL
000001c2   PMAPCTL_L
000001c3   PMAPCTL_H
000001c8   P1MAP01
000001c8   P1MAP01_L
000001c9   P1MAP01_H
000001ca   P1MAP23
000001ca   P1MAP23_L
000001cb   P1MAP23_H
000001cc   P1MAP45
000001cc   P1MAP45_L
000001cd   P1MAP45_H
000001ce   P1MAP67
000001ce   P1MAP67_L
000001cf   P1MAP67_H
000001d0   P2MAP01
000001d0   P2MAP01_L
000001d1   P2MAP01_H
000001d2   P2MAP23
000001d2   P2MAP23_L
000001d3   P2MAP23_H
000001d4   P2MAP45
000001d4   P2MAP45_L
000001d5   P2MAP45_H
000001d6   P2MAP67
000001d6   P2MAP67_L
000001d7   P2MAP67_H
000001d8   P3MAP01
000001d8   P3MAP01_L
000001d9   P3MAP01_H
000001da   P3MAP23
000001da   P3MAP23_L
000001db   P3MAP23_H
000001dc   P3MAP45
000001dc   P3MAP45_L
000001dd   P3MAP45_H
000001de   P3MAP67
000001de   P3MAP67_L
000001df   P3MAP67_H
00000200   PAIN
00000200   PAIN_L
00000201   PAIN_H
00000202   PAOUT
00000202   PAOUT_L
00000203   PAOUT_H
00000204   PADIR
00000204   PADIR_L
00000205   PADIR_H
00000206   PAREN
00000206   PAREN_L
00000207   PAREN_H
00000208   PADS
00000208   PADS_L
00000209   PADS_H
0000020a   PASEL
0000020a   PASEL_L
0000020b   PASEL_H
0000020e   P1IV
00000218   PAIES
00000218   PAIES_L
00000219   PAIES_H
0000021a   PAIE
0000021a   PAIE_L
0000021b   PAIE_H
0000021c   PAIFG
0000021c   PAIFG_L
0000021d   PAIFG_H
0000021e   P2IV
00000220   PBIN
00000220   PBIN_L
00000221   PBIN_H
00000222   PBOUT
00000222   PBOUT_L
00000223   PBOUT_H
00000224   PBDIR
00000224   PBDIR_L
00000225   PBDIR_H
00000226   PBREN
00000226   PBREN_L
00000227   PBREN_H
00000228   PBDS
00000228   PBDS_L
00000229   PBDS_H
0000022a   PBSEL
0000022a   PBSEL_L
0000022b   PBSEL_H
00000240   PCIN
00000240   PCIN_L
00000241   PCIN_H
00000242   PCOUT
00000242   PCOUT_L
00000243   PCOUT_H
00000244   PCDIR
00000244   PCDIR_L
00000245   PCDIR_H
00000246   PCREN
00000246   PCREN_L
00000247   PCREN_H
00000248   PCDS
00000248   PCDS_L
00000249   PCDS_H
0000024a   PCSEL
0000024a   PCSEL_L
0000024b   PCSEL_H
00000320   PJIN
00000320   PJIN_L
00000321   PJIN_H
00000322   PJOUT
00000322   PJOUT_L
00000323   PJOUT_H
00000324   PJDIR
00000324   PJDIR_L
00000325   PJDIR_H
00000326   PJREN
00000326   PJREN_L
00000327   PJREN_H
00000328   PJDS
00000328   PJDS_L
00000329   PJDS_H
00000340   TA0CTL
00000342   TA0CCTL0
00000344   TA0CCTL1
00000346   TA0CCTL2
00000348   TA0CCTL3
0000034a   TA0CCTL4
00000350   TA0R
00000352   TA0CCR0
00000354   TA0CCR1
00000356   TA0CCR2
00000358   TA0CCR3
0000035a   TA0CCR4
00000360   TA0EX0
0000036e   TA0IV
00000380   TA1CTL
00000382   TA1CCTL0
00000384   TA1CCTL1
00000386   TA1CCTL2
00000390   TA1R
00000392   TA1CCR0
00000394   TA1CCR1
00000396   TA1CCR2
000003a0   TA1EX0
000003ae   TA1IV
000004a0   RTCCTL01
000004a0   RTCCTL01_L
000004a1   RTCCTL01_H
000004a2   RTCCTL23
000004a2   RTCCTL23_L
000004a3   RTCCTL23_H
000004a8   RTCPS0CTL
000004a8   RTCPS0CTL_L
000004a9   RTCPS0CTL_H
000004aa   RTCPS1CTL
000004aa   RTCPS1CTL_L
000004ab   RTCPS1CTL_H
000004ac   RTCPS
000004ac   RTCPS_L
000004ad   RTCPS_H
000004ae   RTCIV
000004b0   RTCTIM0
000004b0   RTCTIM0_L
000004b1   RTCTIM0_H
000004b2   RTCTIM1
000004b2   RTCTIM1_L
000004b3   RTCTIM1_H
000004b4   RTCDATE
000004b4   RTCDATE_L
000004b5   RTCDATE_H
000004b6   RTCYEAR
000004b6   RTCYEAR_L
000004b7   RTCYEAR_H
000004b8   RTCAMINHR
000004b8   RTCAMINHR_L
000004b9   RTCAMINHR_H
000004ba   RTCADOWDAY
000004ba   RTCADOWDAY_L
000004bb   RTCADOWDAY_H
000004c0   MPY
000004c0   MPY_L
000004c1   MPY_H
000004c2   MPYS
000004c2   MPYS_L
000004c3   MPYS_H
000004c4   MAC
000004c4   MAC_L
000004c5   MAC_H
000004c6   MACS
000004c6   MACS_L
000004c7   MACS_H
000004c8   OP2
000004c8   OP2_L
000004c9   OP2_H
000004ca   RESLO
000004ca   RESLO_L
000004cb   RESLO_H
000004cc   RESHI
000004cc   RESHI_L
000004cd   RESHI_H
000004ce   SUMEXT
000004ce   SUMEXT_L
000004cf   SUMEXT_H
000004d0   MPY32L
000004d0   MPY32L_L
000004d1   MPY32L_H
000004d2   MPY32H
000004d2   MPY32H_L
000004d3   MPY32H_H
000004d4   MPYS32L
000004d4   MPYS32L_L
000004d5   MPYS32L_H
000004d6   MPYS32H
000004d6   MPYS32H_L
000004d7   MPYS32H_H
000004d8   MAC32L
000004d8   MAC32L_L
000004d9   MAC32L_H
000004da   MAC32H
000004da   MAC32H_L
000004db   MAC32H_H
000004dc   MACS32L
000004dc   MACS32L_L
000004dd   MACS32L_H
000004de   MACS32H
000004de   MACS32H_L
000004df   MACS32H_H
000004e0   OP2L
000004e0   OP2L_L
000004e1   OP2L_H
000004e2   OP2H
000004e2   OP2H_L
000004e3   OP2H_H
000004e4   RES0
000004e4   RES0_L
000004e5   RES0_H
000004e6   RES1
000004e6   RES1_L
000004e7   RES1_H
000004e8   RES2
000004e8   RES2_L
000004e9   RES2_H
000004ea   RES3
000004ea   RES3_L
000004eb   RES3_H
000004ec   MPY32CTL0
000004ec   MPY32CTL0_L
000004ed   MPY32CTL0_H
00000500   DMACTL0
00000500   DMACTL0_L
00000501   DMACTL0_H
00000502   DMACTL1
00000502   DMACTL1_L
00000503   DMACTL1_H
00000504   DMACTL2
00000504   DMACTL2_L
00000505   DMACTL2_H
00000506   DMACTL3
00000506   DMACTL3_L
00000507   DMACTL3_H
00000508   DMACTL4
00000508   DMACTL4_L
00000509   DMACTL4_H
0000050e   DMAIV
0000050e   DMAIV_L
0000050f   DMAIV_H
00000510   DMA0CTL
00000510   DMA0CTL_L
00000511   DMA0CTL_H
00000512   DMA0SA
00000512   DMA0SAL
00000516   DMA0DA
00000516   DMA0DAL
0000051a   DMA0SZ
00000520   DMA1CTL
00000520   DMA1CTL_L
00000521   DMA1CTL_H
00000522   DMA1SA
00000522   DMA1SAL
00000526   DMA1DA
00000526   DMA1DAL
0000052a   DMA1SZ
00000530   DMA2CTL
00000530   DMA2CTL_L
00000531   DMA2CTL_H
00000532   DMA2SA
00000532   DMA2SAL
00000536   DMA2DA
00000536   DMA2DAL
0000053a   DMA2SZ
000005c0   UCA0CTLW0
000005c0   UCA0CTLW0_L
000005c1   UCA0CTLW0_H
000005c6   UCA0BRW
000005c6   UCA0BRW_L
000005c7   UCA0BRW_H
000005c8   UCA0MCTL
000005ca   UCA0STAT
000005cc   UCA0RXBUF
000005ce   UCA0TXBUF
000005d0   UCA0ABCTL
000005d2   UCA0IRCTL
000005d2   UCA0IRCTL_L
000005d3   UCA0IRCTL_H
000005dc   UCA0ICTL
000005dc   UCA0ICTL_L
000005dd   UCA0ICTL_H
000005de   UCA0IV
000005e0   UCB0CTLW0
000005e0   UCB0CTLW0_L
000005e1   UCB0CTLW0_H
000005e6   UCB0BRW
000005e6   UCB0BRW_L
000005e7   UCB0BRW_H
000005ea   UCB0STAT
000005ec   UCB0RXBUF
000005ee   UCB0TXBUF
000005f0   UCB0I2COA
000005f0   UCB0I2COA_L
000005f1   UCB0I2COA_H
000005f2   UCB0I2CSA
000005f2   UCB0I2CSA_L
000005f3   UCB0I2CSA_H
000005fc   UCB0ICTL
000005fc   UCB0ICTL_L
000005fd   UCB0ICTL_H
000005fe   UCB0IV
00000700   ADC12CTL0
00000700   ADC12CTL0_L
00000701   ADC12CTL0_H
00000702   ADC12CTL1
00000702   ADC12CTL1_L
00000703   ADC12CTL1_H
00000704   ADC12CTL2
00000704   ADC12CTL2_L
00000705   ADC12CTL2_H
0000070a   ADC12IFG
0000070a   ADC12IFG_L
0000070b   ADC12IFG_H
0000070c   ADC12IE
0000070c   ADC12IE_L
0000070d   ADC12IE_H
0000070e   ADC12IV
0000070e   ADC12IV_L
0000070f   ADC12IV_H
00000710   ADC12MCTL0
00000711   ADC12MCTL1
00000712   ADC12MCTL2
00000713   ADC12MCTL3
00000714   ADC12MCTL4
00000715   ADC12MCTL5
00000716   ADC12MCTL6
00000717   ADC12MCTL7
00000718   ADC12MCTL8
00000719   ADC12MCTL9
0000071a   ADC12MCTL10
0000071b   ADC12MCTL11
0000071c   ADC12MCTL12
0000071d   ADC12MCTL13
0000071e   ADC12MCTL14
0000071f   ADC12MCTL15
00000720   ADC12MEM0
00000720   ADC12MEM0_L
00000721   ADC12MEM0_H
00000722   ADC12MEM1
00000722   ADC12MEM1_L
00000723   ADC12MEM1_H
00000724   ADC12MEM2
00000724   ADC12MEM2_L
00000725   ADC12MEM2_H
00000726   ADC12MEM3
00000726   ADC12MEM3_L
00000727   ADC12MEM3_H
00000728   ADC12MEM4
00000728   ADC12MEM4_L
00000729   ADC12MEM4_H
0000072a   ADC12MEM5
0000072a   ADC12MEM5_L
0000072b   ADC12MEM5_H
0000072c   ADC12MEM6
0000072c   ADC12MEM6_L
0000072d   ADC12MEM6_H
0000072e   ADC12MEM7
0000072e   ADC12MEM7_L
0000072f   ADC12MEM7_H
00000730   ADC12MEM8
00000730   ADC12MEM8_L
00000731   ADC12MEM8_H
00000732   ADC12MEM9
00000732   ADC12MEM9_L
00000733   ADC12MEM9_H
00000734   ADC12MEM10
00000734   ADC12MEM10_L
00000735   ADC12MEM10_H
00000736   ADC12MEM11
00000736   ADC12MEM11_L
00000737   ADC12MEM11_H
00000738   ADC12MEM12
00000738   ADC12MEM12_L
00000739   ADC12MEM12_H
0000073a   ADC12MEM13
0000073a   ADC12MEM13_L
0000073b   ADC12MEM13_H
0000073c   ADC12MEM14
0000073c   ADC12MEM14_L
0000073d   ADC12MEM14_H
0000073e   ADC12MEM15
0000073e   ADC12MEM15_L
0000073f   ADC12MEM15_H
000008c0   CBCTL0
000008c0   CBCTL0_L
000008c1   CBCTL0_H
000008c2   CBCTL1
000008c2   CBCTL1_L
000008c3   CBCTL1_H
000008c4   CBCTL2
000008c4   CBCTL2_L
000008c5   CBCTL2_H
000008c6   CBCTL3
000008c6   CBCTL3_L
000008c7   CBCTL3_H
000008cc   CBINT
000008cc   CBINT_L
000008cd   CBINT_H
000008ce   CBIV
000009c0   AESACTL0
000009c0   AESACTL0_L
000009c1   AESACTL0_H
000009c4   AESASTAT
000009c4   AESASTAT_L
000009c5   AESASTAT_H
000009c6   AESAKEY
000009c6   AESAKEY_L
000009c7   AESAKEY_H
000009c8   AESADIN
000009c8   AESADIN_L
000009c9   AESADIN_H
000009ca   AESADOUT
000009ca   AESADOUT_L
000009cb   AESADOUT_H
00000a00   LCDBCTL0
00000a00   LCDBCTL0_L
00000a01   LCDBCTL0_H
00000a02   LCDBCTL1
00000a02   LCDBCTL1_L
00000a03   LCDBCTL1_H
00000a04   LCDBBLKCTL
00000a04   LCDBBLKCTL_L
00000a05   LCDBBLKCTL_H
00000a06   LCDBMEMCTL
00000a06   LCDBMEMCTL_L
00000a07   LCDBMEMCTL_H
00000a08   LCDBVCTL
00000a08   LCDBVCTL_L
00000a09   LCDBVCTL_H
00000a0a   LCDBPCTL0
00000a0a   LCDBPCTL0_L
00000a0b   LCDBPCTL0_H
00000a0c   LCDBPCTL1
00000a0c   LCDBPCTL1_L
00000a0d   LCDBPCTL1_H
00000a0e   LCDBPCTL2
00000a0e   LCDBPCTL2_L
00000a0f   LCDBPCTL2_H
00000a10   LCDBPCTL3
00000a10   LCDBPCTL3_L
00000a11   LCDBPCTL3_H
00000a12   LCDBCPCTL
00000a12   LCDBCPCTL_L
00000a13   LCDBCPCTL_H
00000a1e   LCDBIV
00000a20   LCDM1
00000a21   LCDM2
00000a22   LCDM3
00000a23   LCDM4
00000a24   LCDM5
00000a25   LCDM6
00000a26   LCDM7
00000a27   LCDM8
00000a28   LCDM9
00000a29   LCDM10
00000a2a   LCDM11
00000a2b   LCDM12
00000a2c   LCDM13
00000a2d   LCDM14
00000a2e   LCDM15
00000a2f   LCDM16
00000a30   LCDM17
00000a31   LCDM18
00000a32   LCDM19
00000a33   LCDM20
00000a34   LCDM21
00000a35   LCDM22
00000a36   LCDM23
00000a37   LCDM24
00000a40   LCDBM1
00000a41   LCDBM2
00000a42   LCDBM3
00000a43   LCDBM4
00000a44   LCDBM5
00000a45   LCDBM6
00000a46   LCDBM7
00000a47   LCDBM8
00000a48   LCDBM9
00000a49   LCDBM10
00000a4a   LCDBM11
00000a4b   LCDBM12
00000a4c   LCDBM13
00000a4d   LCDBM14
00000a4e   LCDBM15
00000a4f   LCDBM16
00000a50   LCDBM17
00000a51   LCDBM18
00000a52   LCDBM19
00000a53   LCDBM20
00000a54   LCDBM21
00000a55   LCDBM22
00000a56   LCDBM23
00000a57   LCDBM24
00000f00   RF1AIFCTL0
00000f00   RF1AIFCTL0_L
00000f01   RF1AIFCTL0_H
00000f02   RF1AIFCTL1
00000f02   RF1AIFCTL1_L
00000f03   RF1AIFCTL1_H
00000f04   RF1AIFCTL2
00000f04   RF1AIFCTL2_L
00000f05   RF1AIFCTL2_H
00000f06   RF1AIFERR
00000f06   RF1AIFERR_L
00000f07   RF1AIFERR_H
00000f0c   RF1AIFERRV
00000f0c   RF1AIFERRV_L
00000f0d   RF1AIFERRV_H
00000f0e   RF1AIFIV
00000f0e   RF1AIFIV_L
00000f0f   RF1AIFIV_H
00000f10   RF1AINSTRW
00000f10   RF1AINSTRW_L
00000f11   RF1AINSTRW_H
00000f12   RF1AINSTR1W
00000f12   RF1AINSTR1W_L
00000f13   RF1AINSTR1W_H
00000f14   RF1AINSTR2W
00000f14   RF1AINSTR2W_L
00000f15   RF1AINSTR2W_H
00000f16   RF1ADINW
00000f16   RF1ADINW_L
00000f17   RF1ADINW_H
00000f20   RF1ASTAT0W
00000f20   RF1ASTAT0W_L
00000f21   RF1ASTAT0W_H
00000f22   RF1ASTAT1W
00000f22   RF1ASTAT1W_L
00000f23   RF1ASTAT1W_H
00000f24   RF1ASTAT2W
00000f24   RF1ASTAT2W_L
00000f25   RF1ASTAT2W_H
00000f28   RF1ADOUT0W
00000f28   RF1ADOUT0W_L
00000f29   RF1ADOUT0W_H
00000f2a   RF1ADOUT1W
00000f2a   RF1ADOUT1W_L
00000f2b   RF1ADOUT1W_H
00000f2c   RF1ADOUT2W
00000f2c   RF1ADOUT2W_L
00000f2d   RF1ADOUT2W_H
00000f30   RF1AIN
00000f30   RF1AIN_L
00000f31   RF1AIN_H
00000f32   RF1AIFG
00000f32   RF1AIFG_L
00000f33   RF1AIFG_H
00000f34   RF1AIES
00000f34   RF1AIES_L
00000f35   RF1AIES_H
00000f36   RF1AIE
00000f36   RF1AIE_L
00000f37   RF1AIE_H
00000f38   RF1AIV
00000f38   RF1AIV_L
00000f39   RF1AIV_H
00000f3c   RF1ARXFIFO
00000f3c   RF1ARXFIFO_L
00000f3d   RF1ARXFIFO_H
00000f3e   RF1ATXFIFO
00000f3e   RF1ATXFIFO_L
00000f3f   RF1ATXFIFO_H
00001c00   .bss
00001c00   .data
00001c00   __bss__
00001c00   __data__
00001c00   __edata__
00001c00   edata
00001d3c   sDatalog
00001dc4   _FInf
00001dd4   _FNan
00001de4   _FEps
00001df4   _FDenorm
00001e04   _FSnan
00001e14   _FRteps
00001e24   _FXbig
00001e28   display
00001e2a   segments_lcdmem
00001e7e   int_to_array_str
00001e86   sRFsmpl
00001e8c   simpliciti_flag
00001e8e   simpliciti_data
00001eae   simpliciti_ed_address
00001eb2   simpliciti_reply_count
00001eb3   burst_mode
00001eb4   burst_start
00001eb6   burst_end
00001eb8   burst_packet
00001eca   burst_packet_index
00001ecc   flash_ptr
00001ece   p
00001f12   ps_ok
00001f13   as_ok
00001f6e   BRRX__TXCB_t
00001f8a   bmp_cal_param
00001fa0   bmp_param_b5
00001fa4   sys
00001fa6   request
00001fa8   message
00001faa   fptr_lcd_function_line1
00001fae   fptr_lcd_function_line2
00001fb2   rf_frequoffset
00001fb3   bmp_used
00001fb4   chronos_black
00001fb5   sInit_done
00001fb6   sAlt
00001fc6   sTime
00001fda   BRRX__PowerdownDelay_u8
00001fdb   BRRX__SignalLevelReduction
00001fdc   BRRX__MaxSearchTries_u8
00001fdd   BRRX__SearchRatio_u8
00001fde   BRRX__TestMode_u8
00001fe0   BRRX__PacketBits_t
00001fea   sBlueRobin
00002008   button
0000200a   sButton
00002025   rfBSL_button_confirmation
00002026   BRRX__NextEventTime_u16
00002028   BRRX__NextEndTime_u16
0000202a   BRRX__NextFrequency_u8
0000202b   BRRX__NextFrequencyOffset_s8
0000202c   BRRX__TimerState_t
0000202e   sBuzzer
00002036   _lock
0000203a   _unlock
0000203e   __TI_cleanup_ptr
00002042   __TI_dtors_ptr
00002046   fptr_Timer0_A3_function
0000204a   sTimer
00002052   brrx_packet_end_cap_value
00002054   sAccel
0000205a   sBatt
00002060   sDate
00002066   BRRX__StatusFlags_t
00002068   BRRX__CurrentPacketTime_u16
0000206a   BRRX__CurrentSignalLevel_u8
0000206b   mask_status_selecionado
0000206c   status_selecionado_gravando
0000206d   status_gravando
0000206e   mdisplay
0000206f   check
00002074   ptrMenu_L1
00002076   ptrMenu_L2
00002078   _Fenv
0000207c   adc12_result
0000207e   adc12_data_ready
00002084   _Errno
00002086   __end__
00002086   end
00002bac   _stack
00002bfc   __STACK_END
00009e00   .text
00009e00   __text__
00009e00   conv_pa_to_meter
0000a094   BRRX__Scheduler_v
0000a310   TIMER0_A0_ISR
0000a55a   PORT2_ISR
0000a768   update_pressure_table
0000a93e   display_time
0000aaf0   bmp_ps_get_pa
0000ade6   init_application
0000af46   MRFI_Transmit
0000b1cc   do_altitude_measurement
0000b304   __fs_sub
0000b30a   __fs_add
0000b552   wakeup_event
0000b66c   datalog_sm
0000b87e   display_update
0000b982   init_global_variables
0000ba86   bmp_ps_init
0000bb6c   do_datalog
0000bc50   nwk_allocateLocalRxPort
0000bd22   display_chars
0000bdf0   nwk_processLink
0000bebc   int_to_array
0000bf7a   add_day
0000c0ec   __fs_mpy
0000c1a2   battery_measurement
0000c256   read_calibration_values
0000c302   datalog_write_buffer
0000c3ac   Strobe
0000c450   display_Smart
0000c4ee   __fs_div
0000c57c   i2c_sda
0000c608   ps_i2c_sda
0000c694   nwk_buildFrame
0000c71e   SetVCore
0000c82c   __fs_tol
0000c926   nwk_sendAckReply
0000c9a2   start_altitude_measurement
0000ca1c   nwk_getNextConnection
0000ca94   nwk_QfindSlot
0000cb0a   mrfiRadioInterfaceCmdStrobe
0000cb7e   display_char
0000cbf0   ps_read_register
0000cc62   BRRX_RadioReceive_v
0000ccd0   main
0000cda6   cma_ps_get_pa
0000ce10   __fs_toi
0000ce78   TIMER0_A1_5_ISR
0000cede   nwk_processPing
0000cf44   cma_ps_init
0000cfa8   MRFI_RadioIsr
0000d00a   BRRX_PacketEndTimerTask_v
0000d068   toggle_buzzer
0000d11e   clear_line
0000d176   ps_write_register
0000d1ce   __divul
0000d1ce   __remul
0000d226   write_lcd_mem
0000d27e   BRRX__StartNewSearch_v
0000d322   ps_i2c_read
0000d374   Timer0_A4_Delay
0000d3c4   cma_ps_get_temp
0000d460   __fs_toul
0000d4ac   __fs_cmp
0000d4f6   __fs_ltof
0000d540   _auto_init
0000d588   BR__CalcRandomTimeOffset_u16
0000d5ce   ReadBurstReg
0000d614   i2c_write_register
0000d65a   nwk_processMgmt
0000d6a0   __fs_tou
0000d6e6   flash_erase_page
0000d72a   mrfiRadioInterfaceReadReg
0000d76e   i2c_write
0000d7b0   ps_i2c_write
0000d7f2   __divli
0000d7f2   __remli
0000d832   BRRX__DecodePacket_u8
0000d870   BRRX__NewInfo_v
0000d8ec   L_ASR_15
0000d8f0   L_ASR_14
0000d8f4   L_ASR_13
0000d8f8   L_ASR_12
0000d8fc   L_ASR_11
0000d900   L_ASR_10
0000d904   L_ASR_9
0000d908   L_ASR_8
0000d90c   L_ASR_7
0000d910   L_ASR_6
0000d914   L_ASR_5
0000d918   L_ASR_4
0000d91c   L_ASR_3
0000d920   L_ASR_2
0000d924   L_ASR_1
0000d92a   L_LSL_15
0000d92e   L_LSL_14
0000d932   L_LSL_13
0000d936   L_LSL_12
0000d93a   L_LSL_11
0000d93e   L_LSL_10
0000d942   L_LSL_9
0000d946   L_LSL_8
0000d94a   L_LSL_7
0000d94e   L_LSL_6
0000d952   L_LSL_5
0000d956   L_LSL_4
0000d95a   L_LSL_3
0000d95e   L_LSL_2
0000d962   L_LSL_1
0000d968   L_LSR_15
0000d96c   L_LSR_14
0000d970   L_LSR_13
0000d974   L_LSR_12
0000d978   L_LSR_11
0000d97c   L_LSR_10
0000d980   L_LSR_9
0000d984   L_LSR_8
0000d988   L_LSR_7
0000d98c   L_LSR_6
0000d990   L_LSR_5
0000d994   L_LSR_4
0000d998   L_LSR_3
0000d99c   L_LSR_2
0000d9a0   L_LSR_1
0000d9a6   stop_bluerobin
0000d9e4   BRRX_TimerTask_v
0000da20   WriteSingleReg
0000da5a   display_Fora
0000da94   nwk_isValidReply
0000dace   radio_ISR
0000db06   stop_altitude_measurement
0000db3e   mrfiRadioInterfaceWriteReg
0000db74   __fs_itof
0000dbaa   BR__CalcCRC_u8
0000dc12   BRRX_RadioStop_v
0000dc44   display_Esporte
0000dc76   display_Trabalho
0000dca8   mrfiRadioInterfaceReadRxFifo
0000dcda   radio_reset
0000dd0c   __fs_ultof
0000dd3e   nwk_sendFrame
0000dd6e   display_Casa
0000dd9c   display_Lazer
0000ddca   display_Sono
0000ddf8   nwk_QadjustOrder
0000de26   datalog_add_to_buffer
0000de52   flash_write
0000deaa   __divi
0000deaa   __remi
0000df2a   Timer0_A3_Start
0000df54   _c_int00
0000df54   _c_int00_noexit
0000df7e   stop_buzzer
0000dfa6   init_pressure_table
0000dfcc   BRRX_GetState_t
0000dff0   ps_init
0000e014   __fs_utof
0000e038   BSP_Delay
0000e05a   memcmp
0000e07c   __mpyl_f5hw
0000e0bc   display_symbol
0000e0da   memmove
0000e0f8   nwk_processJoin
0000e132   close_radio
0000e14e   display_am_pm_symbol
0000e184   ADC12ISR
0000e19e   ReadSingleReg
0000e1b6   __divu
0000e1b6   __remu
0000e1cc   __mpyi_f5hw
0000e1e2   i2c_init
0000e1f6   BR__CalcRandomChannel_u8
0000e208   BlueRobin_RadioISR_v
0000e21a   memcpy
0000e22c   memset
0000e23e   radio_powerdown
0000e24e   sx_date
0000e25e   sx_time
0000e26e   BRRX__GetCurrentTime_u16
0000e27a   is_rf
0000e286   BRRX__StopTimer_v
0000e290   __fs_neg
0000e29a   I_LSL
0000e2a4   I_LSR
0000e2ae   update_time
0000e2b8   BRRX_GetFS_Offset_s8
0000e2c0   BRRX_GetHeartRate_u8
0000e2c6   BRRX_Stop_v
0000e2cc   BRRX__CallTimer_v
0000e2d2   __TI_ISR_TRAP
0000e2d8   _system_pre_init
0000e2dc   C$$EXIT
0000e2dc   abort
0000e2e0   i2c_delay
0000e2e4   nwk_processFreq
0000e2e8   nwk_processSecurity
0000e2ec   ps_i2c_delay
0000e2f0   _nop
0000e2f2   dummy
0000e2f4   __etext__
0000e2f4   etext
0000e2f4   int_to_array_conversion_table
0000e513   method
0000e514   RandomValue_u8
0000e614   menu_L1_Time
0000e626   menu_L2_Sono
0000e638   menu_L2_Lazer
0000e64a   menu_L2_Trabalho
0000e65c   menu_L2_Casa
0000e66e   menu_L2_Esporte
0000e680   menu_L2_Smart
0000e692   menu_L2_Fora
0000e722   lcd_font
0000e74e   segments_bitmask
0000e778   h0
0000e79a   p0
0000e7de   mrfiBroadcastAddr
0000e7e2   BRRX__First_TXCB_t
0000e7e4   BRRX__Last_TXCB_t
0000e7e6   _Tls_setup__Fenv
0000e7ea   _FZero
0000e7ee   __cinit__
0000e7ee   cinit
0000ffda   __TI_int45
0000ffdc   __TI_int46
0000ffde   __TI_int47
0000ffe0   __TI_int48
0000ffe2   __TI_int49
0000ffe4   __TI_int50
0000ffe6   __TI_int51
0000ffe8   __TI_int52
0000ffea   __TI_int53
0000ffec   __TI_int54
0000ffee   __TI_int55
0000fff0   __TI_int56
0000fff2   __TI_int57
0000fff4   __TI_int58
0000fff6   __TI_int59
0000fff8   __TI_int60
0000fffa   __TI_int61
0000fffc   __TI_int62
0000fffe   _reset_vector
ffffffff   __binit__
ffffffff   __c_args__
ffffffff   __pinit__
ffffffff   binit
ffffffff   pinit

[1050 symbols]
